Archive member included to satisfy reference by file (symbol)

c:/ac6/systemworkbench/plugins/fr.ac6.mcu.externaltools.arm-none.win32_1.17.0.201812190825/tools/compiler/bin/../lib/gcc/arm-none-eabi/7.3.1/../../../../arm-none-eabi/lib/thumb/v7e-m/fpv4-sp/hard\libc.a(lib_a-errno.o)
                              src/syscalls.o (__errno)
c:/ac6/systemworkbench/plugins/fr.ac6.mcu.externaltools.arm-none.win32_1.17.0.201812190825/tools/compiler/bin/../lib/gcc/arm-none-eabi/7.3.1/../../../../arm-none-eabi/lib/thumb/v7e-m/fpv4-sp/hard\libc.a(lib_a-exit.o)
                              c:/ac6/systemworkbench/plugins/fr.ac6.mcu.externaltools.arm-none.win32_1.17.0.201812190825/tools/compiler/bin/../lib/gcc/arm-none-eabi/7.3.1/../../../../arm-none-eabi/lib/thumb/v7e-m/fpv4-sp/hard/crt0.o (exit)
c:/ac6/systemworkbench/plugins/fr.ac6.mcu.externaltools.arm-none.win32_1.17.0.201812190825/tools/compiler/bin/../lib/gcc/arm-none-eabi/7.3.1/../../../../arm-none-eabi/lib/thumb/v7e-m/fpv4-sp/hard\libc.a(lib_a-impure.o)
                              c:/ac6/systemworkbench/plugins/fr.ac6.mcu.externaltools.arm-none.win32_1.17.0.201812190825/tools/compiler/bin/../lib/gcc/arm-none-eabi/7.3.1/../../../../arm-none-eabi/lib/thumb/v7e-m/fpv4-sp/hard\libc.a(lib_a-exit.o) (_global_impure_ptr)
c:/ac6/systemworkbench/plugins/fr.ac6.mcu.externaltools.arm-none.win32_1.17.0.201812190825/tools/compiler/bin/../lib/gcc/arm-none-eabi/7.3.1/../../../../arm-none-eabi/lib/thumb/v7e-m/fpv4-sp/hard\libc.a(lib_a-init.o)
                              c:/ac6/systemworkbench/plugins/fr.ac6.mcu.externaltools.arm-none.win32_1.17.0.201812190825/tools/compiler/bin/../lib/gcc/arm-none-eabi/7.3.1/../../../../arm-none-eabi/lib/thumb/v7e-m/fpv4-sp/hard/crt0.o (__libc_init_array)
c:/ac6/systemworkbench/plugins/fr.ac6.mcu.externaltools.arm-none.win32_1.17.0.201812190825/tools/compiler/bin/../lib/gcc/arm-none-eabi/7.3.1/../../../../arm-none-eabi/lib/thumb/v7e-m/fpv4-sp/hard\libc.a(lib_a-memset.o)
                              c:/ac6/systemworkbench/plugins/fr.ac6.mcu.externaltools.arm-none.win32_1.17.0.201812190825/tools/compiler/bin/../lib/gcc/arm-none-eabi/7.3.1/../../../../arm-none-eabi/lib/thumb/v7e-m/fpv4-sp/hard/crt0.o (memset)
c:/ac6/systemworkbench/plugins/fr.ac6.mcu.externaltools.arm-none.win32_1.17.0.201812190825/tools/compiler/bin/../lib/gcc/arm-none-eabi/7.3.1/../../../../arm-none-eabi/lib/thumb/v7e-m/fpv4-sp/hard\libc.a(lib_a-__call_atexit.o)
                              c:/ac6/systemworkbench/plugins/fr.ac6.mcu.externaltools.arm-none.win32_1.17.0.201812190825/tools/compiler/bin/../lib/gcc/arm-none-eabi/7.3.1/../../../../arm-none-eabi/lib/thumb/v7e-m/fpv4-sp/hard\libc.a(lib_a-exit.o) (__call_exitprocs)
c:/ac6/systemworkbench/plugins/fr.ac6.mcu.externaltools.arm-none.win32_1.17.0.201812190825/tools/compiler/bin/../lib/gcc/arm-none-eabi/7.3.1/../../../../arm-none-eabi/lib/thumb/v7e-m/fpv4-sp/hard\libc.a(lib_a-atexit.o)
                              c:/ac6/systemworkbench/plugins/fr.ac6.mcu.externaltools.arm-none.win32_1.17.0.201812190825/tools/compiler/bin/../lib/gcc/arm-none-eabi/7.3.1/../../../../arm-none-eabi/lib/thumb/v7e-m/fpv4-sp/hard\libc.a(lib_a-__call_atexit.o) (atexit)
c:/ac6/systemworkbench/plugins/fr.ac6.mcu.externaltools.arm-none.win32_1.17.0.201812190825/tools/compiler/bin/../lib/gcc/arm-none-eabi/7.3.1/../../../../arm-none-eabi/lib/thumb/v7e-m/fpv4-sp/hard\libc.a(lib_a-fini.o)
                              c:/ac6/systemworkbench/plugins/fr.ac6.mcu.externaltools.arm-none.win32_1.17.0.201812190825/tools/compiler/bin/../lib/gcc/arm-none-eabi/7.3.1/../../../../arm-none-eabi/lib/thumb/v7e-m/fpv4-sp/hard\libc.a(lib_a-__call_atexit.o) (__libc_fini_array)
c:/ac6/systemworkbench/plugins/fr.ac6.mcu.externaltools.arm-none.win32_1.17.0.201812190825/tools/compiler/bin/../lib/gcc/arm-none-eabi/7.3.1/../../../../arm-none-eabi/lib/thumb/v7e-m/fpv4-sp/hard\libc.a(lib_a-lock.o)
                              c:/ac6/systemworkbench/plugins/fr.ac6.mcu.externaltools.arm-none.win32_1.17.0.201812190825/tools/compiler/bin/../lib/gcc/arm-none-eabi/7.3.1/../../../../arm-none-eabi/lib/thumb/v7e-m/fpv4-sp/hard\libc.a(lib_a-__call_atexit.o) (__retarget_lock_acquire_recursive)
c:/ac6/systemworkbench/plugins/fr.ac6.mcu.externaltools.arm-none.win32_1.17.0.201812190825/tools/compiler/bin/../lib/gcc/arm-none-eabi/7.3.1/../../../../arm-none-eabi/lib/thumb/v7e-m/fpv4-sp/hard\libc.a(lib_a-__atexit.o)
                              c:/ac6/systemworkbench/plugins/fr.ac6.mcu.externaltools.arm-none.win32_1.17.0.201812190825/tools/compiler/bin/../lib/gcc/arm-none-eabi/7.3.1/../../../../arm-none-eabi/lib/thumb/v7e-m/fpv4-sp/hard\libc.a(lib_a-atexit.o) (__register_exitproc)

Allocating common symbols
Common symbol       size              file

__lock___atexit_recursive_mutex
[...]
Memory Configuration

Name             Origin             Length             Attributes
RAM              0x20000000         0x00030000         xrw
ROM              0x08000000         0x00200000         xr
*default*        0x00000000         0xffffffff

Linker script and memory map

LOAD c:/ac6/systemworkbench/plugins/fr.ac6.mcu.externaltools.arm-none.win32_1.17.0.201812190825/tools/compiler/bin/../lib/gcc/arm-none-eabi/7.3.1/thumb/v7e-m/fpv4-sp/hard/crti.o
LOAD c:/ac6/systemworkbench/plugins/fr.ac6.mcu.externaltools.arm-none.win32_1.17.0.201812190825/tools/compiler/bin/../lib/gcc/arm-none-eabi/7.3.1/thumb/v7e-m/fpv4-sp/hard/crtbegin.o
LOAD c:/ac6/systemworkbench/plugins/fr.ac6.mcu.externaltools.arm-none.win32_1.17.0.201812190825/tools/compiler/bin/../lib/gcc/arm-none-eabi/7.3.1/../../../../arm-none-eabi/lib/thumb/v7e-m/fpv4-sp/hard/crt0.o
LOAD StdPeriph_Driver/src/misc.o
LOAD StdPeriph_Driver/src/stm32f4xx_adc.o
LOAD StdPeriph_Driver/src/stm32f4xx_can.o
LOAD StdPeriph_Driver/src/stm32f4xx_cec.o
LOAD StdPeriph_Driver/src/stm32f4xx_crc.o
LOAD StdPeriph_Driver/src/stm32f4xx_cryp.o
LOAD StdPeriph_Driver/src/stm32f4xx_cryp_aes.o
LOAD StdPeriph_Driver/src/stm32f4xx_cryp_des.o
LOAD StdPeriph_Driver/src/stm32f4xx_cryp_tdes.o
LOAD StdPeriph_Driver/src/stm32f4xx_dac.o
LOAD StdPeriph_Driver/src/stm32f4xx_dbgmcu.o
LOAD StdPeriph_Driver/src/stm32f4xx_dcmi.o
LOAD StdPeriph_Driver/src/stm32f4xx_dfsdm.o
LOAD StdPeriph_Driver/src/stm32f4xx_dma.o
LOAD StdPeriph_Driver/src/stm32f4xx_dma2d.o
LOAD StdPeriph_Driver/src/stm32f4xx_dsi.o
LOAD StdPeriph_Driver/src/stm32f4xx_exti.o
LOAD StdPeriph_Driver/src/stm32f4xx_flash.o
LOAD StdPeriph_Driver/src/stm32f4xx_flash_ramfunc.o
LOAD StdPeriph_Driver/src/stm32f4xx_fmc.o
LOAD StdPeriph_Driver/src/stm32f4xx_fmip2c.o
LOAD StdPeriph_Driver/src/stm32f4xx_fsmc.o
LOAD StdPeriph_Driver/src/stm32f4xx_gpio.o
LOAD StdPeriph_Driver/src/stm32f4xx_hash.o
LOAD StdPeriph_Driver/src/stm32f4xx_hash_md5.o
LOAD StdPeriph_Driver/src/stm32f4xx_hash_sha1.o
LOAD StdPeriph_Driver/src/stm32f4xx_i2c.o
LOAD StdPeriph_Driver/src/stm32f4xx_iwdg.o
LOAD StdPeriph_Driver/src/stm32f4xx_lptim.o
LOAD StdPeriph_Driver/src/stm32f4xx_ltdc.o
LOAD StdPeriph_Driver/src/stm32f4xx_pwr.o
LOAD StdPeriph_Driver/src/stm32f4xx_qspi.o
LOAD StdPeriph_Driver/src/stm32f4xx_rcc.o
LOAD StdPeriph_Driver/src/stm32f4xx_rng.o
LOAD StdPeriph_Driver/src/stm32f4xx_rtc.o
LOAD StdPeriph_Driver/src/stm32f4xx_sai.o
LOAD StdPeriph_Driver/src/stm32f4xx_sdio.o
LOAD StdPeriph_Driver/src/stm32f4xx_spdifrx.o
LOAD StdPeriph_Driver/src/stm32f4xx_spi.o
LOAD StdPeriph_Driver/src/stm32f4xx_syscfg.o
LOAD StdPeriph_Driver/src/stm32f4xx_tim.o
LOAD StdPeriph_Driver/src/stm32f4xx_usart.o
LOAD StdPeriph_Driver/src/stm32f4xx_wwdg.o
LOAD src/clock.o
LOAD src/delay.o
LOAD src/mainF3.o
LOAD src/stm32f429i_discovery_lcd.o
LOAD src/syscalls.o
LOAD src/system_stm32f4xx.o
LOAD src/tm_stm32f4_disco.o
LOAD src/tm_stm32f4_gpio.o
LOAD startup/startup_stm32.o
LOAD c:/ac6/systemworkbench/plugins/fr.ac6.mcu.externaltools.arm-none.win32_1.17.0.201812190825/tools/compiler/bin/../lib/gcc/arm-none-eabi/7.3.1/../../../../arm-none-eabi/lib/thumb/v7e-m/fpv4-sp/hard\libm.a
START GROUP
LOAD c:/ac6/systemworkbench/plugins/fr.ac6.mcu.externaltools.arm-none.win32_1.17.0.201812190825/tools/compiler/bin/../lib/gcc/arm-none-eabi/7.3.1/thumb/v7e-m/fpv4-sp/hard\libgcc.a
LOAD c:/ac6/systemworkbench/plugins/fr.ac6.mcu.externaltools.arm-none.win32_1.17.0.201812190825/tools/compiler/bin/../lib/gcc/arm-none-eabi/7.3.1/../../../../arm-none-eabi/lib/thumb/v7e-m/fpv4-sp/hard\libc.a
END GROUP
LOAD c:/ac6/systemworkbench/plugins/fr.ac6.mcu.externaltools.arm-none.win32_1.17.0.201812190825/tools/compiler/bin/../lib/gcc/arm-none-eabi/7.3.1/thumb/v7e-m/fpv4-sp/hard/crtend.o
LOAD c:/ac6/systemworkbench/plugins/fr.ac6.mcu.externaltools.arm-none.win32_1.17.0.201812190825/tools/compiler/bin/../lib/gcc/arm-none-eabi/7.3.1/thumb/v7e-m/fpv4-sp/hard/crtn.o
                0x20030000                _estack = 0x20030000
                0x00000000                _Min_Heap_Size = 0x0
                0x00000400                _Min_Stack_Size = 0x400

.isr_vector     0x08000000      0x1ac
                0x08000000                . = ALIGN (0x4)
 *(.isr_vector)
 .isr_vector    0x08000000      0x1ac startup/startup_stm32.o
                0x08000000                g_pfnVectors
                0x080001ac                . = ALIGN (0x4)

.text           0x080001ac     0x2fbc
                0x080001ac                . = ALIGN (0x4)
 *(.text)
 .text          0x080001ac       0x40 c:/ac6/systemworkbench/plugins/fr.ac6.mcu.externaltools.arm-none.win32_1.17.0.201812190825/tools/compiler/bin/../lib/gcc/arm-none-eabi/7.3.1/thumb/v7e-m/fpv4-sp/hard/crtbegin.o
 *(.text*)
 .text.NVIC_Init
                0x080001ec       0xc4 StdPeriph_Driver/src/misc.o
                0x080001ec                NVIC_Init
 .text.ADC_Init
                0x080002b0       0xac StdPeriph_Driver/src/stm32f4xx_adc.o
                0x080002b0                ADC_Init
 .text.ADC_CommonInit
                0x0800035c       0x50 StdPeriph_Driver/src/stm32f4xx_adc.o
                0x0800035c                ADC_CommonInit
 .text.ADC_Cmd  0x080003ac       0x38 StdPeriph_Driver/src/stm32f4xx_adc.o
                0x080003ac                ADC_Cmd
 .text.ADC_RegularChannelConfig
                0x080003e4      0x194 StdPeriph_Driver/src/stm32f4xx_adc.o
                0x080003e4                ADC_RegularChannelConfig
 .text.ADC_SoftwareStartConv
                0x08000578       0x20 StdPeriph_Driver/src/stm32f4xx_adc.o
                0x08000578                ADC_SoftwareStartConv
 .text.ADC_DMACmd
                0x08000598       0x38 StdPeriph_Driver/src/stm32f4xx_adc.o
                0x08000598                ADC_DMACmd
 .text.ADC_DMARequestAfterLastTransferCmd
                0x080005d0       0x38 StdPeriph_Driver/src/stm32f4xx_adc.o
                0x080005d0                ADC_DMARequestAfterLastTransferCmd
 .text.DMA_DeInit
                0x08000608      0x1a8 StdPeriph_Driver/src/stm32f4xx_dma.o
                0x08000608                DMA_DeInit
 .text.DMA_Init
                0x080007b0       0xb0 StdPeriph_Driver/src/stm32f4xx_dma.o
                0x080007b0                DMA_Init
 .text.DMA_Cmd  0x08000860       0x38 StdPeriph_Driver/src/stm32f4xx_dma.o
                0x08000860                DMA_Cmd
 .text.DMA_ITConfig
                0x08000898       0x74 StdPeriph_Driver/src/stm32f4xx_dma.o
                0x08000898                DMA_ITConfig
 .text.DMA2D_DeInit
                0x0800090c       0x1c StdPeriph_Driver/src/stm32f4xx_dma2d.o
                0x0800090c                DMA2D_DeInit
 .text.DMA2D_Init
                0x08000928      0x160 StdPeriph_Driver/src/stm32f4xx_dma2d.o
                0x08000928                DMA2D_Init
 .text.DMA2D_StartTransfer
                0x08000a88       0x20 StdPeriph_Driver/src/stm32f4xx_dma2d.o
                0x08000a88                DMA2D_StartTransfer
 .text.DMA2D_GetFlagStatus
                0x08000aa8       0x34 StdPeriph_Driver/src/stm32f4xx_dma2d.o
                0x08000aa8                DMA2D_GetFlagStatus
 .text.FMC_SDRAMInit
                0x08000adc      0x1d4 StdPeriph_Driver/src/stm32f4xx_fmc.o
                0x08000adc                FMC_SDRAMInit
 .text.FMC_SDRAMCmdConfig
                0x08000cb0       0x40 StdPeriph_Driver/src/stm32f4xx_fmc.o
                0x08000cb0                FMC_SDRAMCmdConfig
 .text.FMC_SetRefreshCount
                0x08000cf0       0x28 StdPeriph_Driver/src/stm32f4xx_fmc.o
                0x08000cf0                FMC_SetRefreshCount
 .text.FMC_SDRAMWriteProtectionConfig
                0x08000d18       0x50 StdPeriph_Driver/src/stm32f4xx_fmc.o
                0x08000d18                FMC_SDRAMWriteProtectionConfig
 .text.FMC_GetFlagStatus
                0x08000d68       0x7c StdPeriph_Driver/src/stm32f4xx_fmc.o
                0x08000d68                FMC_GetFlagStatus
 .text.GPIO_Init
                0x08000de4      0x11c StdPeriph_Driver/src/stm32f4xx_gpio.o
                0x08000de4                GPIO_Init
 .text.GPIO_ReadInputDataBit
                0x08000f00       0x34 StdPeriph_Driver/src/stm32f4xx_gpio.o
                0x08000f00                GPIO_ReadInputDataBit
 .text.GPIO_SetBits
                0x08000f34       0x1e StdPeriph_Driver/src/stm32f4xx_gpio.o
                0x08000f34                GPIO_SetBits
 .text.GPIO_ResetBits
                0x08000f52       0x1e StdPeriph_Driver/src/stm32f4xx_gpio.o
                0x08000f52                GPIO_ResetBits
 .text.GPIO_WriteBit
                0x08000f70       0x30 StdPeriph_Driver/src/stm32f4xx_gpio.o
                0x08000f70                GPIO_WriteBit
 .text.GPIO_ToggleBits
                0x08000fa0       0x24 StdPeriph_Driver/src/stm32f4xx_gpio.o
                0x08000fa0                GPIO_ToggleBits
 .text.GPIO_PinAFConfig
                0x08000fc4       0x92 StdPeriph_Driver/src/stm32f4xx_gpio.o
                0x08000fc4                GPIO_PinAFConfig
 *fill*         0x08001056        0x2 
 .text.LTDC_Init
                0x08001058      0x130 StdPeriph_Driver/src/stm32f4xx_ltdc.o
                0x08001058                LTDC_Init
 .text.LTDC_Cmd
                0x08001188       0x3c StdPeriph_Driver/src/stm32f4xx_ltdc.o
                0x08001188                LTDC_Cmd
 .text.LTDC_DitherCmd
                0x080011c4       0x3c StdPeriph_Driver/src/stm32f4xx_ltdc.o
                0x080011c4                LTDC_DitherCmd
 .text.LTDC_ReloadConfig
                0x08001200       0x20 StdPeriph_Driver/src/stm32f4xx_ltdc.o
                0x08001200                LTDC_ReloadConfig
 .text.LTDC_LayerInit
                0x08001220      0x134 StdPeriph_Driver/src/stm32f4xx_ltdc.o
                0x08001220                LTDC_LayerInit
 .text.LTDC_LayerCmd
                0x08001354       0x38 StdPeriph_Driver/src/stm32f4xx_ltdc.o
                0x08001354                LTDC_LayerCmd
 .text.RCC_PLLSAIConfig
                0x0800138c       0x34 StdPeriph_Driver/src/stm32f4xx_rcc.o
                0x0800138c                RCC_PLLSAIConfig
 .text.RCC_PLLSAICmd
                0x080013c0       0x20 StdPeriph_Driver/src/stm32f4xx_rcc.o
                0x080013c0                RCC_PLLSAICmd
 .text.RCC_LTDCCLKDivConfig
                0x080013e0       0x3c StdPeriph_Driver/src/stm32f4xx_rcc.o
                0x080013e0                RCC_LTDCCLKDivConfig
 .text.RCC_AHB1PeriphClockCmd
                0x0800141c       0x40 StdPeriph_Driver/src/stm32f4xx_rcc.o
                0x0800141c                RCC_AHB1PeriphClockCmd
 .text.RCC_AHB3PeriphClockCmd
                0x0800145c       0x40 StdPeriph_Driver/src/stm32f4xx_rcc.o
                0x0800145c                RCC_AHB3PeriphClockCmd
 .text.RCC_APB1PeriphClockCmd
                0x0800149c       0x40 StdPeriph_Driver/src/stm32f4xx_rcc.o
                0x0800149c                RCC_APB1PeriphClockCmd
 .text.RCC_APB2PeriphClockCmd
                0x080014dc       0x40 StdPeriph_Driver/src/stm32f4xx_rcc.o
                0x080014dc                RCC_APB2PeriphClockCmd
 .text.RCC_AHB1PeriphResetCmd
                0x0800151c       0x40 StdPeriph_Driver/src/stm32f4xx_rcc.o
                0x0800151c                RCC_AHB1PeriphResetCmd
 .text.RCC_APB1PeriphResetCmd
                0x0800155c       0x40 StdPeriph_Driver/src/stm32f4xx_rcc.o
                0x0800155c                RCC_APB1PeriphResetCmd
 .text.RCC_APB2PeriphResetCmd
                0x0800159c       0x40 StdPeriph_Driver/src/stm32f4xx_rcc.o
                0x0800159c                RCC_APB2PeriphResetCmd
 .text.RCC_GetFlagStatus
                0x080015dc       0x74 StdPeriph_Driver/src/stm32f4xx_rcc.o
                0x080015dc                RCC_GetFlagStatus
 .text.SPI_I2S_DeInit
                0x08001650       0xdc StdPeriph_Driver/src/stm32f4xx_spi.o
                0x08001650                SPI_I2S_DeInit
 .text.SPI_Init
                0x0800172c       0x88 StdPeriph_Driver/src/stm32f4xx_spi.o
                0x0800172c                SPI_Init
 .text.SPI_Cmd  0x080017b4       0x40 StdPeriph_Driver/src/stm32f4xx_spi.o
                0x080017b4                SPI_Cmd
 .text.SPI_I2S_SendData
                0x080017f4       0x1e StdPeriph_Driver/src/stm32f4xx_spi.o
                0x080017f4                SPI_I2S_SendData
 .text.SPI_I2S_GetFlagStatus
                0x08001812       0x38 StdPeriph_Driver/src/stm32f4xx_spi.o
                0x08001812                SPI_I2S_GetFlagStatus
 *fill*         0x0800184a        0x2 
 .text.TIM_TimeBaseInit
                0x0800184c       0xd8 StdPeriph_Driver/src/stm32f4xx_tim.o
                0x0800184c                TIM_TimeBaseInit
 .text.TIM_GetCounter
                0x08001924       0x18 StdPeriph_Driver/src/stm32f4xx_tim.o
                0x08001924                TIM_GetCounter
 .text.TIM_Cmd  0x0800193c       0x40 StdPeriph_Driver/src/stm32f4xx_tim.o
                0x0800193c                TIM_Cmd
 .text.TIM_ITConfig
                0x0800197c       0x48 StdPeriph_Driver/src/stm32f4xx_tim.o
                0x0800197c                TIM_ITConfig
 .text.TIM_GetITStatus
                0x080019c4       0x54 StdPeriph_Driver/src/stm32f4xx_tim.o
                0x080019c4                TIM_GetITStatus
 .text.TIM_ClearITPendingBit
                0x08001a18       0x22 StdPeriph_Driver/src/stm32f4xx_tim.o
                0x08001a18                TIM_ClearITPendingBit
 *fill*         0x08001a3a        0x2 
 .text.SysTick_Handler
                0x08001a3c       0x24 src/delay.o
                0x08001a3c                SysTick_Handler
 .text.SDRAM_GPIOConfig
                0x08001a60      0x218 src/mainF3.o
                0x08001a60                SDRAM_GPIOConfig
 .text.delay    0x08001c78       0x34 src/mainF3.o
 .text.SDRAM_InitSequence
                0x08001cac       0xee src/mainF3.o
                0x08001cac                SDRAM_InitSequence
 .text.SDRAM_Init
                0x08001d9a       0x76 src/mainF3.o
                0x08001d9a                SDRAM_Init
 .text.SetPixel
                0x08001e10       0x88 src/mainF3.o
                0x08001e10                SetPixel
 .text.pintaMarc
                0x08001e98        0xe src/mainF3.o
                0x08001e98                pintaMarc
 .text.pintaEixos
                0x08001ea6        0xe src/mainF3.o
                0x08001ea6                pintaEixos
 .text.pintaPantalla
                0x08001eb4       0x4a src/mainF3.o
                0x08001eb4                pintaPantalla
 *fill*         0x08001efe        0x2 
 .text.startMemoryToMemoryTransfer
                0x08001f00       0xf4 src/mainF3.o
                0x08001f00                startMemoryToMemoryTransfer
 .text.ADC3_CH7_DMA_Config
                0x08001ff4      0x118 src/mainF3.o
                0x08001ff4                ADC3_CH7_DMA_Config
 .text.BUTTON_Configure
                0x0800210c       0x38 src/mainF3.o
                0x0800210c                BUTTON_Configure
 .text.TIM2_Init
                0x08002144       0x3e src/mainF3.o
                0x08002144                TIM2_Init
 .text.reconfigTimer2
                0x08002182       0x56 src/mainF3.o
                0x08002182                reconfigTimer2
 .text.GPIO_Configure
                0x080021d8       0x64 src/mainF3.o
                0x080021d8                GPIO_Configure
 .text.LEDToggle
                0x0800223c       0x3c src/mainF3.o
                0x0800223c                LEDToggle
 .text.main     0x08002278      0x124 src/mainF3.o
                0x08002278                main
 .text.TIM2_IRQHandler
                0x0800239c       0xe4 src/mainF3.o
                0x0800239c                TIM2_IRQHandler
 .text.LCD_Init
                0x08002480       0xb4 src/stm32f429i_discovery_lcd.o
                0x08002480                LCD_Init
 .text.LCD_LayerInit
                0x08002534       0xb8 src/stm32f429i_discovery_lcd.o
                0x08002534                LCD_LayerInit
 .text.LCD_ChipSelect
                0x080025ec       0x30 src/stm32f429i_discovery_lcd.o
                0x080025ec                LCD_ChipSelect
 .text.LCD_SetLayer
                0x0800261c       0x44 src/stm32f429i_discovery_lcd.o
                0x0800261c                LCD_SetLayer
 .text.LCD_SetTextColor
                0x08002660       0x20 src/stm32f429i_discovery_lcd.o
                0x08002660                LCD_SetTextColor
 .text.LCD_SetFont
                0x08002680       0x20 src/stm32f429i_discovery_lcd.o
                0x08002680                LCD_SetFont
 .text.LCD_Clear
                0x080026a0       0x44 src/stm32f429i_discovery_lcd.o
                0x080026a0                LCD_Clear
 .text.LCD_DrawLine
                0x080026e4       0xd8 src/stm32f429i_discovery_lcd.o
                0x080026e4                LCD_DrawLine
 .text.LCD_WriteCommand
                0x080027bc       0x60 src/stm32f429i_discovery_lcd.o
                0x080027bc                LCD_WriteCommand
 .text.LCD_WriteData
                0x0800281c       0x60 src/stm32f429i_discovery_lcd.o
                0x0800281c                LCD_WriteData
 .text.LCD_PowerOn
                0x0800287c      0x290 src/stm32f429i_discovery_lcd.o
                0x0800287c                LCD_PowerOn
 .text.LCD_CtrlLinesConfig
                0x08002b0c       0x58 src/stm32f429i_discovery_lcd.o
                0x08002b0c                LCD_CtrlLinesConfig
 .text.LCD_CtrlLinesWrite
                0x08002b64       0x24 src/stm32f429i_discovery_lcd.o
                0x08002b64                LCD_CtrlLinesWrite
 .text.LCD_SPIConfig
                0x08002b88       0xd4 src/stm32f429i_discovery_lcd.o
                0x08002b88                LCD_SPIConfig
 .text.LCD_AF_GPIOConfig
                0x08002c5c      0x178 src/stm32f429i_discovery_lcd.o
 .text.delay    0x08002dd4       0x2a src/stm32f429i_discovery_lcd.o
 *fill*         0x08002dfe        0x2 
 .text.SystemInit
                0x08002e00       0x6c src/system_stm32f4xx.o
                0x08002e00                SystemInit
 .text.SetSysClock
                0x08002e6c      0x12c src/system_stm32f4xx.o
 .text.Reset_Handler
                0x08002f98       0x50 startup/startup_stm32.o
                0x08002f98                Reset_Handler
 .text.Default_Handler
                0x08002fe8        0x2 startup/startup_stm32.o
                0x08002fe8                RTC_Alarm_IRQHandler
                0x08002fe8                HASH_RNG_IRQHandler
                0x08002fe8                EXTI2_IRQHandler
                0x08002fe8                TIM8_CC_IRQHandler
                0x08002fe8                DebugMon_Handler
                0x08002fe8                UART8_IRQHandler
                0x08002fe8                SPI4_IRQHandler
                0x08002fe8                TIM1_CC_IRQHandler
                0x08002fe8                DMA2_Stream5_IRQHandler
                0x08002fe8                HardFault_Handler
                0x08002fe8                DMA1_Stream5_IRQHandler
                0x08002fe8                PVD_IRQHandler
                0x08002fe8                SDIO_IRQHandler
                0x08002fe8                TAMP_STAMP_IRQHandler
                0x08002fe8                PendSV_Handler
                0x08002fe8                NMI_Handler
                0x08002fe8                CAN2_RX1_IRQHandler
                0x08002fe8                EXTI3_IRQHandler
                0x08002fe8                TIM8_TRG_COM_TIM14_IRQHandler
                0x08002fe8                TIM1_UP_TIM10_IRQHandler
                0x08002fe8                TIM8_UP_TIM13_IRQHandler
                0x08002fe8                I2C3_ER_IRQHandler
                0x08002fe8                LCD_TFT_IRQHandler
                0x08002fe8                EXTI0_IRQHandler
                0x08002fe8                I2C2_EV_IRQHandler
                0x08002fe8                DMA1_Stream2_IRQHandler
                0x08002fe8                CAN1_RX0_IRQHandler
                0x08002fe8                FPU_IRQHandler
                0x08002fe8                OTG_HS_WKUP_IRQHandler
                0x08002fe8                UsageFault_Handler
                0x08002fe8                CAN2_SCE_IRQHandler
                0x08002fe8                DMA2_Stream2_IRQHandler
                0x08002fe8                SPI1_IRQHandler
                0x08002fe8                TIM6_DAC_IRQHandler
                0x08002fe8                TIM1_BRK_TIM9_IRQHandler
                0x08002fe8                DCMI_IRQHandler
                0x08002fe8                CAN2_RX0_IRQHandler
                0x08002fe8                DMA2_Stream3_IRQHandler
                0x08002fe8                USART6_IRQHandler
                0x08002fe8                USART3_IRQHandler
                0x08002fe8                CRYP_IRQHandler
                0x08002fe8                CAN1_RX1_IRQHandler
                0x08002fe8                UART5_IRQHandler
                0x08002fe8                DMA2_Stream0_IRQHandler
                0x08002fe8                TIM4_IRQHandler
                0x08002fe8                I2C1_EV_IRQHandler
                0x08002fe8                DMA1_Stream6_IRQHandler
                0x08002fe8                DMA1_Stream1_IRQHandler
                0x08002fe8                UART4_IRQHandler
                0x08002fe8                LCD_TFT_1_IRQHandler
                0x08002fe8                TIM3_IRQHandler
                0x08002fe8                RCC_IRQHandler
                0x08002fe8                TIM8_BRK_TIM12_IRQHandler
                0x08002fe8                Default_Handler
                0x08002fe8                EXTI15_10_IRQHandler
                0x08002fe8                ADC_IRQHandler
                0x08002fe8                DMA1_Stream7_IRQHandler
                0x08002fe8                SPI5_IRQHandler
                0x08002fe8                TIM7_IRQHandler
                0x08002fe8                CAN2_TX_IRQHandler
                0x08002fe8                TIM5_IRQHandler
                0x08002fe8                DMA2_Stream7_IRQHandler
                0x08002fe8                I2C3_EV_IRQHandler
                0x08002fe8                EXTI9_5_IRQHandler
                0x08002fe8                RTC_WKUP_IRQHandler
                0x08002fe8                ETH_WKUP_IRQHandler
                0x08002fe8                SPI2_IRQHandler
                0x08002fe8                OTG_HS_EP1_IN_IRQHandler
                0x08002fe8                MemManage_Handler
                0x08002fe8                DMA1_Stream0_IRQHandler
                0x08002fe8                CAN1_TX_IRQHandler
                0x08002fe8                SVC_Handler
                0x08002fe8                EXTI4_IRQHandler
                0x08002fe8                ETH_IRQHandler
                0x08002fe8                OTG_HS_EP1_OUT_IRQHandler
                0x08002fe8                WWDG_IRQHandler
                0x08002fe8                SPI6_IRQHandler
                0x08002fe8                OTG_FS_WKUP_IRQHandler
                0x08002fe8                TIM1_TRG_COM_TIM11_IRQHandler
                0x08002fe8                OTG_HS_IRQHandler
                0x08002fe8                DMA2D_IRQHandler
                0x08002fe8                EXTI1_IRQHandler
                0x08002fe8                UART7_IRQHandler
                0x08002fe8                USART2_IRQHandler
                0x08002fe8                I2C2_ER_IRQHandler
                0x08002fe8                DMA2_Stream1_IRQHandler
                0x08002fe8                CAN1_SCE_IRQHandler
                0x08002fe8                FLASH_IRQHandler
                0x08002fe8                DMA2_Stream4_IRQHandler
                0x08002fe8                BusFault_Handler
                0x08002fe8                USART1_IRQHandler
                0x08002fe8                OTG_FS_IRQHandler
                0x08002fe8                SPI3_IRQHandler
                0x08002fe8                DMA1_Stream4_IRQHandler
                0x08002fe8                I2C1_ER_IRQHandler
                0x08002fe8                FMC_IRQHandler
                0x08002fe8                DMA2_Stream6_IRQHandler
                0x08002fe8                SAI1_IRQHandler
                0x08002fe8                DMA1_Stream3_IRQHandler
 *fill*         0x08002fea        0x2 
 .text.__libc_init_array
                0x08002fec       0x48 c:/ac6/systemworkbench/plugins/fr.ac6.mcu.externaltools.arm-none.win32_1.17.0.201812190825/tools/compiler/bin/../lib/gcc/arm-none-eabi/7.3.1/../../../../arm-none-eabi/lib/thumb/v7e-m/fpv4-sp/hard\libc.a(lib_a-init.o)
                0x08002fec                __libc_init_array
 .text.startup.register_fini
                0x08003034       0x14 c:/ac6/systemworkbench/plugins/fr.ac6.mcu.externaltools.arm-none.win32_1.17.0.201812190825/tools/compiler/bin/../lib/gcc/arm-none-eabi/7.3.1/../../../../arm-none-eabi/lib/thumb/v7e-m/fpv4-sp/hard\libc.a(lib_a-__call_atexit.o)
 .text.atexit   0x08003048        0xc c:/ac6/systemworkbench/plugins/fr.ac6.mcu.externaltools.arm-none.win32_1.17.0.201812190825/tools/compiler/bin/../lib/gcc/arm-none-eabi/7.3.1/../../../../arm-none-eabi/lib/thumb/v7e-m/fpv4-sp/hard\libc.a(lib_a-atexit.o)
                0x08003048                atexit
 .text.__libc_fini_array
                0x08003054       0x34 c:/ac6/systemworkbench/plugins/fr.ac6.mcu.externaltools.arm-none.win32_1.17.0.201812190825/tools/compiler/bin/../lib/gcc/arm-none-eabi/7.3.1/../../../../arm-none-eabi/lib/thumb/v7e-m/fpv4-sp/hard\libc.a(lib_a-fini.o)
                0x08003054                __libc_fini_array
 .text.__retarget_lock_acquire_recursive
                0x08003088        0x4 c:/ac6/systemworkbench/plugins/fr.ac6.mcu.externaltools.arm-none.win32_1.17.0.201812190825/tools/compiler/bin/../lib/gcc/arm-none-eabi/7.3.1/../../../../arm-none-eabi/lib/thumb/v7e-m/fpv4-sp/hard\libc.a(lib_a-lock.o)
                0x08003088                __retarget_lock_acquire_recursive
 .text.__retarget_lock_release_recursive
                0x0800308c        0x4 c:/ac6/systemworkbench/plugins/fr.ac6.mcu.externaltools.arm-none.win32_1.17.0.201812190825/tools/compiler/bin/../lib/gcc/arm-none-eabi/7.3.1/../../../../arm-none-eabi/lib/thumb/v7e-m/fpv4-sp/hard\libc.a(lib_a-lock.o)
                0x0800308c                __retarget_lock_release_recursive
 .text.__register_exitproc
                0x08003090       0xc0 c:/ac6/systemworkbench/plugins/fr.ac6.mcu.externaltools.arm-none.win32_1.17.0.201812190825/tools/compiler/bin/../lib/gcc/arm-none-eabi/7.3.1/../../../../arm-none-eabi/lib/thumb/v7e-m/fpv4-sp/hard\libc.a(lib_a-__atexit.o)
                0x08003090                __register_exitproc
 *(.glue_7)
 .glue_7        0x08003150        0x0 linker stubs
 *(.glue_7t)
 .glue_7t       0x08003150        0x0 linker stubs
 *(.eh_frame)
 .eh_frame      0x08003150        0x0 c:/ac6/systemworkbench/plugins/fr.ac6.mcu.externaltools.arm-none.win32_1.17.0.201812190825/tools/compiler/bin/../lib/gcc/arm-none-eabi/7.3.1/thumb/v7e-m/fpv4-sp/hard/crtbegin.o
 *(.init)
 .init          0x08003150        0x4 c:/ac6/systemworkbench/plugins/fr.ac6.mcu.externaltools.arm-none.win32_1.17.0.201812190825/tools/compiler/bin/../lib/gcc/arm-none-eabi/7.3.1/thumb/v7e-m/fpv4-sp/hard/crti.o
                0x08003150                _init
 .init          0x08003154        0x8 c:/ac6/systemworkbench/plugins/fr.ac6.mcu.externaltools.arm-none.win32_1.17.0.201812190825/tools/compiler/bin/../lib/gcc/arm-none-eabi/7.3.1/thumb/v7e-m/fpv4-sp/hard/crtn.o
 *(.fini)
 .fini          0x0800315c        0x4 c:/ac6/systemworkbench/plugins/fr.ac6.mcu.externaltools.arm-none.win32_1.17.0.201812190825/tools/compiler/bin/../lib/gcc/arm-none-eabi/7.3.1/thumb/v7e-m/fpv4-sp/hard/crti.o
                0x0800315c                _fini
 .fini          0x08003160        0x8 c:/ac6/systemworkbench/plugins/fr.ac6.mcu.externaltools.arm-none.win32_1.17.0.201812190825/tools/compiler/bin/../lib/gcc/arm-none-eabi/7.3.1/thumb/v7e-m/fpv4-sp/hard/crtn.o
                0x08003168                . = ALIGN (0x4)
                0x08003168                _etext = .

.vfp11_veneer   0x08003168        0x0
 .vfp11_veneer  0x08003168        0x0 linker stubs

.v4_bx          0x08003168        0x0
 .v4_bx         0x08003168        0x0 linker stubs

.iplt           0x08003168        0x0
 .iplt          0x08003168        0x0 c:/ac6/systemworkbench/plugins/fr.ac6.mcu.externaltools.arm-none.win32_1.17.0.201812190825/tools/compiler/bin/../lib/gcc/arm-none-eabi/7.3.1/thumb/v7e-m/fpv4-sp/hard/crtbegin.o

.rodata         0x08003168     0x29d4
                0x08003168                . = ALIGN (0x4)
 *(.rodata)
 .rodata        0x08003168     0x29d0 src/stm32f429i_discovery_lcd.o
                0x08003168                ASCII16x24_Table
                0x08004338                ASCII12x12_Table
                0x08004c38                ASCII8x12_Table
                0x08005538                ASCII8x8_Table
 *(.rodata*)
 .rodata._global_impure_ptr
                0x08005b38        0x4 c:/ac6/systemworkbench/plugins/fr.ac6.mcu.externaltools.arm-none.win32_1.17.0.201812190825/tools/compiler/bin/../lib/gcc/arm-none-eabi/7.3.1/../../../../arm-none-eabi/lib/thumb/v7e-m/fpv4-sp/hard\libc.a(lib_a-impure.o)
                0x08005b38                _global_impure_ptr
                0x08005b3c                . = ALIGN (0x4)

.rel.dyn        0x08005b3c        0x0
 .rel.iplt      0x08005b3c        0x0 c:/ac6/systemworkbench/plugins/fr.ac6.mcu.externaltools.arm-none.win32_1.17.0.201812190825/tools/compiler/bin/../lib/gcc/arm-none-eabi/7.3.1/thumb/v7e-m/fpv4-sp/hard/crtbegin.o

.ARM.extab      0x08005b3c        0x0
                0x08005b3c                . = ALIGN (0x4)
 *(.ARM.extab* .gnu.linkonce.armextab.*)
                0x08005b3c                . = ALIGN (0x4)

.ARM            0x08005b3c        0x0
                0x08005b3c                . = ALIGN (0x4)
                0x08005b3c                __exidx_start = .
 *(.ARM.exidx*)
                0x08005b3c                __exidx_end = .
                0x08005b3c                . = ALIGN (0x4)

.preinit_array  0x08005b3c        0x0
                0x08005b3c                . = ALIGN (0x4)
                0x08005b3c                PROVIDE (__preinit_array_start = .)
 *(.preinit_array*)
                0x08005b3c                PROVIDE (__preinit_array_end = .)
                0x08005b3c                . = ALIGN (0x4)

.init_array     0x08005b3c        0x8
                0x08005b3c                . = ALIGN (0x4)
                0x08005b3c                PROVIDE (__init_array_start = .)
 *(SORT_BY_NAME(.init_array.*))
 .init_array.00000
                0x08005b3c        0x4 c:/ac6/systemworkbench/plugins/fr.ac6.mcu.externaltools.arm-none.win32_1.17.0.201812190825/tools/compiler/bin/../lib/gcc/arm-none-eabi/7.3.1/../../../../arm-none-eabi/lib/thumb/v7e-m/fpv4-sp/hard\libc.a(lib_a-__call_atexit.o)
 *(.init_array*)
 .init_array    0x08005b40        0x4 c:/ac6/systemworkbench/plugins/fr.ac6.mcu.externaltools.arm-none.win32_1.17.0.201812190825/tools/compiler/bin/../lib/gcc/arm-none-eabi/7.3.1/thumb/v7e-m/fpv4-sp/hard/crtbegin.o
                0x08005b44                PROVIDE (__init_array_end = .)
                0x08005b44                . = ALIGN (0x4)

.fini_array     0x08005b44        0x4
                0x08005b44                . = ALIGN (0x4)
                0x08005b44                PROVIDE (__fini_array_start = .)
 *(SORT_BY_NAME(.fini_array.*))
 *(.fini_array*)
 .fini_array    0x08005b44        0x4 c:/ac6/systemworkbench/plugins/fr.ac6.mcu.externaltools.arm-none.win32_1.17.0.201812190825/tools/compiler/bin/../lib/gcc/arm-none-eabi/7.3.1/thumb/v7e-m/fpv4-sp/hard/crtbegin.o
                0x08005b48                PROVIDE (__fini_array_end = .)
                0x08005b48                . = ALIGN (0x4)
                0x08005b48                _sidata = LOADADDR (.data)

.data           0x20000000      0x454 load address 0x08005b48
                0x20000000                . = ALIGN (0x4)
                0x20000000                _sdata = .
 *(.data)
 .data          0x20000000       0x28 src/stm32f429i_discovery_lcd.o
                0x20000000                Font16x24
                0x20000008                Font12x12
                0x20000010                Font8x12
                0x20000018                Font8x8
 *(.data*)
 .data.impure_data
                0x20000028      0x428 c:/ac6/systemworkbench/plugins/fr.ac6.mcu.externaltools.arm-none.win32_1.17.0.201812190825/tools/compiler/bin/../lib/gcc/arm-none-eabi/7.3.1/../../../../arm-none-eabi/lib/thumb/v7e-m/fpv4-sp/hard\libc.a(lib_a-impure.o)
 .data.__atexit_recursive_mutex
                0x20000450        0x4 c:/ac6/systemworkbench/plugins/fr.ac6.mcu.externaltools.arm-none.win32_1.17.0.201812190825/tools/compiler/bin/../lib/gcc/arm-none-eabi/7.3.1/../../../../arm-none-eabi/lib/thumb/v7e-m/fpv4-sp/hard\libc.a(lib_a-__call_atexit.o)
                0x20000450                __atexit_recursive_mutex
                0x20000454                . = ALIGN (0x4)
                0x20000454                _edata = .

.igot.plt       0x20000454        0x0 load address 0x08005f9c
 .igot.plt      0x20000454        0x0 c:/ac6/systemworkbench/plugins/fr.ac6.mcu.externaltools.arm-none.win32_1.17.0.201812190825/tools/compiler/bin/../lib/gcc/arm-none-eabi/7.3.1/thumb/v7e-m/fpv4-sp/hard/crtbegin.o
                0x20000454                . = ALIGN (0x4)

.bss            0x20000454      0x524 load address 0x08005f9c
                0x20000454                _sbss = .
                0x20000454                __bss_start__ = _sbss
 *(.bss)
 .bss           0x20000454       0x1c c:/ac6/systemworkbench/plugins/fr.ac6.mcu.externaltools.arm-none.win32_1.17.0.201812190825/tools/compiler/bin/../lib/gcc/arm-none-eabi/7.3.1/thumb/v7e-m/fpv4-sp/hard/crtbegin.o
 .bss           0x20000470        0x4 src/delay.o
 .bss           0x20000474       0x20 src/mainF3.o
                0x20000474                fastLED
                0x20000478                count
                0x2000047c                freq
                0x20000480                status
                0x20000484                ADC3ConvertedValue
                0x20000488                ADC3ConvertedVoltage
                0x2000048c                compt
                0x20000490                mostres
 .bss           0x20000494        0xc src/stm32f429i_discovery_lcd.o
 *(.bss*)
 *(COMMON)
 COMMON         0x200004a0      0x4b4 src/mainF3.o
                0x200004a0                totalMostres
                0x20000950                i
 COMMON         0x20000954       0x21 c:/ac6/systemworkbench/plugins/fr.ac6.mcu.externaltools.arm-none.win32_1.17.0.201812190825/tools/compiler/bin/../lib/gcc/arm-none-eabi/7.3.1/../../../../arm-none-eabi/lib/thumb/v7e-m/fpv4-sp/hard\libc.a(lib_a-lock.o)
                0x20000954                __lock___atexit_recursive_mutex
                0x20000958                __lock___arc4random_mutex
                0x2000095c                __lock___env_recursive_mutex
                0x20000960                __lock___sinit_recursive_mutex
                0x20000964                __lock___malloc_recursive_mutex
                0x20000968                __lock___at_quick_exit_mutex
                0x2000096c                __lock___dd_hash_mutex
                0x20000970                __lock___tz_mutex
                0x20000974                __lock___sfp_recursive_mutex
                0x20000978                . = ALIGN (0x4)
 *fill*         0x20000975        0x3 
                0x20000978                _ebss = .
                0x20000978                __bss_end__ = _ebss

._user_heap_stack
                0x20000978      0x400 load address 0x08005f9c
                0x20000978                . = ALIGN (0x8)
                0x20000978                PROVIDE (end = .)
                [!provide]                PROVIDE (_end = .)
                0x20000978                . = (. + _Min_Heap_Size)
                0x20000d78                . = (. + _Min_Stack_Size)
 *fill*         0x20000978      0x400 
                0x20000d78                . = ALIGN (0x8)

/DISCARD/
 libc.a(*)
 libm.a(*)
 libgcc.a(*)

.ARM.attributes
                0x00000000       0x30
 *(.ARM.attributes)
 .ARM.attributes
                0x00000000       0x22 c:/ac6/systemworkbench/plugins/fr.ac6.mcu.externaltools.arm-none.win32_1.17.0.201812190825/tools/compiler/bin/../lib/gcc/arm-none-eabi/7.3.1/thumb/v7e-m/fpv4-sp/hard/crti.o
 .ARM.attributes
                0x00000022       0x34 c:/ac6/systemworkbench/plugins/fr.ac6.mcu.externaltools.arm-none.win32_1.17.0.201812190825/tools/compiler/bin/../lib/gcc/arm-none-eabi/7.3.1/thumb/v7e-m/fpv4-sp/hard/crtbegin.o
 .ARM.attributes
                0x00000056       0x39 StdPeriph_Driver/src/misc.o
 .ARM.attributes
                0x0000008f       0x39 StdPeriph_Driver/src/stm32f4xx_adc.o
 .ARM.attributes
                0x000000c8       0x39 StdPeriph_Driver/src/stm32f4xx_dma.o
 .ARM.attributes
                0x00000101       0x39 StdPeriph_Driver/src/stm32f4xx_dma2d.o
 .ARM.attributes
                0x0000013a       0x39 StdPeriph_Driver/src/stm32f4xx_fmc.o
 .ARM.attributes
                0x00000173       0x39 StdPeriph_Driver/src/stm32f4xx_gpio.o
 .ARM.attributes
                0x000001ac       0x39 StdPeriph_Driver/src/stm32f4xx_ltdc.o
 .ARM.attributes
                0x000001e5       0x39 StdPeriph_Driver/src/stm32f4xx_rcc.o
 .ARM.attributes
                0x0000021e       0x39 StdPeriph_Driver/src/stm32f4xx_spi.o
 .ARM.attributes
                0x00000257       0x39 StdPeriph_Driver/src/stm32f4xx_tim.o
 .ARM.attributes
                0x00000290       0x39 src/delay.o
 .ARM.attributes
                0x000002c9       0x39 src/mainF3.o
 .ARM.attributes
                0x00000302       0x39 src/stm32f429i_discovery_lcd.o
 .ARM.attributes
                0x0000033b       0x39 src/system_stm32f4xx.o
 .ARM.attributes
                0x00000374       0x21 startup/startup_stm32.o
 .ARM.attributes
                0x00000395       0x34 c:/ac6/systemworkbench/plugins/fr.ac6.mcu.externaltools.arm-none.win32_1.17.0.201812190825/tools/compiler/bin/../lib/gcc/arm-none-eabi/7.3.1/../../../../arm-none-eabi/lib/thumb/v7e-m/fpv4-sp/hard\libc.a(lib_a-impure.o)
 .ARM.attributes
                0x000003c9       0x34 c:/ac6/systemworkbench/plugins/fr.ac6.mcu.externaltools.arm-none.win32_1.17.0.201812190825/tools/compiler/bin/../lib/gcc/arm-none-eabi/7.3.1/../../../../arm-none-eabi/lib/thumb/v7e-m/fpv4-sp/hard\libc.a(lib_a-init.o)
 .ARM.attributes
                0x000003fd       0x34 c:/ac6/systemworkbench/plugins/fr.ac6.mcu.externaltools.arm-none.win32_1.17.0.201812190825/tools/compiler/bin/../lib/gcc/arm-none-eabi/7.3.1/../../../../arm-none-eabi/lib/thumb/v7e-m/fpv4-sp/hard\libc.a(lib_a-__call_atexit.o)
 .ARM.attributes
                0x00000431       0x34 c:/ac6/systemworkbench/plugins/fr.ac6.mcu.externaltools.arm-none.win32_1.17.0.201812190825/tools/compiler/bin/../lib/gcc/arm-none-eabi/7.3.1/../../../../arm-none-eabi/lib/thumb/v7e-m/fpv4-sp/hard\libc.a(lib_a-atexit.o)
 .ARM.attributes
                0x00000465       0x34 c:/ac6/systemworkbench/plugins/fr.ac6.mcu.externaltools.arm-none.win32_1.17.0.201812190825/tools/compiler/bin/../lib/gcc/arm-none-eabi/7.3.1/../../../../arm-none-eabi/lib/thumb/v7e-m/fpv4-sp/hard\libc.a(lib_a-fini.o)
 .ARM.attributes
                0x00000499       0x34 c:/ac6/systemworkbench/plugins/fr.ac6.mcu.externaltools.arm-none.win32_1.17.0.201812190825/tools/compiler/bin/../lib/gcc/arm-none-eabi/7.3.1/../../../../arm-none-eabi/lib/thumb/v7e-m/fpv4-sp/hard\libc.a(lib_a-lock.o)
 .ARM.attributes
                0x000004cd       0x34 c:/ac6/systemworkbench/plugins/fr.ac6.mcu.externaltools.arm-none.win32_1.17.0.201812190825/tools/compiler/bin/../lib/gcc/arm-none-eabi/7.3.1/../../../../arm-none-eabi/lib/thumb/v7e-m/fpv4-sp/hard\libc.a(lib_a-__atexit.o)
 .ARM.attributes
                0x00000501       0x22 c:/ac6/systemworkbench/plugins/fr.ac6.mcu.externaltools.arm-none.win32_1.17.0.201812190825/tools/compiler/bin/../lib/gcc/arm-none-eabi/7.3.1/thumb/v7e-m/fpv4-sp/hard/crtn.o
OUTPUT(PerifericsFase3.elf elf32-littlearm)

.debug_info     0x00000000     0xb08f
 .debug_info    0x00000000      0x54b StdPeriph_Driver/src/misc.o
 .debug_info    0x0000054b      0xc4e StdPeriph_Driver/src/stm32f4xx_adc.o
 .debug_info    0x00001199      0x74b StdPeriph_Driver/src/stm32f4xx_dma.o
 .debug_info    0x000018e4      0x82b StdPeriph_Driver/src/stm32f4xx_dma2d.o
 .debug_info    0x0000210f      0xd02 StdPeriph_Driver/src/stm32f4xx_fmc.o
 .debug_info    0x00002e11      0x62b StdPeriph_Driver/src/stm32f4xx_gpio.o
 .debug_info    0x0000343c      0xd0e StdPeriph_Driver/src/stm32f4xx_ltdc.o
 .debug_info    0x0000414a      0xe76 StdPeriph_Driver/src/stm32f4xx_rcc.o
 .debug_info    0x00004fc0      0xb4d StdPeriph_Driver/src/stm32f4xx_spi.o
 .debug_info    0x00005b0d     0x1c73 StdPeriph_Driver/src/stm32f4xx_tim.o
 .debug_info    0x00007780      0x728 src/delay.o
 .debug_info    0x00007ea8     0x1239 src/mainF3.o
 .debug_info    0x000090e1     0x197a src/stm32f429i_discovery_lcd.o
 .debug_info    0x0000aa5b      0x612 src/system_stm32f4xx.o
 .debug_info    0x0000b06d       0x22 startup/startup_stm32.o

.debug_abbrev   0x00000000     0x1912
 .debug_abbrev  0x00000000      0x177 StdPeriph_Driver/src/misc.o
 .debug_abbrev  0x00000177      0x1b0 StdPeriph_Driver/src/stm32f4xx_adc.o
 .debug_abbrev  0x00000327      0x16d StdPeriph_Driver/src/stm32f4xx_dma.o
 .debug_abbrev  0x00000494      0x1d8 StdPeriph_Driver/src/stm32f4xx_dma2d.o
 .debug_abbrev  0x0000066c      0x1c9 StdPeriph_Driver/src/stm32f4xx_fmc.o
 .debug_abbrev  0x00000835      0x1bf StdPeriph_Driver/src/stm32f4xx_gpio.o
 .debug_abbrev  0x000009f4      0x1a8 StdPeriph_Driver/src/stm32f4xx_ltdc.o
 .debug_abbrev  0x00000b9c      0x1d4 StdPeriph_Driver/src/stm32f4xx_rcc.o
 .debug_abbrev  0x00000d70      0x17f StdPeriph_Driver/src/stm32f4xx_spi.o
 .debug_abbrev  0x00000eef      0x19f StdPeriph_Driver/src/stm32f4xx_tim.o
 .debug_abbrev  0x0000108e      0x1cc src/delay.o
 .debug_abbrev  0x0000125a      0x2b7 src/mainF3.o
 .debug_abbrev  0x00001511      0x292 src/stm32f429i_discovery_lcd.o
 .debug_abbrev  0x000017a3      0x15d src/system_stm32f4xx.o
 .debug_abbrev  0x00001900       0x12 startup/startup_stm32.o

.debug_aranges  0x00000000      0xdf0
 .debug_aranges
                0x00000000       0x40 StdPeriph_Driver/src/misc.o
 .debug_aranges
                0x00000040      0x148 StdPeriph_Driver/src/stm32f4xx_adc.o
 .debug_aranges
                0x00000188       0xb0 StdPeriph_Driver/src/stm32f4xx_dma.o
 .debug_aranges
                0x00000238       0xb0 StdPeriph_Driver/src/stm32f4xx_dma2d.o
 .debug_aranges
                0x000002e8       0xf0 StdPeriph_Driver/src/stm32f4xx_fmc.o
 .debug_aranges
                0x000003d8       0x88 StdPeriph_Driver/src/stm32f4xx_gpio.o
 .debug_aranges
                0x00000460      0x108 StdPeriph_Driver/src/stm32f4xx_ltdc.o
 .debug_aranges
                0x00000568      0x1c0 StdPeriph_Driver/src/stm32f4xx_rcc.o
 .debug_aranges
                0x00000728       0xe0 StdPeriph_Driver/src/stm32f4xx_spi.o
 .debug_aranges
                0x00000808      0x2f8 StdPeriph_Driver/src/stm32f4xx_tim.o
 .debug_aranges
                0x00000b00       0x48 src/delay.o
 .debug_aranges
                0x00000b48       0xa0 src/mainF3.o
 .debug_aranges
                0x00000be8      0x1b0 src/stm32f429i_discovery_lcd.o
 .debug_aranges
                0x00000d98       0x30 src/system_stm32f4xx.o
 .debug_aranges
                0x00000dc8       0x28 startup/startup_stm32.o

.debug_ranges   0x00000000      0xd08
 .debug_ranges  0x00000000       0x30 StdPeriph_Driver/src/misc.o
 .debug_ranges  0x00000030      0x138 StdPeriph_Driver/src/stm32f4xx_adc.o
 .debug_ranges  0x00000168       0xa0 StdPeriph_Driver/src/stm32f4xx_dma.o
 .debug_ranges  0x00000208       0xa0 StdPeriph_Driver/src/stm32f4xx_dma2d.o
 .debug_ranges  0x000002a8       0xe0 StdPeriph_Driver/src/stm32f4xx_fmc.o
 .debug_ranges  0x00000388       0x78 StdPeriph_Driver/src/stm32f4xx_gpio.o
 .debug_ranges  0x00000400       0xf8 StdPeriph_Driver/src/stm32f4xx_ltdc.o
 .debug_ranges  0x000004f8      0x1b0 StdPeriph_Driver/src/stm32f4xx_rcc.o
 .debug_ranges  0x000006a8       0xd0 StdPeriph_Driver/src/stm32f4xx_spi.o
 .debug_ranges  0x00000778      0x2e8 StdPeriph_Driver/src/stm32f4xx_tim.o
 .debug_ranges  0x00000a60       0x38 src/delay.o
 .debug_ranges  0x00000a98       0x90 src/mainF3.o
 .debug_ranges  0x00000b28      0x1a0 src/stm32f429i_discovery_lcd.o
 .debug_ranges  0x00000cc8       0x20 src/system_stm32f4xx.o
 .debug_ranges  0x00000ce8       0x20 startup/startup_stm32.o

.debug_macro    0x00000000    0x13bbf
 .debug_macro   0x00000000      0x1d9 StdPeriph_Driver/src/misc.o
 .debug_macro   0x000001d9      0xa72 StdPeriph_Driver/src/misc.o
 .debug_macro   0x00000c4b       0x65 StdPeriph_Driver/src/misc.o
 .debug_macro   0x00000cb0       0x3b StdPeriph_Driver/src/misc.o
 .debug_macro   0x00000ceb       0x22 StdPeriph_Driver/src/misc.o
 .debug_macro   0x00000d0d       0x8e StdPeriph_Driver/src/misc.o
 .debug_macro   0x00000d9b       0x51 StdPeriph_Driver/src/misc.o
 .debug_macro   0x00000dec       0xef StdPeriph_Driver/src/misc.o
 .debug_macro   0x00000edb       0x6a StdPeriph_Driver/src/misc.o
 .debug_macro   0x00000f45      0x1df StdPeriph_Driver/src/misc.o
 .debug_macro   0x00001124       0x34 StdPeriph_Driver/src/misc.o
 .debug_macro   0x00001158       0x26 StdPeriph_Driver/src/misc.o
 .debug_macro   0x0000117e      0xe43 StdPeriph_Driver/src/misc.o
 .debug_macro   0x00001fc1     0x961b StdPeriph_Driver/src/misc.o
 .debug_macro   0x0000b5dc      0x44f StdPeriph_Driver/src/misc.o
 .debug_macro   0x0000ba2b       0xb2 StdPeriph_Driver/src/misc.o
 .debug_macro   0x0000badd      0x477 StdPeriph_Driver/src/misc.o
 .debug_macro   0x0000bf54       0xb5 StdPeriph_Driver/src/misc.o
 .debug_macro   0x0000c009      0x41c StdPeriph_Driver/src/misc.o
 .debug_macro   0x0000c425      0x2fb StdPeriph_Driver/src/misc.o
 .debug_macro   0x0000c720      0x2ba StdPeriph_Driver/src/misc.o
 .debug_macro   0x0000c9da       0x64 StdPeriph_Driver/src/misc.o
 .debug_macro   0x0000ca3e       0xee StdPeriph_Driver/src/misc.o
 .debug_macro   0x0000cb2c      0x65f StdPeriph_Driver/src/misc.o
 .debug_macro   0x0000d18b      0x59e StdPeriph_Driver/src/misc.o
 .debug_macro   0x0000d729      0x342 StdPeriph_Driver/src/misc.o
 .debug_macro   0x0000da6b      0x36c StdPeriph_Driver/src/misc.o
 .debug_macro   0x0000ddd7      0x114 StdPeriph_Driver/src/misc.o
 .debug_macro   0x0000deeb      0x73b StdPeriph_Driver/src/misc.o
 .debug_macro   0x0000e626      0x223 StdPeriph_Driver/src/misc.o
 .debug_macro   0x0000e849       0x34 StdPeriph_Driver/src/misc.o
 .debug_macro   0x0000e87d      0x144 StdPeriph_Driver/src/misc.o
 .debug_macro   0x0000e9c1       0xc3 StdPeriph_Driver/src/misc.o
 .debug_macro   0x0000ea84       0x40 StdPeriph_Driver/src/misc.o
 .debug_macro   0x0000eac4      0x3cf StdPeriph_Driver/src/misc.o
 .debug_macro   0x0000ee93      0x188 StdPeriph_Driver/src/misc.o
 .debug_macro   0x0000f01b      0x149 StdPeriph_Driver/src/misc.o
 .debug_macro   0x0000f164      0x21e StdPeriph_Driver/src/misc.o
 .debug_macro   0x0000f382      0x23a StdPeriph_Driver/src/misc.o
 .debug_macro   0x0000f5bc      0x359 StdPeriph_Driver/src/misc.o
 .debug_macro   0x0000f915       0x35 StdPeriph_Driver/src/misc.o
 .debug_macro   0x0000f94a       0x7c StdPeriph_Driver/src/misc.o
 .debug_macro   0x0000f9c6      0x25b StdPeriph_Driver/src/stm32f4xx_adc.o
 .debug_macro   0x0000fc21       0x82 StdPeriph_Driver/src/stm32f4xx_adc.o
 .debug_macro   0x0000fca3      0x22b StdPeriph_Driver/src/stm32f4xx_dma.o
 .debug_macro   0x0000fece      0x471 StdPeriph_Driver/src/stm32f4xx_dma.o
 .debug_macro   0x0001033f      0x1e9 StdPeriph_Driver/src/stm32f4xx_dma2d.o
 .debug_macro   0x00010528      0x218 StdPeriph_Driver/src/stm32f4xx_dma2d.o
 .debug_macro   0x00010740      0x224 StdPeriph_Driver/src/stm32f4xx_fmc.o
 .debug_macro   0x00010964      0x472 StdPeriph_Driver/src/stm32f4xx_fmc.o
 .debug_macro   0x00010dd6      0x1d7 StdPeriph_Driver/src/stm32f4xx_gpio.o
 .debug_macro   0x00010fad      0x2f5 StdPeriph_Driver/src/stm32f4xx_gpio.o
 .debug_macro   0x000112a2      0x1dd StdPeriph_Driver/src/stm32f4xx_ltdc.o
 .debug_macro   0x0001147f      0x234 StdPeriph_Driver/src/stm32f4xx_ltdc.o
 .debug_macro   0x000116b3      0x2a6 StdPeriph_Driver/src/stm32f4xx_rcc.o
 .debug_macro   0x00011959      0x203 StdPeriph_Driver/src/stm32f4xx_spi.o
 .debug_macro   0x00011b5c      0x366 StdPeriph_Driver/src/stm32f4xx_spi.o
 .debug_macro   0x00011ec2      0x201 StdPeriph_Driver/src/stm32f4xx_tim.o
 .debug_macro   0x000120c3      0x735 StdPeriph_Driver/src/stm32f4xx_tim.o
 .debug_macro   0x000127f8      0x1d3 src/delay.o
 .debug_macro   0x000129cb      0x29b src/mainF3.o
 .debug_macro   0x00012c66       0xaf src/mainF3.o
 .debug_macro   0x00012d15       0x82 src/mainF3.o
 .debug_macro   0x00012d97      0x478 src/mainF3.o
 .debug_macro   0x0001320f       0x9a src/mainF3.o
 .debug_macro   0x000132a9      0x177 src/mainF3.o
 .debug_macro   0x00013420       0x70 src/mainF3.o
 .debug_macro   0x00013490       0x10 src/mainF3.o
 .debug_macro   0x000134a0      0x303 src/mainF3.o
 .debug_macro   0x000137a3      0x22f src/stm32f429i_discovery_lcd.o
 .debug_macro   0x000139d2      0x1ed src/system_stm32f4xx.o

.debug_line     0x00000000     0x88fe
 .debug_line    0x00000000      0x6d8 StdPeriph_Driver/src/misc.o
 .debug_line    0x000006d8      0x9ec StdPeriph_Driver/src/stm32f4xx_adc.o
 .debug_line    0x000010c4      0x8b9 StdPeriph_Driver/src/stm32f4xx_dma.o
 .debug_line    0x0000197d      0x85a StdPeriph_Driver/src/stm32f4xx_dma2d.o
 .debug_line    0x000021d7      0xa79 StdPeriph_Driver/src/stm32f4xx_fmc.o
 .debug_line    0x00002c50      0x7fe StdPeriph_Driver/src/stm32f4xx_gpio.o
 .debug_line    0x0000344e      0x988 StdPeriph_Driver/src/stm32f4xx_ltdc.o
 .debug_line    0x00003dd6      0xaf2 StdPeriph_Driver/src/stm32f4xx_rcc.o
 .debug_line    0x000048c8      0x903 StdPeriph_Driver/src/stm32f4xx_spi.o
 .debug_line    0x000051cb      0xf50 StdPeriph_Driver/src/stm32f4xx_tim.o
 .debug_line    0x0000611b      0x6ea src/delay.o
 .debug_line    0x00006805      0xa42 src/mainF3.o
 .debug_line    0x00007247      0xf38 src/stm32f429i_discovery_lcd.o
 .debug_line    0x0000817f      0x703 src/system_stm32f4xx.o
 .debug_line    0x00008882       0x7c startup/startup_stm32.o

.debug_str      0x00000000    0x6e51e
 .debug_str     0x00000000    0x64443 StdPeriph_Driver/src/misc.o
                              0x64649 (size before relaxing)
 .debug_str     0x00064443      0x918 StdPeriph_Driver/src/stm32f4xx_adc.o
                              0x64d38 (size before relaxing)
 .debug_str     0x00064d5b      0x685 StdPeriph_Driver/src/stm32f4xx_dma.o
                              0x64aaf (size before relaxing)
 .debug_str     0x000653e0      0x5d3 StdPeriph_Driver/src/stm32f4xx_dma2d.o
                              0x649e9 (size before relaxing)
 .debug_str     0x000659b3     0x3683 StdPeriph_Driver/src/stm32f4xx_fmc.o
                              0x67a97 (size before relaxing)
 .debug_str     0x00069036      0x2a7 StdPeriph_Driver/src/stm32f4xx_gpio.o
                              0x646f1 (size before relaxing)
 .debug_str     0x000692dd      0x81a StdPeriph_Driver/src/stm32f4xx_ltdc.o
                              0x64c99 (size before relaxing)
 .debug_str     0x00069af7      0xd63 StdPeriph_Driver/src/stm32f4xx_rcc.o
                              0x65206 (size before relaxing)
 .debug_str     0x0006a85a      0x3c2 StdPeriph_Driver/src/stm32f4xx_spi.o
                              0x649da (size before relaxing)
 .debug_str     0x0006ac1c      0xc08 StdPeriph_Driver/src/stm32f4xx_tim.o
                              0x650e8 (size before relaxing)
 .debug_str     0x0006b824      0x5ab src/delay.o
                              0x64a7c (size before relaxing)
 .debug_str     0x0006bdcf     0x2024 src/mainF3.o
                              0x69d96 (size before relaxing)
 .debug_str     0x0006ddf3      0x5e0 src/stm32f429i_discovery_lcd.o
                              0x66632 (size before relaxing)
 .debug_str     0x0006e3d3       0xc7 src/system_stm32f4xx.o
                              0x64644 (size before relaxing)
 .debug_str     0x0006e49a       0x84 startup/startup_stm32.o

.comment        0x00000000       0x7f
 .comment       0x00000000       0x7f StdPeriph_Driver/src/misc.o
                                 0x80 (size before relaxing)
 .comment       0x0000007f       0x80 StdPeriph_Driver/src/stm32f4xx_adc.o
 .comment       0x0000007f       0x80 StdPeriph_Driver/src/stm32f4xx_dma.o
 .comment       0x0000007f       0x80 StdPeriph_Driver/src/stm32f4xx_dma2d.o
 .comment       0x0000007f       0x80 StdPeriph_Driver/src/stm32f4xx_fmc.o
 .comment       0x0000007f       0x80 StdPeriph_Driver/src/stm32f4xx_gpio.o
 .comment       0x0000007f       0x80 StdPeriph_Driver/src/stm32f4xx_ltdc.o
 .comment       0x0000007f       0x80 StdPeriph_Driver/src/stm32f4xx_rcc.o
 .comment       0x0000007f       0x80 StdPeriph_Driver/src/stm32f4xx_spi.o
 .comment       0x0000007f       0x80 StdPeriph_Driver/src/stm32f4xx_tim.o
 .comment       0x0000007f       0x80 src/delay.o
 .comment       0x0000007f       0x80 src/mainF3.o
 .comment       0x0000007f       0x80 src/stm32f429i_discovery_lcd.o
 .comment       0x0000007f       0x80 src/system_stm32f4xx.o

.debug_frame    0x00000000     0x3f68
 .debug_frame   0x00000000       0xd8 StdPeriph_Driver/src/misc.o
 .debug_frame   0x000000d8      0x5ec StdPeriph_Driver/src/stm32f4xx_adc.o
 .debug_frame   0x000006c4      0x308 StdPeriph_Driver/src/stm32f4xx_dma.o
 .debug_frame   0x000009cc      0x2ec StdPeriph_Driver/src/stm32f4xx_dma2d.o
 .debug_frame   0x00000cb8      0x440 StdPeriph_Driver/src/stm32f4xx_fmc.o
 .debug_frame   0x000010f8      0x23c StdPeriph_Driver/src/stm32f4xx_gpio.o
 .debug_frame   0x00001334      0x4b4 StdPeriph_Driver/src/stm32f4xx_ltdc.o
 .debug_frame   0x000017e8      0x83c StdPeriph_Driver/src/stm32f4xx_rcc.o
 .debug_frame   0x00002024      0x3f4 StdPeriph_Driver/src/stm32f4xx_spi.o
 .debug_frame   0x00002418      0xe54 StdPeriph_Driver/src/stm32f4xx_tim.o
 .debug_frame   0x0000326c       0xe4 src/delay.o
 .debug_frame   0x00003350      0x264 src/mainF3.o
 .debug_frame   0x000035b4      0x778 src/stm32f429i_discovery_lcd.o
 .debug_frame   0x00003d2c       0x7c src/system_stm32f4xx.o
 .debug_frame   0x00003da8       0x2c c:/ac6/systemworkbench/plugins/fr.ac6.mcu.externaltools.arm-none.win32_1.17.0.201812190825/tools/compiler/bin/../lib/gcc/arm-none-eabi/7.3.1/../../../../arm-none-eabi/lib/thumb/v7e-m/fpv4-sp/hard\libc.a(lib_a-init.o)
 .debug_frame   0x00003dd4       0x5c c:/ac6/systemworkbench/plugins/fr.ac6.mcu.externaltools.arm-none.win32_1.17.0.201812190825/tools/compiler/bin/../lib/gcc/arm-none-eabi/7.3.1/../../../../arm-none-eabi/lib/thumb/v7e-m/fpv4-sp/hard\libc.a(lib_a-__call_atexit.o)
 .debug_frame   0x00003e30       0x20 c:/ac6/systemworkbench/plugins/fr.ac6.mcu.externaltools.arm-none.win32_1.17.0.201812190825/tools/compiler/bin/../lib/gcc/arm-none-eabi/7.3.1/../../../../arm-none-eabi/lib/thumb/v7e-m/fpv4-sp/hard\libc.a(lib_a-atexit.o)
 .debug_frame   0x00003e50       0x34 c:/ac6/systemworkbench/plugins/fr.ac6.mcu.externaltools.arm-none.win32_1.17.0.201812190825/tools/compiler/bin/../lib/gcc/arm-none-eabi/7.3.1/../../../../arm-none-eabi/lib/thumb/v7e-m/fpv4-sp/hard\libc.a(lib_a-fini.o)
 .debug_frame   0x00003e84       0xb0 c:/ac6/systemworkbench/plugins/fr.ac6.mcu.externaltools.arm-none.win32_1.17.0.201812190825/tools/compiler/bin/../lib/gcc/arm-none-eabi/7.3.1/../../../../arm-none-eabi/lib/thumb/v7e-m/fpv4-sp/hard\libc.a(lib_a-lock.o)
 .debug_frame   0x00003f34       0x34 c:/ac6/systemworkbench/plugins/fr.ac6.mcu.externaltools.arm-none.win32_1.17.0.201812190825/tools/compiler/bin/../lib/gcc/arm-none-eabi/7.3.1/../../../../arm-none-eabi/lib/thumb/v7e-m/fpv4-sp/hard\libc.a(lib_a-__atexit.o)
