17:13:18 **** Clean-only build of configuration Debug for project Practica2 ****
make -j8 clean 
rm -rf *
 
17:13:19 **** Build of configuration Debug for project Practica2 ****
make -j8 all 
Building file: ../startup/startup_stm32.s
Building file: ../src/fonts.c
Building file: ../src/main.c
Building file: ../src/stm32f429i_discovery.c
Invoking: MCU GCC Assembler
Invoking: MCU GCC Compiler
Building file: ../src/stm32f429i_discovery_lcd.c
Invoking: MCU GCC Compiler
Building file: ../src/stm32f429i_discovery_sdram.c
Invoking: MCU GCC Compiler
C:\Users\angel\Desktop\3er\Periferics\alt\3\Practica2\Debug
C:\Users\angel\Desktop\3er\Periferics\alt\3\Practica2\Debug
Invoking: MCU GCC Compiler
Building file: ../src/syscalls.c
Invoking: MCU GCC Compiler
arm-none-eabi-as -mcpu=cortex-m4 -mthumb -mfloat-abi=hard -mfpu=fpv4-sp-d16 -I"C:/Users/angel/Desktop/3er/Periferics/alt/3/Practica2/StdPeriph_Driver/inc" -I"C:/Users/angel/Desktop/3er/Periferics/alt/3/Practica2/inc" -I"C:/Users/angel/Desktop/3er/Periferics/alt/3/Practica2/CMSIS/device" -I"C:/Users/angel/Desktop/3er/Periferics/alt/3/Practica2/CMSIS/core" -g -o "startup/startup_stm32.o" "../startup/startup_stm32.s"
Building file: ../src/system_stm32f4xx.c
C:\Users\angel\Desktop\3er\Periferics\alt\3\Practica2\Debug
arm-none-eabi-gcc -mcpu=cortex-m4 -mthumb -mfloat-abi=hard -mfpu=fpv4-sp-d16 -DSTM32 -DSTM32F4 -DSTM32F429ZITx -DSTM32F429I_DISC1 -DDEBUG -DSTM32F429_439xx -DUSE_STDPERIPH_DRIVER -I"C:/Users/angel/Desktop/3er/Periferics/alt/3/Practica2/StdPeriph_Driver/inc" -I"C:/Users/angel/Desktop/3er/Periferics/alt/3/Practica2/inc" -I"C:/Users/angel/Desktop/3er/Periferics/alt/3/Practica2/CMSIS/device" -I"C:/Users/angel/Desktop/3er/Periferics/alt/3/Practica2/CMSIS/core" -O0 -g3 -Wall -fmessage-length=0 -ffunction-sections -c -MMD -MP -MF"src/fonts.d" -MT"src/fonts.o" -o "src/fonts.o" "../src/fonts.c"
C:\Users\angel\Desktop\3er\Periferics\alt\3\Practica2\Debug
arm-none-eabi-gcc -mcpu=cortex-m4 -mthumb -mfloat-abi=hard -mfpu=fpv4-sp-d16 -DSTM32 -DSTM32F4 -DSTM32F429ZITx -DSTM32F429I_DISC1 -DDEBUG -DSTM32F429_439xx -DUSE_STDPERIPH_DRIVER -I"C:/Users/angel/Desktop/3er/Periferics/alt/3/Practica2/StdPeriph_Driver/inc" -I"C:/Users/angel/Desktop/3er/Periferics/alt/3/Practica2/inc" -I"C:/Users/angel/Desktop/3er/Periferics/alt/3/Practica2/CMSIS/device" -I"C:/Users/angel/Desktop/3er/Periferics/alt/3/Practica2/CMSIS/core" -O0 -g3 -Wall -fmessage-length=0 -ffunction-sections -c -MMD -MP -MF"src/main.d" -MT"src/main.o" -o "src/main.o" "../src/main.c"
C:\Users\angel\Desktop\3er\Periferics\alt\3\Practica2\Debug
Invoking: MCU GCC Compiler
arm-none-eabi-gcc -mcpu=cortex-m4 -mthumb -mfloat-abi=hard -mfpu=fpv4-sp-d16 -DSTM32 -DSTM32F4 -DSTM32F429ZITx -DSTM32F429I_DISC1 -DDEBUG -DSTM32F429_439xx -DUSE_STDPERIPH_DRIVER -I"C:/Users/angel/Desktop/3er/Periferics/alt/3/Practica2/StdPeriph_Driver/inc" -I"C:/Users/angel/Desktop/3er/Periferics/alt/3/Practica2/inc" -I"C:/Users/angel/Desktop/3er/Periferics/alt/3/Practica2/CMSIS/device" -I"C:/Users/angel/Desktop/3er/Periferics/alt/3/Practica2/CMSIS/core" -O0 -g3 -Wall -fmessage-length=0 -ffunction-sections -c -MMD -MP -MF"src/stm32f429i_discovery.d" -MT"src/stm32f429i_discovery.o" -o "src/stm32f429i_discovery.o" "../src/stm32f429i_discovery.c"
arm-none-eabi-gcc -mcpu=cortex-m4 -mthumb -mfloat-abi=hard -mfpu=fpv4-sp-d16 -DSTM32 -DSTM32F4 -DSTM32F429ZITx -DSTM32F429I_DISC1 -DDEBUG -DSTM32F429_439xx -DUSE_STDPERIPH_DRIVER -I"C:/Users/angel/Desktop/3er/Periferics/alt/3/Practica2/StdPeriph_Driver/inc" -I"C:/Users/angel/Desktop/3er/Periferics/alt/3/Practica2/inc" -I"C:/Users/angel/Desktop/3er/Periferics/alt/3/Practica2/CMSIS/device" -I"C:/Users/angel/Desktop/3er/Periferics/alt/3/Practica2/CMSIS/core" -O0 -g3 -Wall -fmessage-length=0 -ffunction-sections -c -MMD -MP -MF"src/stm32f429i_discovery_lcd.d" -MT"src/stm32f429i_discovery_lcd.o" -o "src/stm32f429i_discovery_lcd.o" "../src/stm32f429i_discovery_lcd.c"
C:\Users\angel\Desktop\3er\Periferics\alt\3\Practica2\Debug
Invoking: MCU GCC Compiler
arm-none-eabi-gcc -mcpu=cortex-m4 -mthumb -mfloat-abi=hard -mfpu=fpv4-sp-d16 -DSTM32 -DSTM32F4 -DSTM32F429ZITx -DSTM32F429I_DISC1 -DDEBUG -DSTM32F429_439xx -DUSE_STDPERIPH_DRIVER -I"C:/Users/angel/Desktop/3er/Periferics/alt/3/Practica2/StdPeriph_Driver/inc" -I"C:/Users/angel/Desktop/3er/Periferics/alt/3/Practica2/inc" -I"C:/Users/angel/Desktop/3er/Periferics/alt/3/Practica2/CMSIS/device" -I"C:/Users/angel/Desktop/3er/Periferics/alt/3/Practica2/CMSIS/core" -O0 -g3 -Wall -fmessage-length=0 -ffunction-sections -c -MMD -MP -MF"src/stm32f429i_discovery_sdram.d" -MT"src/stm32f429i_discovery_sdram.o" -o "src/stm32f429i_discovery_sdram.o" "../src/stm32f429i_discovery_sdram.c"
C:\Users\angel\Desktop\3er\Periferics\alt\3\Practica2\Debug
C:\Users\angel\Desktop\3er\Periferics\alt\3\Practica2\Debug
arm-none-eabi-gcc -mcpu=cortex-m4 -mthumb -mfloat-abi=hard -mfpu=fpv4-sp-d16 -DSTM32 -DSTM32F4 -DSTM32F429ZITx -DSTM32F429I_DISC1 -DDEBUG -DSTM32F429_439xx -DUSE_STDPERIPH_DRIVER -I"C:/Users/angel/Desktop/3er/Periferics/alt/3/Practica2/StdPeriph_Driver/inc" -I"C:/Users/angel/Desktop/3er/Periferics/alt/3/Practica2/inc" -I"C:/Users/angel/Desktop/3er/Periferics/alt/3/Practica2/CMSIS/device" -I"C:/Users/angel/Desktop/3er/Periferics/alt/3/Practica2/CMSIS/core" -O0 -g3 -Wall -fmessage-length=0 -ffunction-sections -c -MMD -MP -MF"src/syscalls.d" -MT"src/syscalls.o" -o "src/syscalls.o" "../src/syscalls.c"
arm-none-eabi-gcc -mcpu=cortex-m4 -mthumb -mfloat-abi=hard -mfpu=fpv4-sp-d16 -DSTM32 -DSTM32F4 -DSTM32F429ZITx -DSTM32F429I_DISC1 -DDEBUG -DSTM32F429_439xx -DUSE_STDPERIPH_DRIVER -I"C:/Users/angel/Desktop/3er/Periferics/alt/3/Practica2/StdPeriph_Driver/inc" -I"C:/Users/angel/Desktop/3er/Periferics/alt/3/Practica2/inc" -I"C:/Users/angel/Desktop/3er/Periferics/alt/3/Practica2/CMSIS/device" -I"C:/Users/angel/Desktop/3er/Periferics/alt/3/Practica2/CMSIS/core" -O0 -g3 -Wall -fmessage-length=0 -ffunction-sections -c -MMD -MP -MF"src/system_stm32f4xx.d" -MT"src/system_stm32f4xx.o" -o "src/system_stm32f4xx.o" "../src/system_stm32f4xx.c"
Finished building: ../startup/startup_stm32.s
 
Finished building: ../src/fonts.c
../src/system_stm32f4xx.c: In function 'SetSysClock':
../src/system_stm32f4xx.c:760:5: warning: this 'while' clause does not guard... [-Wmisleading-indentation]
Building file: ../StdPeriph_Driver/src/misc.c
     while ((RCC->CFGR & (uint32_t)RCC_CFGR_SWS ) != RCC_CFGR_SWS_PLL);
     ^~~~~
../src/system_stm32f4xx.c:761:5: note: ...this statement, but the latter is misleadingly indented as if it were guarded by the 'while'
     {
     ^
Invoking: MCU GCC Compiler
 
Building file: ../StdPeriph_Driver/src/stm32f4xx_adc.c
C:\Users\angel\Desktop\3er\Periferics\alt\3\Practica2\Debug
arm-none-eabi-gcc -mcpu=cortex-m4 -mthumb -mfloat-abi=hard -mfpu=fpv4-sp-d16 -DSTM32 -DSTM32F4 -DSTM32F429ZITx -DSTM32F429I_DISC1 -DDEBUG -DSTM32F429_439xx -DUSE_STDPERIPH_DRIVER -I"C:/Users/angel/Desktop/3er/Periferics/alt/3/Practica2/StdPeriph_Driver/inc" -I"C:/Users/angel/Desktop/3er/Periferics/alt/3/Practica2/inc" -I"C:/Users/angel/Desktop/3er/Periferics/alt/3/Practica2/CMSIS/device" -I"C:/Users/angel/Desktop/3er/Periferics/alt/3/Practica2/CMSIS/core" -O0 -g3 -Wall -fmessage-length=0 -ffunction-sections -c -MMD -MP -MF"StdPeriph_Driver/src/misc.d" -MT"StdPeriph_Driver/src/misc.o" -o "StdPeriph_Driver/src/misc.o" "../StdPeriph_Driver/src/misc.c"
Invoking: MCU GCC Compiler
Finished building: ../src/syscalls.c
C:\Users\angel\Desktop\3er\Periferics\alt\3\Practica2\Debug
 
arm-none-eabi-gcc -mcpu=cortex-m4 -mthumb -mfloat-abi=hard -mfpu=fpv4-sp-d16 -DSTM32 -DSTM32F4 -DSTM32F429ZITx -DSTM32F429I_DISC1 -DDEBUG -DSTM32F429_439xx -DUSE_STDPERIPH_DRIVER -I"C:/Users/angel/Desktop/3er/Periferics/alt/3/Practica2/StdPeriph_Driver/inc" -I"C:/Users/angel/Desktop/3er/Periferics/alt/3/Practica2/inc" -I"C:/Users/angel/Desktop/3er/Periferics/alt/3/Practica2/CMSIS/device" -I"C:/Users/angel/Desktop/3er/Periferics/alt/3/Practica2/CMSIS/core" -O0 -g3 -Wall -fmessage-length=0 -ffunction-sections -c -MMD -MP -MF"StdPeriph_Driver/src/stm32f4xx_adc.d" -MT"StdPeriph_Driver/src/stm32f4xx_adc.o" -o "StdPeriph_Driver/src/stm32f4xx_adc.o" "../StdPeriph_Driver/src/stm32f4xx_adc.c"
Finished building: ../src/stm32f429i_discovery.c
Finished building: ../src/stm32f429i_discovery_sdram.c
Building file: ../StdPeriph_Driver/src/stm32f4xx_can.c
 
Finished building: ../src/system_stm32f4xx.c
Invoking: MCU GCC Compiler
 
Building file: ../StdPeriph_Driver/src/stm32f4xx_cec.c
 
C:\Users\angel\Desktop\3er\Periferics\alt\3\Practica2\Debug
Building file: ../StdPeriph_Driver/src/stm32f4xx_crc.c
arm-none-eabi-gcc -mcpu=cortex-m4 -mthumb -mfloat-abi=hard -mfpu=fpv4-sp-d16 -DSTM32 -DSTM32F4 -DSTM32F429ZITx -DSTM32F429I_DISC1 -DDEBUG -DSTM32F429_439xx -DUSE_STDPERIPH_DRIVER -I"C:/Users/angel/Desktop/3er/Periferics/alt/3/Practica2/StdPeriph_Driver/inc" -I"C:/Users/angel/Desktop/3er/Periferics/alt/3/Practica2/inc" -I"C:/Users/angel/Desktop/3er/Periferics/alt/3/Practica2/CMSIS/device" -I"C:/Users/angel/Desktop/3er/Periferics/alt/3/Practica2/CMSIS/core" -O0 -g3 -Wall -fmessage-length=0 -ffunction-sections -c -MMD -MP -MF"StdPeriph_Driver/src/stm32f4xx_can.d" -MT"StdPeriph_Driver/src/stm32f4xx_can.o" -o "StdPeriph_Driver/src/stm32f4xx_can.o" "../StdPeriph_Driver/src/stm32f4xx_can.c"
Invoking: MCU GCC Compiler
Building file: ../StdPeriph_Driver/src/stm32f4xx_cryp.c
Invoking: MCU GCC Compiler
C:\Users\angel\Desktop\3er\Periferics\alt\3\Practica2\Debug
arm-none-eabi-gcc -mcpu=cortex-m4 -mthumb -mfloat-abi=hard -mfpu=fpv4-sp-d16 -DSTM32 -DSTM32F4 -DSTM32F429ZITx -DSTM32F429I_DISC1 -DDEBUG -DSTM32F429_439xx -DUSE_STDPERIPH_DRIVER -I"C:/Users/angel/Desktop/3er/Periferics/alt/3/Practica2/StdPeriph_Driver/inc" -I"C:/Users/angel/Desktop/3er/Periferics/alt/3/Practica2/inc" -I"C:/Users/angel/Desktop/3er/Periferics/alt/3/Practica2/CMSIS/device" -I"C:/Users/angel/Desktop/3er/Periferics/alt/3/Practica2/CMSIS/core" -O0 -g3 -Wall -fmessage-length=0 -ffunction-sections -c -MMD -MP -MF"StdPeriph_Driver/src/stm32f4xx_cec.d" -MT"StdPeriph_Driver/src/stm32f4xx_cec.o" -o "StdPeriph_Driver/src/stm32f4xx_cec.o" "../StdPeriph_Driver/src/stm32f4xx_cec.c"
Finished building: ../src/stm32f429i_discovery_lcd.c
Invoking: MCU GCC Compiler
C:\Users\angel\Desktop\3er\Periferics\alt\3\Practica2\Debug
arm-none-eabi-gcc -mcpu=cortex-m4 -mthumb -mfloat-abi=hard -mfpu=fpv4-sp-d16 -DSTM32 -DSTM32F4 -DSTM32F429ZITx -DSTM32F429I_DISC1 -DDEBUG -DSTM32F429_439xx -DUSE_STDPERIPH_DRIVER -I"C:/Users/angel/Desktop/3er/Periferics/alt/3/Practica2/StdPeriph_Driver/inc" -I"C:/Users/angel/Desktop/3er/Periferics/alt/3/Practica2/inc" -I"C:/Users/angel/Desktop/3er/Periferics/alt/3/Practica2/CMSIS/device" -I"C:/Users/angel/Desktop/3er/Periferics/alt/3/Practica2/CMSIS/core" -O0 -g3 -Wall -fmessage-length=0 -ffunction-sections -c -MMD -MP -MF"StdPeriph_Driver/src/stm32f4xx_crc.d" -MT"StdPeriph_Driver/src/stm32f4xx_crc.o" -o "StdPeriph_Driver/src/stm32f4xx_crc.o" "../StdPeriph_Driver/src/stm32f4xx_crc.c"
 
C:\Users\angel\Desktop\3er\Periferics\alt\3\Practica2\Debug
arm-none-eabi-gcc -mcpu=cortex-m4 -mthumb -mfloat-abi=hard -mfpu=fpv4-sp-d16 -DSTM32 -DSTM32F4 -DSTM32F429ZITx -DSTM32F429I_DISC1 -DDEBUG -DSTM32F429_439xx -DUSE_STDPERIPH_DRIVER -I"C:/Users/angel/Desktop/3er/Periferics/alt/3/Practica2/StdPeriph_Driver/inc" -I"C:/Users/angel/Desktop/3er/Periferics/alt/3/Practica2/inc" -I"C:/Users/angel/Desktop/3er/Periferics/alt/3/Practica2/CMSIS/device" -I"C:/Users/angel/Desktop/3er/Periferics/alt/3/Practica2/CMSIS/core" -O0 -g3 -Wall -fmessage-length=0 -ffunction-sections -c -MMD -MP -MF"StdPeriph_Driver/src/stm32f4xx_cryp.d" -MT"StdPeriph_Driver/src/stm32f4xx_cryp.o" -o "StdPeriph_Driver/src/stm32f4xx_cryp.o" "../StdPeriph_Driver/src/stm32f4xx_cryp.c"
Building file: ../StdPeriph_Driver/src/stm32f4xx_cryp_aes.c
Invoking: MCU GCC Compiler
C:\Users\angel\Desktop\3er\Periferics\alt\3\Practica2\Debug
arm-none-eabi-gcc -mcpu=cortex-m4 -mthumb -mfloat-abi=hard -mfpu=fpv4-sp-d16 -DSTM32 -DSTM32F4 -DSTM32F429ZITx -DSTM32F429I_DISC1 -DDEBUG -DSTM32F429_439xx -DUSE_STDPERIPH_DRIVER -I"C:/Users/angel/Desktop/3er/Periferics/alt/3/Practica2/StdPeriph_Driver/inc" -I"C:/Users/angel/Desktop/3er/Periferics/alt/3/Practica2/inc" -I"C:/Users/angel/Desktop/3er/Periferics/alt/3/Practica2/CMSIS/device" -I"C:/Users/angel/Desktop/3er/Periferics/alt/3/Practica2/CMSIS/core" -O0 -g3 -Wall -fmessage-length=0 -ffunction-sections -c -MMD -MP -MF"StdPeriph_Driver/src/stm32f4xx_cryp_aes.d" -MT"StdPeriph_Driver/src/stm32f4xx_cryp_aes.o" -o "StdPeriph_Driver/src/stm32f4xx_cryp_aes.o" "../StdPeriph_Driver/src/stm32f4xx_cryp_aes.c"
Finished building: ../StdPeriph_Driver/src/misc.c
 
Building file: ../StdPeriph_Driver/src/stm32f4xx_cryp_des.c
Invoking: MCU GCC Compiler
C:\Users\angel\Desktop\3er\Periferics\alt\3\Practica2\Debug
Finished building: ../src/main.c
arm-none-eabi-gcc -mcpu=cortex-m4 -mthumb -mfloat-abi=hard -mfpu=fpv4-sp-d16 -DSTM32 -DSTM32F4 -DSTM32F429ZITx -DSTM32F429I_DISC1 -DDEBUG -DSTM32F429_439xx -DUSE_STDPERIPH_DRIVER -I"C:/Users/angel/Desktop/3er/Periferics/alt/3/Practica2/StdPeriph_Driver/inc" -I"C:/Users/angel/Desktop/3er/Periferics/alt/3/Practica2/inc" -I"C:/Users/angel/Desktop/3er/Periferics/alt/3/Practica2/CMSIS/device" -I"C:/Users/angel/Desktop/3er/Periferics/alt/3/Practica2/CMSIS/core" -O0 -g3 -Wall -fmessage-length=0 -ffunction-sections -c -MMD -MP -MF"StdPeriph_Driver/src/stm32f4xx_cryp_des.d" -MT"StdPeriph_Driver/src/stm32f4xx_cryp_des.o" -o "StdPeriph_Driver/src/stm32f4xx_cryp_des.o" "../StdPeriph_Driver/src/stm32f4xx_cryp_des.c"
Finished building: ../StdPeriph_Driver/src/stm32f4xx_adc.c
 
 
Building file: ../StdPeriph_Driver/src/stm32f4xx_cryp_tdes.c
Finished building: ../StdPeriph_Driver/src/stm32f4xx_cec.c
Finished building: ../StdPeriph_Driver/src/stm32f4xx_crc.c
Building file: ../StdPeriph_Driver/src/stm32f4xx_dac.c
Invoking: MCU GCC Compiler
 
 
Invoking: MCU GCC Compiler
Finished building: ../StdPeriph_Driver/src/stm32f4xx_can.c
C:\Users\angel\Desktop\3er\Periferics\alt\3\Practica2\Debug
Building file: ../StdPeriph_Driver/src/stm32f4xx_dbgmcu.c
arm-none-eabi-gcc -mcpu=cortex-m4 -mthumb -mfloat-abi=hard -mfpu=fpv4-sp-d16 -DSTM32 -DSTM32F4 -DSTM32F429ZITx -DSTM32F429I_DISC1 -DDEBUG -DSTM32F429_439xx -DUSE_STDPERIPH_DRIVER -I"C:/Users/angel/Desktop/3er/Periferics/alt/3/Practica2/StdPeriph_Driver/inc" -I"C:/Users/angel/Desktop/3er/Periferics/alt/3/Practica2/inc" -I"C:/Users/angel/Desktop/3er/Periferics/alt/3/Practica2/CMSIS/device" -I"C:/Users/angel/Desktop/3er/Periferics/alt/3/Practica2/CMSIS/core" -O0 -g3 -Wall -fmessage-length=0 -ffunction-sections -c -MMD -MP -MF"StdPeriph_Driver/src/stm32f4xx_cryp_tdes.d" -MT"StdPeriph_Driver/src/stm32f4xx_cryp_tdes.o" -o "StdPeriph_Driver/src/stm32f4xx_cryp_tdes.o" "../StdPeriph_Driver/src/stm32f4xx_cryp_tdes.c"
Building file: ../StdPeriph_Driver/src/stm32f4xx_dcmi.c
C:\Users\angel\Desktop\3er\Periferics\alt\3\Practica2\Debug
 
arm-none-eabi-gcc -mcpu=cortex-m4 -mthumb -mfloat-abi=hard -mfpu=fpv4-sp-d16 -DSTM32 -DSTM32F4 -DSTM32F429ZITx -DSTM32F429I_DISC1 -DDEBUG -DSTM32F429_439xx -DUSE_STDPERIPH_DRIVER -I"C:/Users/angel/Desktop/3er/Periferics/alt/3/Practica2/StdPeriph_Driver/inc" -I"C:/Users/angel/Desktop/3er/Periferics/alt/3/Practica2/inc" -I"C:/Users/angel/Desktop/3er/Periferics/alt/3/Practica2/CMSIS/device" -I"C:/Users/angel/Desktop/3er/Periferics/alt/3/Practica2/CMSIS/core" -O0 -g3 -Wall -fmessage-length=0 -ffunction-sections -c -MMD -MP -MF"StdPeriph_Driver/src/stm32f4xx_dac.d" -MT"StdPeriph_Driver/src/stm32f4xx_dac.o" -o "StdPeriph_Driver/src/stm32f4xx_dac.o" "../StdPeriph_Driver/src/stm32f4xx_dac.c"
Invoking: MCU GCC Compiler
Invoking: MCU GCC Compiler
Finished building: ../StdPeriph_Driver/src/stm32f4xx_cryp.c
Building file: ../StdPeriph_Driver/src/stm32f4xx_dfsdm.c
C:\Users\angel\Desktop\3er\Periferics\alt\3\Practica2\Debug
C:\Users\angel\Desktop\3er\Periferics\alt\3\Practica2\Debug
arm-none-eabi-gcc -mcpu=cortex-m4 -mthumb -mfloat-abi=hard -mfpu=fpv4-sp-d16 -DSTM32 -DSTM32F4 -DSTM32F429ZITx -DSTM32F429I_DISC1 -DDEBUG -DSTM32F429_439xx -DUSE_STDPERIPH_DRIVER -I"C:/Users/angel/Desktop/3er/Periferics/alt/3/Practica2/StdPeriph_Driver/inc" -I"C:/Users/angel/Desktop/3er/Periferics/alt/3/Practica2/inc" -I"C:/Users/angel/Desktop/3er/Periferics/alt/3/Practica2/CMSIS/device" -I"C:/Users/angel/Desktop/3er/Periferics/alt/3/Practica2/CMSIS/core" -O0 -g3 -Wall -fmessage-length=0 -ffunction-sections -c -MMD -MP -MF"StdPeriph_Driver/src/stm32f4xx_dbgmcu.d" -MT"StdPeriph_Driver/src/stm32f4xx_dbgmcu.o" -o "StdPeriph_Driver/src/stm32f4xx_dbgmcu.o" "../StdPeriph_Driver/src/stm32f4xx_dbgmcu.c"
 
arm-none-eabi-gcc -mcpu=cortex-m4 -mthumb -mfloat-abi=hard -mfpu=fpv4-sp-d16 -DSTM32 -DSTM32F4 -DSTM32F429ZITx -DSTM32F429I_DISC1 -DDEBUG -DSTM32F429_439xx -DUSE_STDPERIPH_DRIVER -I"C:/Users/angel/Desktop/3er/Periferics/alt/3/Practica2/StdPeriph_Driver/inc" -I"C:/Users/angel/Desktop/3er/Periferics/alt/3/Practica2/inc" -I"C:/Users/angel/Desktop/3er/Periferics/alt/3/Practica2/CMSIS/device" -I"C:/Users/angel/Desktop/3er/Periferics/alt/3/Practica2/CMSIS/core" -O0 -g3 -Wall -fmessage-length=0 -ffunction-sections -c -MMD -MP -MF"StdPeriph_Driver/src/stm32f4xx_dcmi.d" -MT"StdPeriph_Driver/src/stm32f4xx_dcmi.o" -o "StdPeriph_Driver/src/stm32f4xx_dcmi.o" "../StdPeriph_Driver/src/stm32f4xx_dcmi.c"
Invoking: MCU GCC Compiler
Building file: ../StdPeriph_Driver/src/stm32f4xx_dma.c
C:\Users\angel\Desktop\3er\Periferics\alt\3\Practica2\Debug
arm-none-eabi-gcc -mcpu=cortex-m4 -mthumb -mfloat-abi=hard -mfpu=fpv4-sp-d16 -DSTM32 -DSTM32F4 -DSTM32F429ZITx -DSTM32F429I_DISC1 -DDEBUG -DSTM32F429_439xx -DUSE_STDPERIPH_DRIVER -I"C:/Users/angel/Desktop/3er/Periferics/alt/3/Practica2/StdPeriph_Driver/inc" -I"C:/Users/angel/Desktop/3er/Periferics/alt/3/Practica2/inc" -I"C:/Users/angel/Desktop/3er/Periferics/alt/3/Practica2/CMSIS/device" -I"C:/Users/angel/Desktop/3er/Periferics/alt/3/Practica2/CMSIS/core" -O0 -g3 -Wall -fmessage-length=0 -ffunction-sections -c -MMD -MP -MF"StdPeriph_Driver/src/stm32f4xx_dfsdm.d" -MT"StdPeriph_Driver/src/stm32f4xx_dfsdm.o" -o "StdPeriph_Driver/src/stm32f4xx_dfsdm.o" "../StdPeriph_Driver/src/stm32f4xx_dfsdm.c"
Invoking: MCU GCC Compiler
Finished building: ../StdPeriph_Driver/src/stm32f4xx_cryp_aes.c
C:\Users\angel\Desktop\3er\Periferics\alt\3\Practica2\Debug
arm-none-eabi-gcc -mcpu=cortex-m4 -mthumb -mfloat-abi=hard -mfpu=fpv4-sp-d16 -DSTM32 -DSTM32F4 -DSTM32F429ZITx -DSTM32F429I_DISC1 -DDEBUG -DSTM32F429_439xx -DUSE_STDPERIPH_DRIVER -I"C:/Users/angel/Desktop/3er/Periferics/alt/3/Practica2/StdPeriph_Driver/inc" -I"C:/Users/angel/Desktop/3er/Periferics/alt/3/Practica2/inc" -I"C:/Users/angel/Desktop/3er/Periferics/alt/3/Practica2/CMSIS/device" -I"C:/Users/angel/Desktop/3er/Periferics/alt/3/Practica2/CMSIS/core" -O0 -g3 -Wall -fmessage-length=0 -ffunction-sections -c -MMD -MP -MF"StdPeriph_Driver/src/stm32f4xx_dma.d" -MT"StdPeriph_Driver/src/stm32f4xx_dma.o" -o "StdPeriph_Driver/src/stm32f4xx_dma.o" "../StdPeriph_Driver/src/stm32f4xx_dma.c"
 
Building file: ../StdPeriph_Driver/src/stm32f4xx_dma2d.c
Invoking: MCU GCC Compiler
C:\Users\angel\Desktop\3er\Periferics\alt\3\Practica2\Debug
arm-none-eabi-gcc -mcpu=cortex-m4 -mthumb -mfloat-abi=hard -mfpu=fpv4-sp-d16 -DSTM32 -DSTM32F4 -DSTM32F429ZITx -DSTM32F429I_DISC1 -DDEBUG -DSTM32F429_439xx -DUSE_STDPERIPH_DRIVER -I"C:/Users/angel/Desktop/3er/Periferics/alt/3/Practica2/StdPeriph_Driver/inc" -I"C:/Users/angel/Desktop/3er/Periferics/alt/3/Practica2/inc" -I"C:/Users/angel/Desktop/3er/Periferics/alt/3/Practica2/CMSIS/device" -I"C:/Users/angel/Desktop/3er/Periferics/alt/3/Practica2/CMSIS/core" -O0 -g3 -Wall -fmessage-length=0 -ffunction-sections -c -MMD -MP -MF"StdPeriph_Driver/src/stm32f4xx_dma2d.d" -MT"StdPeriph_Driver/src/stm32f4xx_dma2d.o" -o "StdPeriph_Driver/src/stm32f4xx_dma2d.o" "../StdPeriph_Driver/src/stm32f4xx_dma2d.c"
Finished building: ../StdPeriph_Driver/src/stm32f4xx_cryp_des.c
 
Building file: ../StdPeriph_Driver/src/stm32f4xx_dsi.c
Invoking: MCU GCC Compiler
Finished building: ../StdPeriph_Driver/src/stm32f4xx_dac.c
C:\Users\angel\Desktop\3er\Periferics\alt\3\Practica2\Debug
Finished building: ../StdPeriph_Driver/src/stm32f4xx_cryp_tdes.c
arm-none-eabi-gcc -mcpu=cortex-m4 -mthumb -mfloat-abi=hard -mfpu=fpv4-sp-d16 -DSTM32 -DSTM32F4 -DSTM32F429ZITx -DSTM32F429I_DISC1 -DDEBUG -DSTM32F429_439xx -DUSE_STDPERIPH_DRIVER -I"C:/Users/angel/Desktop/3er/Periferics/alt/3/Practica2/StdPeriph_Driver/inc" -I"C:/Users/angel/Desktop/3er/Periferics/alt/3/Practica2/inc" -I"C:/Users/angel/Desktop/3er/Periferics/alt/3/Practica2/CMSIS/device" -I"C:/Users/angel/Desktop/3er/Periferics/alt/3/Practica2/CMSIS/core" -O0 -g3 -Wall -fmessage-length=0 -ffunction-sections -c -MMD -MP -MF"StdPeriph_Driver/src/stm32f4xx_dsi.d" -MT"StdPeriph_Driver/src/stm32f4xx_dsi.o" -o "StdPeriph_Driver/src/stm32f4xx_dsi.o" "../StdPeriph_Driver/src/stm32f4xx_dsi.c"
 
Finished building: ../StdPeriph_Driver/src/stm32f4xx_dbgmcu.c
 
Building file: ../StdPeriph_Driver/src/stm32f4xx_exti.c
Finished building: ../StdPeriph_Driver/src/stm32f4xx_dfsdm.c
 
Finished building: ../StdPeriph_Driver/src/stm32f4xx_dcmi.c
Invoking: MCU GCC Compiler
Building file: ../StdPeriph_Driver/src/stm32f4xx_flash.c
 
 
Invoking: MCU GCC Compiler
Building file: ../StdPeriph_Driver/src/stm32f4xx_flash_ramfunc.c
C:\Users\angel\Desktop\3er\Periferics\alt\3\Practica2\Debug
Building file: ../StdPeriph_Driver/src/stm32f4xx_fmc.c
arm-none-eabi-gcc -mcpu=cortex-m4 -mthumb -mfloat-abi=hard -mfpu=fpv4-sp-d16 -DSTM32 -DSTM32F4 -DSTM32F429ZITx -DSTM32F429I_DISC1 -DDEBUG -DSTM32F429_439xx -DUSE_STDPERIPH_DRIVER -I"C:/Users/angel/Desktop/3er/Periferics/alt/3/Practica2/StdPeriph_Driver/inc" -I"C:/Users/angel/Desktop/3er/Periferics/alt/3/Practica2/inc" -I"C:/Users/angel/Desktop/3er/Periferics/alt/3/Practica2/CMSIS/device" -I"C:/Users/angel/Desktop/3er/Periferics/alt/3/Practica2/CMSIS/core" -O0 -g3 -Wall -fmessage-length=0 -ffunction-sections -c -MMD -MP -MF"StdPeriph_Driver/src/stm32f4xx_exti.d" -MT"StdPeriph_Driver/src/stm32f4xx_exti.o" -o "StdPeriph_Driver/src/stm32f4xx_exti.o" "../StdPeriph_Driver/src/stm32f4xx_exti.c"
Building file: ../StdPeriph_Driver/src/stm32f4xx_fmip2c.c
Invoking: MCU GCC Compiler
Invoking: MCU GCC Compiler
C:\Users\angel\Desktop\3er\Periferics\alt\3\Practica2\Debug
Invoking: MCU GCC Compiler
arm-none-eabi-gcc -mcpu=cortex-m4 -mthumb -mfloat-abi=hard -mfpu=fpv4-sp-d16 -DSTM32 -DSTM32F4 -DSTM32F429ZITx -DSTM32F429I_DISC1 -DDEBUG -DSTM32F429_439xx -DUSE_STDPERIPH_DRIVER -I"C:/Users/angel/Desktop/3er/Periferics/alt/3/Practica2/StdPeriph_Driver/inc" -I"C:/Users/angel/Desktop/3er/Periferics/alt/3/Practica2/inc" -I"C:/Users/angel/Desktop/3er/Periferics/alt/3/Practica2/CMSIS/device" -I"C:/Users/angel/Desktop/3er/Periferics/alt/3/Practica2/CMSIS/core" -O0 -g3 -Wall -fmessage-length=0 -ffunction-sections -c -MMD -MP -MF"StdPeriph_Driver/src/stm32f4xx_flash.d" -MT"StdPeriph_Driver/src/stm32f4xx_flash.o" -o "StdPeriph_Driver/src/stm32f4xx_flash.o" "../StdPeriph_Driver/src/stm32f4xx_flash.c"
C:\Users\angel\Desktop\3er\Periferics\alt\3\Practica2\Debug
arm-none-eabi-gcc -mcpu=cortex-m4 -mthumb -mfloat-abi=hard -mfpu=fpv4-sp-d16 -DSTM32 -DSTM32F4 -DSTM32F429ZITx -DSTM32F429I_DISC1 -DDEBUG -DSTM32F429_439xx -DUSE_STDPERIPH_DRIVER -I"C:/Users/angel/Desktop/3er/Periferics/alt/3/Practica2/StdPeriph_Driver/inc" -I"C:/Users/angel/Desktop/3er/Periferics/alt/3/Practica2/inc" -I"C:/Users/angel/Desktop/3er/Periferics/alt/3/Practica2/CMSIS/device" -I"C:/Users/angel/Desktop/3er/Periferics/alt/3/Practica2/CMSIS/core" -O0 -g3 -Wall -fmessage-length=0 -ffunction-sections -c -MMD -MP -MF"StdPeriph_Driver/src/stm32f4xx_flash_ramfunc.d" -MT"StdPeriph_Driver/src/stm32f4xx_flash_ramfunc.o" -o "StdPeriph_Driver/src/stm32f4xx_flash_ramfunc.o" "../StdPeriph_Driver/src/stm32f4xx_flash_ramfunc.c"
C:\Users\angel\Desktop\3er\Periferics\alt\3\Practica2\Debug
C:\Users\angel\Desktop\3er\Periferics\alt\3\Practica2\Debug
Finished building: ../StdPeriph_Driver/src/stm32f4xx_dma.c
Finished building: ../StdPeriph_Driver/src/stm32f4xx_dma2d.c
arm-none-eabi-gcc -mcpu=cortex-m4 -mthumb -mfloat-abi=hard -mfpu=fpv4-sp-d16 -DSTM32 -DSTM32F4 -DSTM32F429ZITx -DSTM32F429I_DISC1 -DDEBUG -DSTM32F429_439xx -DUSE_STDPERIPH_DRIVER -I"C:/Users/angel/Desktop/3er/Periferics/alt/3/Practica2/StdPeriph_Driver/inc" -I"C:/Users/angel/Desktop/3er/Periferics/alt/3/Practica2/inc" -I"C:/Users/angel/Desktop/3er/Periferics/alt/3/Practica2/CMSIS/device" -I"C:/Users/angel/Desktop/3er/Periferics/alt/3/Practica2/CMSIS/core" -O0 -g3 -Wall -fmessage-length=0 -ffunction-sections -c -MMD -MP -MF"StdPeriph_Driver/src/stm32f4xx_fmc.d" -MT"StdPeriph_Driver/src/stm32f4xx_fmc.o" -o "StdPeriph_Driver/src/stm32f4xx_fmc.o" "../StdPeriph_Driver/src/stm32f4xx_fmc.c"
arm-none-eabi-gcc -mcpu=cortex-m4 -mthumb -mfloat-abi=hard -mfpu=fpv4-sp-d16 -DSTM32 -DSTM32F4 -DSTM32F429ZITx -DSTM32F429I_DISC1 -DDEBUG -DSTM32F429_439xx -DUSE_STDPERIPH_DRIVER -I"C:/Users/angel/Desktop/3er/Periferics/alt/3/Practica2/StdPeriph_Driver/inc" -I"C:/Users/angel/Desktop/3er/Periferics/alt/3/Practica2/inc" -I"C:/Users/angel/Desktop/3er/Periferics/alt/3/Practica2/CMSIS/device" -I"C:/Users/angel/Desktop/3er/Periferics/alt/3/Practica2/CMSIS/core" -O0 -g3 -Wall -fmessage-length=0 -ffunction-sections -c -MMD -MP -MF"StdPeriph_Driver/src/stm32f4xx_fmip2c.d" -MT"StdPeriph_Driver/src/stm32f4xx_fmip2c.o" -o "StdPeriph_Driver/src/stm32f4xx_fmip2c.o" "../StdPeriph_Driver/src/stm32f4xx_fmip2c.c"
 
 
Building file: ../StdPeriph_Driver/src/stm32f4xx_fsmc.c
Invoking: MCU GCC Compiler
Building file: ../StdPeriph_Driver/src/stm32f4xx_gpio.c
Invoking: MCU GCC Compiler
Finished building: ../StdPeriph_Driver/src/stm32f4xx_dsi.c
C:\Users\angel\Desktop\3er\Periferics\alt\3\Practica2\Debug
arm-none-eabi-gcc -mcpu=cortex-m4 -mthumb -mfloat-abi=hard -mfpu=fpv4-sp-d16 -DSTM32 -DSTM32F4 -DSTM32F429ZITx -DSTM32F429I_DISC1 -DDEBUG -DSTM32F429_439xx -DUSE_STDPERIPH_DRIVER -I"C:/Users/angel/Desktop/3er/Periferics/alt/3/Practica2/StdPeriph_Driver/inc" -I"C:/Users/angel/Desktop/3er/Periferics/alt/3/Practica2/inc" -I"C:/Users/angel/Desktop/3er/Periferics/alt/3/Practica2/CMSIS/device" -I"C:/Users/angel/Desktop/3er/Periferics/alt/3/Practica2/CMSIS/core" -O0 -g3 -Wall -fmessage-length=0 -ffunction-sections -c -MMD -MP -MF"StdPeriph_Driver/src/stm32f4xx_fsmc.d" -MT"StdPeriph_Driver/src/stm32f4xx_fsmc.o" -o "StdPeriph_Driver/src/stm32f4xx_fsmc.o" "../StdPeriph_Driver/src/stm32f4xx_fsmc.c"
 
C:\Users\angel\Desktop\3er\Periferics\alt\3\Practica2\Debug
arm-none-eabi-gcc -mcpu=cortex-m4 -mthumb -mfloat-abi=hard -mfpu=fpv4-sp-d16 -DSTM32 -DSTM32F4 -DSTM32F429ZITx -DSTM32F429I_DISC1 -DDEBUG -DSTM32F429_439xx -DUSE_STDPERIPH_DRIVER -I"C:/Users/angel/Desktop/3er/Periferics/alt/3/Practica2/StdPeriph_Driver/inc" -I"C:/Users/angel/Desktop/3er/Periferics/alt/3/Practica2/inc" -I"C:/Users/angel/Desktop/3er/Periferics/alt/3/Practica2/CMSIS/device" -I"C:/Users/angel/Desktop/3er/Periferics/alt/3/Practica2/CMSIS/core" -O0 -g3 -Wall -fmessage-length=0 -ffunction-sections -c -MMD -MP -MF"StdPeriph_Driver/src/stm32f4xx_gpio.d" -MT"StdPeriph_Driver/src/stm32f4xx_gpio.o" -o "StdPeriph_Driver/src/stm32f4xx_gpio.o" "../StdPeriph_Driver/src/stm32f4xx_gpio.c"
Building file: ../StdPeriph_Driver/src/stm32f4xx_hash.c
Invoking: MCU GCC Compiler
Finished building: ../StdPeriph_Driver/src/stm32f4xx_exti.c
C:\Users\angel\Desktop\3er\Periferics\alt\3\Practica2\Debug
arm-none-eabi-gcc -mcpu=cortex-m4 -mthumb -mfloat-abi=hard -mfpu=fpv4-sp-d16 -DSTM32 -DSTM32F4 -DSTM32F429ZITx -DSTM32F429I_DISC1 -DDEBUG -DSTM32F429_439xx -DUSE_STDPERIPH_DRIVER -I"C:/Users/angel/Desktop/3er/Periferics/alt/3/Practica2/StdPeriph_Driver/inc" -I"C:/Users/angel/Desktop/3er/Periferics/alt/3/Practica2/inc" -I"C:/Users/angel/Desktop/3er/Periferics/alt/3/Practica2/CMSIS/device" -I"C:/Users/angel/Desktop/3er/Periferics/alt/3/Practica2/CMSIS/core" -O0 -g3 -Wall -fmessage-length=0 -ffunction-sections -c -MMD -MP -MF"StdPeriph_Driver/src/stm32f4xx_hash.d" -MT"StdPeriph_Driver/src/stm32f4xx_hash.o" -o "StdPeriph_Driver/src/stm32f4xx_hash.o" "../StdPeriph_Driver/src/stm32f4xx_hash.c"
 
Finished building: ../StdPeriph_Driver/src/stm32f4xx_flash.c
Finished building: ../StdPeriph_Driver/src/stm32f4xx_flash_ramfunc.c
Building file: ../StdPeriph_Driver/src/stm32f4xx_hash_md5.c
 
 
Finished building: ../StdPeriph_Driver/src/stm32f4xx_fmip2c.c
Invoking: MCU GCC Compiler
Building file: ../StdPeriph_Driver/src/stm32f4xx_hash_sha1.c
Building file: ../StdPeriph_Driver/src/stm32f4xx_i2c.c
 
C:\Users\angel\Desktop\3er\Periferics\alt\3\Practica2\Debug
Invoking: MCU GCC Compiler
arm-none-eabi-gcc -mcpu=cortex-m4 -mthumb -mfloat-abi=hard -mfpu=fpv4-sp-d16 -DSTM32 -DSTM32F4 -DSTM32F429ZITx -DSTM32F429I_DISC1 -DDEBUG -DSTM32F429_439xx -DUSE_STDPERIPH_DRIVER -I"C:/Users/angel/Desktop/3er/Periferics/alt/3/Practica2/StdPeriph_Driver/inc" -I"C:/Users/angel/Desktop/3er/Periferics/alt/3/Practica2/inc" -I"C:/Users/angel/Desktop/3er/Periferics/alt/3/Practica2/CMSIS/device" -I"C:/Users/angel/Desktop/3er/Periferics/alt/3/Practica2/CMSIS/core" -O0 -g3 -Wall -fmessage-length=0 -ffunction-sections -c -MMD -MP -MF"StdPeriph_Driver/src/stm32f4xx_hash_md5.d" -MT"StdPeriph_Driver/src/stm32f4xx_hash_md5.o" -o "StdPeriph_Driver/src/stm32f4xx_hash_md5.o" "../StdPeriph_Driver/src/stm32f4xx_hash_md5.c"
Building file: ../StdPeriph_Driver/src/stm32f4xx_iwdg.c
Invoking: MCU GCC Compiler
C:\Users\angel\Desktop\3er\Periferics\alt\3\Practica2\Debug
arm-none-eabi-gcc -mcpu=cortex-m4 -mthumb -mfloat-abi=hard -mfpu=fpv4-sp-d16 -DSTM32 -DSTM32F4 -DSTM32F429ZITx -DSTM32F429I_DISC1 -DDEBUG -DSTM32F429_439xx -DUSE_STDPERIPH_DRIVER -I"C:/Users/angel/Desktop/3er/Periferics/alt/3/Practica2/StdPeriph_Driver/inc" -I"C:/Users/angel/Desktop/3er/Periferics/alt/3/Practica2/inc" -I"C:/Users/angel/Desktop/3er/Periferics/alt/3/Practica2/CMSIS/device" -I"C:/Users/angel/Desktop/3er/Periferics/alt/3/Practica2/CMSIS/core" -O0 -g3 -Wall -fmessage-length=0 -ffunction-sections -c -MMD -MP -MF"StdPeriph_Driver/src/stm32f4xx_hash_sha1.d" -MT"StdPeriph_Driver/src/stm32f4xx_hash_sha1.o" -o "StdPeriph_Driver/src/stm32f4xx_hash_sha1.o" "../StdPeriph_Driver/src/stm32f4xx_hash_sha1.c"
Invoking: MCU GCC Compiler
C:\Users\angel\Desktop\3er\Periferics\alt\3\Practica2\Debug
arm-none-eabi-gcc -mcpu=cortex-m4 -mthumb -mfloat-abi=hard -mfpu=fpv4-sp-d16 -DSTM32 -DSTM32F4 -DSTM32F429ZITx -DSTM32F429I_DISC1 -DDEBUG -DSTM32F429_439xx -DUSE_STDPERIPH_DRIVER -I"C:/Users/angel/Desktop/3er/Periferics/alt/3/Practica2/StdPeriph_Driver/inc" -I"C:/Users/angel/Desktop/3er/Periferics/alt/3/Practica2/inc" -I"C:/Users/angel/Desktop/3er/Periferics/alt/3/Practica2/CMSIS/device" -I"C:/Users/angel/Desktop/3er/Periferics/alt/3/Practica2/CMSIS/core" -O0 -g3 -Wall -fmessage-length=0 -ffunction-sections -c -MMD -MP -MF"StdPeriph_Driver/src/stm32f4xx_i2c.d" -MT"StdPeriph_Driver/src/stm32f4xx_i2c.o" -o "StdPeriph_Driver/src/stm32f4xx_i2c.o" "../StdPeriph_Driver/src/stm32f4xx_i2c.c"
Finished building: ../StdPeriph_Driver/src/stm32f4xx_fmc.c
Finished building: ../StdPeriph_Driver/src/stm32f4xx_fsmc.c
C:\Users\angel\Desktop\3er\Periferics\alt\3\Practica2\Debug
arm-none-eabi-gcc -mcpu=cortex-m4 -mthumb -mfloat-abi=hard -mfpu=fpv4-sp-d16 -DSTM32 -DSTM32F4 -DSTM32F429ZITx -DSTM32F429I_DISC1 -DDEBUG -DSTM32F429_439xx -DUSE_STDPERIPH_DRIVER -I"C:/Users/angel/Desktop/3er/Periferics/alt/3/Practica2/StdPeriph_Driver/inc" -I"C:/Users/angel/Desktop/3er/Periferics/alt/3/Practica2/inc" -I"C:/Users/angel/Desktop/3er/Periferics/alt/3/Practica2/CMSIS/device" -I"C:/Users/angel/Desktop/3er/Periferics/alt/3/Practica2/CMSIS/core" -O0 -g3 -Wall -fmessage-length=0 -ffunction-sections -c -MMD -MP -MF"StdPeriph_Driver/src/stm32f4xx_iwdg.d" -MT"StdPeriph_Driver/src/stm32f4xx_iwdg.o" -o "StdPeriph_Driver/src/stm32f4xx_iwdg.o" "../StdPeriph_Driver/src/stm32f4xx_iwdg.c"
 
 
Building file: ../StdPeriph_Driver/src/stm32f4xx_lptim.c
Building file: ../StdPeriph_Driver/src/stm32f4xx_ltdc.c
Invoking: MCU GCC Compiler
Invoking: MCU GCC Compiler
C:\Users\angel\Desktop\3er\Periferics\alt\3\Practica2\Debug
Finished building: ../StdPeriph_Driver/src/stm32f4xx_gpio.c
arm-none-eabi-gcc -mcpu=cortex-m4 -mthumb -mfloat-abi=hard -mfpu=fpv4-sp-d16 -DSTM32 -DSTM32F4 -DSTM32F429ZITx -DSTM32F429I_DISC1 -DDEBUG -DSTM32F429_439xx -DUSE_STDPERIPH_DRIVER -I"C:/Users/angel/Desktop/3er/Periferics/alt/3/Practica2/StdPeriph_Driver/inc" -I"C:/Users/angel/Desktop/3er/Periferics/alt/3/Practica2/inc" -I"C:/Users/angel/Desktop/3er/Periferics/alt/3/Practica2/CMSIS/device" -I"C:/Users/angel/Desktop/3er/Periferics/alt/3/Practica2/CMSIS/core" -O0 -g3 -Wall -fmessage-length=0 -ffunction-sections -c -MMD -MP -MF"StdPeriph_Driver/src/stm32f4xx_lptim.d" -MT"StdPeriph_Driver/src/stm32f4xx_lptim.o" -o "StdPeriph_Driver/src/stm32f4xx_lptim.o" "../StdPeriph_Driver/src/stm32f4xx_lptim.c"
C:\Users\angel\Desktop\3er\Periferics\alt\3\Practica2\Debug
arm-none-eabi-gcc -mcpu=cortex-m4 -mthumb -mfloat-abi=hard -mfpu=fpv4-sp-d16 -DSTM32 -DSTM32F4 -DSTM32F429ZITx -DSTM32F429I_DISC1 -DDEBUG -DSTM32F429_439xx -DUSE_STDPERIPH_DRIVER -I"C:/Users/angel/Desktop/3er/Periferics/alt/3/Practica2/StdPeriph_Driver/inc" -I"C:/Users/angel/Desktop/3er/Periferics/alt/3/Practica2/inc" -I"C:/Users/angel/Desktop/3er/Periferics/alt/3/Practica2/CMSIS/device" -I"C:/Users/angel/Desktop/3er/Periferics/alt/3/Practica2/CMSIS/core" -O0 -g3 -Wall -fmessage-length=0 -ffunction-sections -c -MMD -MP -MF"StdPeriph_Driver/src/stm32f4xx_ltdc.d" -MT"StdPeriph_Driver/src/stm32f4xx_ltdc.o" -o "StdPeriph_Driver/src/stm32f4xx_ltdc.o" "../StdPeriph_Driver/src/stm32f4xx_ltdc.c"
 
Building file: ../StdPeriph_Driver/src/stm32f4xx_pwr.c
Invoking: MCU GCC Compiler
C:\Users\angel\Desktop\3er\Periferics\alt\3\Practica2\Debug
Finished building: ../StdPeriph_Driver/src/stm32f4xx_hash.c
arm-none-eabi-gcc -mcpu=cortex-m4 -mthumb -mfloat-abi=hard -mfpu=fpv4-sp-d16 -DSTM32 -DSTM32F4 -DSTM32F429ZITx -DSTM32F429I_DISC1 -DDEBUG -DSTM32F429_439xx -DUSE_STDPERIPH_DRIVER -I"C:/Users/angel/Desktop/3er/Periferics/alt/3/Practica2/StdPeriph_Driver/inc" -I"C:/Users/angel/Desktop/3er/Periferics/alt/3/Practica2/inc" -I"C:/Users/angel/Desktop/3er/Periferics/alt/3/Practica2/CMSIS/device" -I"C:/Users/angel/Desktop/3er/Periferics/alt/3/Practica2/CMSIS/core" -O0 -g3 -Wall -fmessage-length=0 -ffunction-sections -c -MMD -MP -MF"StdPeriph_Driver/src/stm32f4xx_pwr.d" -MT"StdPeriph_Driver/src/stm32f4xx_pwr.o" -o "StdPeriph_Driver/src/stm32f4xx_pwr.o" "../StdPeriph_Driver/src/stm32f4xx_pwr.c"
 
Building file: ../StdPeriph_Driver/src/stm32f4xx_qspi.c
Finished building: ../StdPeriph_Driver/src/stm32f4xx_hash_md5.c
Invoking: MCU GCC Compiler
Finished building: ../StdPeriph_Driver/src/stm32f4xx_hash_sha1.c
 
C:\Users\angel\Desktop\3er\Periferics\alt\3\Practica2\Debug
Building file: ../StdPeriph_Driver/src/stm32f4xx_rcc.c
arm-none-eabi-gcc -mcpu=cortex-m4 -mthumb -mfloat-abi=hard -mfpu=fpv4-sp-d16 -DSTM32 -DSTM32F4 -DSTM32F429ZITx -DSTM32F429I_DISC1 -DDEBUG -DSTM32F429_439xx -DUSE_STDPERIPH_DRIVER -I"C:/Users/angel/Desktop/3er/Periferics/alt/3/Practica2/StdPeriph_Driver/inc" -I"C:/Users/angel/Desktop/3er/Periferics/alt/3/Practica2/inc" -I"C:/Users/angel/Desktop/3er/Periferics/alt/3/Practica2/CMSIS/device" -I"C:/Users/angel/Desktop/3er/Periferics/alt/3/Practica2/CMSIS/core" -O0 -g3 -Wall -fmessage-length=0 -ffunction-sections -c -MMD -MP -MF"StdPeriph_Driver/src/stm32f4xx_qspi.d" -MT"StdPeriph_Driver/src/stm32f4xx_qspi.o" -o "StdPeriph_Driver/src/stm32f4xx_qspi.o" "../StdPeriph_Driver/src/stm32f4xx_qspi.c"
 
Finished building: ../StdPeriph_Driver/src/stm32f4xx_iwdg.c
Invoking: MCU GCC Compiler
Building file: ../StdPeriph_Driver/src/stm32f4xx_rng.c
Finished building: ../StdPeriph_Driver/src/stm32f4xx_i2c.c
 
C:\Users\angel\Desktop\3er\Periferics\alt\3\Practica2\Debug
Invoking: MCU GCC Compiler
 
arm-none-eabi-gcc -mcpu=cortex-m4 -mthumb -mfloat-abi=hard -mfpu=fpv4-sp-d16 -DSTM32 -DSTM32F4 -DSTM32F429ZITx -DSTM32F429I_DISC1 -DDEBUG -DSTM32F429_439xx -DUSE_STDPERIPH_DRIVER -I"C:/Users/angel/Desktop/3er/Periferics/alt/3/Practica2/StdPeriph_Driver/inc" -I"C:/Users/angel/Desktop/3er/Periferics/alt/3/Practica2/inc" -I"C:/Users/angel/Desktop/3er/Periferics/alt/3/Practica2/CMSIS/device" -I"C:/Users/angel/Desktop/3er/Periferics/alt/3/Practica2/CMSIS/core" -O0 -g3 -Wall -fmessage-length=0 -ffunction-sections -c -MMD -MP -MF"StdPeriph_Driver/src/stm32f4xx_rcc.d" -MT"StdPeriph_Driver/src/stm32f4xx_rcc.o" -o "StdPeriph_Driver/src/stm32f4xx_rcc.o" "../StdPeriph_Driver/src/stm32f4xx_rcc.c"
Building file: ../StdPeriph_Driver/src/stm32f4xx_rtc.c
C:\Users\angel\Desktop\3er\Periferics\alt\3\Practica2\Debug
arm-none-eabi-gcc -mcpu=cortex-m4 -mthumb -mfloat-abi=hard -mfpu=fpv4-sp-d16 -DSTM32 -DSTM32F4 -DSTM32F429ZITx -DSTM32F429I_DISC1 -DDEBUG -DSTM32F429_439xx -DUSE_STDPERIPH_DRIVER -I"C:/Users/angel/Desktop/3er/Periferics/alt/3/Practica2/StdPeriph_Driver/inc" -I"C:/Users/angel/Desktop/3er/Periferics/alt/3/Practica2/inc" -I"C:/Users/angel/Desktop/3er/Periferics/alt/3/Practica2/CMSIS/device" -I"C:/Users/angel/Desktop/3er/Periferics/alt/3/Practica2/CMSIS/core" -O0 -g3 -Wall -fmessage-length=0 -ffunction-sections -c -MMD -MP -MF"StdPeriph_Driver/src/stm32f4xx_rng.d" -MT"StdPeriph_Driver/src/stm32f4xx_rng.o" -o "StdPeriph_Driver/src/stm32f4xx_rng.o" "../StdPeriph_Driver/src/stm32f4xx_rng.c"
Finished building: ../StdPeriph_Driver/src/stm32f4xx_lptim.c
Building file: ../StdPeriph_Driver/src/stm32f4xx_sai.c
Invoking: MCU GCC Compiler
 
Invoking: MCU GCC Compiler
C:\Users\angel\Desktop\3er\Periferics\alt\3\Practica2\Debug
Building file: ../StdPeriph_Driver/src/stm32f4xx_sdio.c
arm-none-eabi-gcc -mcpu=cortex-m4 -mthumb -mfloat-abi=hard -mfpu=fpv4-sp-d16 -DSTM32 -DSTM32F4 -DSTM32F429ZITx -DSTM32F429I_DISC1 -DDEBUG -DSTM32F429_439xx -DUSE_STDPERIPH_DRIVER -I"C:/Users/angel/Desktop/3er/Periferics/alt/3/Practica2/StdPeriph_Driver/inc" -I"C:/Users/angel/Desktop/3er/Periferics/alt/3/Practica2/inc" -I"C:/Users/angel/Desktop/3er/Periferics/alt/3/Practica2/CMSIS/device" -I"C:/Users/angel/Desktop/3er/Periferics/alt/3/Practica2/CMSIS/core" -O0 -g3 -Wall -fmessage-length=0 -ffunction-sections -c -MMD -MP -MF"StdPeriph_Driver/src/stm32f4xx_rtc.d" -MT"StdPeriph_Driver/src/stm32f4xx_rtc.o" -o "StdPeriph_Driver/src/stm32f4xx_rtc.o" "../StdPeriph_Driver/src/stm32f4xx_rtc.c"
C:\Users\angel\Desktop\3er\Periferics\alt\3\Practica2\Debug
arm-none-eabi-gcc -mcpu=cortex-m4 -mthumb -mfloat-abi=hard -mfpu=fpv4-sp-d16 -DSTM32 -DSTM32F4 -DSTM32F429ZITx -DSTM32F429I_DISC1 -DDEBUG -DSTM32F429_439xx -DUSE_STDPERIPH_DRIVER -I"C:/Users/angel/Desktop/3er/Periferics/alt/3/Practica2/StdPeriph_Driver/inc" -I"C:/Users/angel/Desktop/3er/Periferics/alt/3/Practica2/inc" -I"C:/Users/angel/Desktop/3er/Periferics/alt/3/Practica2/CMSIS/device" -I"C:/Users/angel/Desktop/3er/Periferics/alt/3/Practica2/CMSIS/core" -O0 -g3 -Wall -fmessage-length=0 -ffunction-sections -c -MMD -MP -MF"StdPeriph_Driver/src/stm32f4xx_sai.d" -MT"StdPeriph_Driver/src/stm32f4xx_sai.o" -o "StdPeriph_Driver/src/stm32f4xx_sai.o" "../StdPeriph_Driver/src/stm32f4xx_sai.c"
Invoking: MCU GCC Compiler
Finished building: ../StdPeriph_Driver/src/stm32f4xx_ltdc.c
C:\Users\angel\Desktop\3er\Periferics\alt\3\Practica2\Debug
 
arm-none-eabi-gcc -mcpu=cortex-m4 -mthumb -mfloat-abi=hard -mfpu=fpv4-sp-d16 -DSTM32 -DSTM32F4 -DSTM32F429ZITx -DSTM32F429I_DISC1 -DDEBUG -DSTM32F429_439xx -DUSE_STDPERIPH_DRIVER -I"C:/Users/angel/Desktop/3er/Periferics/alt/3/Practica2/StdPeriph_Driver/inc" -I"C:/Users/angel/Desktop/3er/Periferics/alt/3/Practica2/inc" -I"C:/Users/angel/Desktop/3er/Periferics/alt/3/Practica2/CMSIS/device" -I"C:/Users/angel/Desktop/3er/Periferics/alt/3/Practica2/CMSIS/core" -O0 -g3 -Wall -fmessage-length=0 -ffunction-sections -c -MMD -MP -MF"StdPeriph_Driver/src/stm32f4xx_sdio.d" -MT"StdPeriph_Driver/src/stm32f4xx_sdio.o" -o "StdPeriph_Driver/src/stm32f4xx_sdio.o" "../StdPeriph_Driver/src/stm32f4xx_sdio.c"
Building file: ../StdPeriph_Driver/src/stm32f4xx_spdifrx.c
Invoking: MCU GCC Compiler
Finished building: ../StdPeriph_Driver/src/stm32f4xx_pwr.c
C:\Users\angel\Desktop\3er\Periferics\alt\3\Practica2\Debug
arm-none-eabi-gcc -mcpu=cortex-m4 -mthumb -mfloat-abi=hard -mfpu=fpv4-sp-d16 -DSTM32 -DSTM32F4 -DSTM32F429ZITx -DSTM32F429I_DISC1 -DDEBUG -DSTM32F429_439xx -DUSE_STDPERIPH_DRIVER -I"C:/Users/angel/Desktop/3er/Periferics/alt/3/Practica2/StdPeriph_Driver/inc" -I"C:/Users/angel/Desktop/3er/Periferics/alt/3/Practica2/inc" -I"C:/Users/angel/Desktop/3er/Periferics/alt/3/Practica2/CMSIS/device" -I"C:/Users/angel/Desktop/3er/Periferics/alt/3/Practica2/CMSIS/core" -O0 -g3 -Wall -fmessage-length=0 -ffunction-sections -c -MMD -MP -MF"StdPeriph_Driver/src/stm32f4xx_spdifrx.d" -MT"StdPeriph_Driver/src/stm32f4xx_spdifrx.o" -o "StdPeriph_Driver/src/stm32f4xx_spdifrx.o" "../StdPeriph_Driver/src/stm32f4xx_spdifrx.c"
 
Building file: ../StdPeriph_Driver/src/stm32f4xx_spi.c
Invoking: MCU GCC Compiler
C:\Users\angel\Desktop\3er\Periferics\alt\3\Practica2\Debug
arm-none-eabi-gcc -mcpu=cortex-m4 -mthumb -mfloat-abi=hard -mfpu=fpv4-sp-d16 -DSTM32 -DSTM32F4 -DSTM32F429ZITx -DSTM32F429I_DISC1 -DDEBUG -DSTM32F429_439xx -DUSE_STDPERIPH_DRIVER -I"C:/Users/angel/Desktop/3er/Periferics/alt/3/Practica2/StdPeriph_Driver/inc" -I"C:/Users/angel/Desktop/3er/Periferics/alt/3/Practica2/inc" -I"C:/Users/angel/Desktop/3er/Periferics/alt/3/Practica2/CMSIS/device" -I"C:/Users/angel/Desktop/3er/Periferics/alt/3/Practica2/CMSIS/core" -O0 -g3 -Wall -fmessage-length=0 -ffunction-sections -c -MMD -MP -MF"StdPeriph_Driver/src/stm32f4xx_spi.d" -MT"StdPeriph_Driver/src/stm32f4xx_spi.o" -o "StdPeriph_Driver/src/stm32f4xx_spi.o" "../StdPeriph_Driver/src/stm32f4xx_spi.c"
Finished building: ../StdPeriph_Driver/src/stm32f4xx_qspi.c
 
Building file: ../StdPeriph_Driver/src/stm32f4xx_syscfg.c
Invoking: MCU GCC Compiler
Finished building: ../StdPeriph_Driver/src/stm32f4xx_rcc.c
C:\Users\angel\Desktop\3er\Periferics\alt\3\Practica2\Debug
Finished building: ../StdPeriph_Driver/src/stm32f4xx_sai.c
arm-none-eabi-gcc -mcpu=cortex-m4 -mthumb -mfloat-abi=hard -mfpu=fpv4-sp-d16 -DSTM32 -DSTM32F4 -DSTM32F429ZITx -DSTM32F429I_DISC1 -DDEBUG -DSTM32F429_439xx -DUSE_STDPERIPH_DRIVER -I"C:/Users/angel/Desktop/3er/Periferics/alt/3/Practica2/StdPeriph_Driver/inc" -I"C:/Users/angel/Desktop/3er/Periferics/alt/3/Practica2/inc" -I"C:/Users/angel/Desktop/3er/Periferics/alt/3/Practica2/CMSIS/device" -I"C:/Users/angel/Desktop/3er/Periferics/alt/3/Practica2/CMSIS/core" -O0 -g3 -Wall -fmessage-length=0 -ffunction-sections -c -MMD -MP -MF"StdPeriph_Driver/src/stm32f4xx_syscfg.d" -MT"StdPeriph_Driver/src/stm32f4xx_syscfg.o" -o "StdPeriph_Driver/src/stm32f4xx_syscfg.o" "../StdPeriph_Driver/src/stm32f4xx_syscfg.c"
Finished building: ../StdPeriph_Driver/src/stm32f4xx_rng.c
 
 
 
Building file: ../StdPeriph_Driver/src/stm32f4xx_tim.c
Finished building: ../StdPeriph_Driver/src/stm32f4xx_rtc.c
Building file: ../StdPeriph_Driver/src/stm32f4xx_usart.c
Building file: ../StdPeriph_Driver/src/stm32f4xx_wwdg.c
Finished building: ../StdPeriph_Driver/src/stm32f4xx_sdio.c
Invoking: MCU GCC Compiler
 
Invoking: MCU GCC Compiler
 
Invoking: MCU GCC Compiler
C:\Users\angel\Desktop\3er\Periferics\alt\3\Practica2\Debug
arm-none-eabi-gcc -mcpu=cortex-m4 -mthumb -mfloat-abi=hard -mfpu=fpv4-sp-d16 -DSTM32 -DSTM32F4 -DSTM32F429ZITx -DSTM32F429I_DISC1 -DDEBUG -DSTM32F429_439xx -DUSE_STDPERIPH_DRIVER -I"C:/Users/angel/Desktop/3er/Periferics/alt/3/Practica2/StdPeriph_Driver/inc" -I"C:/Users/angel/Desktop/3er/Periferics/alt/3/Practica2/inc" -I"C:/Users/angel/Desktop/3er/Periferics/alt/3/Practica2/CMSIS/device" -I"C:/Users/angel/Desktop/3er/Periferics/alt/3/Practica2/CMSIS/core" -O0 -g3 -Wall -fmessage-length=0 -ffunction-sections -c -MMD -MP -MF"StdPeriph_Driver/src/stm32f4xx_tim.d" -MT"StdPeriph_Driver/src/stm32f4xx_tim.o" -o "StdPeriph_Driver/src/stm32f4xx_tim.o" "../StdPeriph_Driver/src/stm32f4xx_tim.c"
C:\Users\angel\Desktop\3er\Periferics\alt\3\Practica2\Debug
C:\Users\angel\Desktop\3er\Periferics\alt\3\Practica2\Debug
arm-none-eabi-gcc -mcpu=cortex-m4 -mthumb -mfloat-abi=hard -mfpu=fpv4-sp-d16 -DSTM32 -DSTM32F4 -DSTM32F429ZITx -DSTM32F429I_DISC1 -DDEBUG -DSTM32F429_439xx -DUSE_STDPERIPH_DRIVER -I"C:/Users/angel/Desktop/3er/Periferics/alt/3/Practica2/StdPeriph_Driver/inc" -I"C:/Users/angel/Desktop/3er/Periferics/alt/3/Practica2/inc" -I"C:/Users/angel/Desktop/3er/Periferics/alt/3/Practica2/CMSIS/device" -I"C:/Users/angel/Desktop/3er/Periferics/alt/3/Practica2/CMSIS/core" -O0 -g3 -Wall -fmessage-length=0 -ffunction-sections -c -MMD -MP -MF"StdPeriph_Driver/src/stm32f4xx_wwdg.d" -MT"StdPeriph_Driver/src/stm32f4xx_wwdg.o" -o "StdPeriph_Driver/src/stm32f4xx_wwdg.o" "../StdPeriph_Driver/src/stm32f4xx_wwdg.c"
arm-none-eabi-gcc -mcpu=cortex-m4 -mthumb -mfloat-abi=hard -mfpu=fpv4-sp-d16 -DSTM32 -DSTM32F4 -DSTM32F429ZITx -DSTM32F429I_DISC1 -DDEBUG -DSTM32F429_439xx -DUSE_STDPERIPH_DRIVER -I"C:/Users/angel/Desktop/3er/Periferics/alt/3/Practica2/StdPeriph_Driver/inc" -I"C:/Users/angel/Desktop/3er/Periferics/alt/3/Practica2/inc" -I"C:/Users/angel/Desktop/3er/Periferics/alt/3/Practica2/CMSIS/device" -I"C:/Users/angel/Desktop/3er/Periferics/alt/3/Practica2/CMSIS/core" -O0 -g3 -Wall -fmessage-length=0 -ffunction-sections -c -MMD -MP -MF"StdPeriph_Driver/src/stm32f4xx_usart.d" -MT"StdPeriph_Driver/src/stm32f4xx_usart.o" -o "StdPeriph_Driver/src/stm32f4xx_usart.o" "../StdPeriph_Driver/src/stm32f4xx_usart.c"
Finished building: ../StdPeriph_Driver/src/stm32f4xx_spdifrx.c
 
Finished building: ../StdPeriph_Driver/src/stm32f4xx_spi.c
 
Finished building: ../StdPeriph_Driver/src/stm32f4xx_syscfg.c
 
Finished building: ../StdPeriph_Driver/src/stm32f4xx_wwdg.c
 
Finished building: ../StdPeriph_Driver/src/stm32f4xx_usart.c
 
Finished building: ../StdPeriph_Driver/src/stm32f4xx_tim.c
 
Building target: Practica2.elf
Invoking: MCU GCC Linker
arm-none-eabi-gcc -mcpu=cortex-m4 -mthumb -mfloat-abi=hard -mfpu=fpv4-sp-d16 -T"C:/Users/angel/Desktop/3er/Periferics/alt/3/Practica2/LinkerScript.ld" -Wl,-Map=output.map -Wl,--gc-sections -o "Practica2.elf" @"objects.list"   -lm
Finished building target: Practica2.elf
 
make --no-print-directory post-build
Generating binary and Printing size information:
arm-none-eabi-objcopy -O binary "Practica2.elf" "Practica2.bin"
arm-none-eabi-size "Practica2.elf"
   text	   data	    bss	    dec	    hex	filename
 252028	   1128	   1108	 254264	  3e138	Practica2.elf
 
17:15:17 **** Incremental Build of configuration Debug for project PerifericsFase3 ****
make -j8 all 
Building file: ../src/mainF3.c
Invoking: MCU GCC Compiler
C:\Users\angel\Desktop\3er\Periferics\Practica\workspace\PerifericsFase3\Debug
arm-none-eabi-gcc -mcpu=cortex-m4 -mthumb -mfloat-abi=hard -mfpu=fpv4-sp-d16 -DSTM32 -DSTM32F4 -DSTM32F429ZITx -DSTM32F429I_DISC1 -DDEBUG -DSTM32F429_439xx -DUSE_STDPERIPH_DRIVER -I"C:/Users/angel/Desktop/3er/Periferics/Practica/workspace/PerifericsFase3/StdPeriph_Driver/inc" -I"C:/Users/angel/Desktop/3er/Periferics/Practica/workspace/PerifericsFase3/inc" -I"C:/Users/angel/Desktop/3er/Periferics/Practica/workspace/PerifericsFase3/CMSIS/device" -I"C:/Users/angel/Desktop/3er/Periferics/Practica/workspace/PerifericsFase3/CMSIS/core" -O0 -g3 -Wall -fmessage-length=0 -ffunction-sections -c -MMD -MP -MF"src/mainF3.d" -MT"src/mainF3.o" -o "src/mainF3.o" "../src/mainF3.c"
../src/mainF3.c: In function 'pintaPantalla':
../src/mainF3.c:94:4: error: too many arguments to function 'SetPixel2'
    SetPixel2(i, i, 0xF0, 0xF0, 0, 0);
    ^~~~~~~~~
../src/mainF3.c:50:7: note: declared here
 RetSt SetPixel2 (uint16_t col, uint16_t row, uint8_t red, uint8_t green, uint8_t blue){
       ^~~~~~~~~
At top level:
../src/mainF3.c:41:17: warning: 'CurrentFrameBuffer' defined but not used [-Wunused-variable]
 static uint32_t CurrentFrameBuffer = LCD_FRAME_BUFFER;
                 ^~~~~~~~~~~~~~~~~~
make: *** [src/mainF3.o] Error 1
src/subdir.mk:39: recipe for target 'src/mainF3.o' failed
17:15:40 **** Incremental Build of configuration Debug for project PerifericsFase3 ****
make -j8 all 
Building file: ../src/mainF3.c
Invoking: MCU GCC Compiler
C:\Users\angel\Desktop\3er\Periferics\Practica\workspace\PerifericsFase3\Debug
arm-none-eabi-gcc -mcpu=cortex-m4 -mthumb -mfloat-abi=hard -mfpu=fpv4-sp-d16 -DSTM32 -DSTM32F4 -DSTM32F429ZITx -DSTM32F429I_DISC1 -DDEBUG -DSTM32F429_439xx -DUSE_STDPERIPH_DRIVER -I"C:/Users/angel/Desktop/3er/Periferics/Practica/workspace/PerifericsFase3/StdPeriph_Driver/inc" -I"C:/Users/angel/Desktop/3er/Periferics/Practica/workspace/PerifericsFase3/inc" -I"C:/Users/angel/Desktop/3er/Periferics/Practica/workspace/PerifericsFase3/CMSIS/device" -I"C:/Users/angel/Desktop/3er/Periferics/Practica/workspace/PerifericsFase3/CMSIS/core" -O0 -g3 -Wall -fmessage-length=0 -ffunction-sections -c -MMD -MP -MF"src/mainF3.d" -MT"src/mainF3.o" -o "src/mainF3.o" "../src/mainF3.c"
../src/mainF3.c:41:17: warning: 'CurrentFrameBuffer' defined but not used [-Wunused-variable]
 static uint32_t CurrentFrameBuffer = LCD_FRAME_BUFFER;
                 ^~~~~~~~~~~~~~~~~~
Finished building: ../src/mainF3.c
 
Building target: PerifericsFase3.elf
Invoking: MCU GCC Linker
arm-none-eabi-gcc -mcpu=cortex-m4 -mthumb -mfloat-abi=hard -mfpu=fpv4-sp-d16 -T"C:/Users/angel/Desktop/3er/Periferics/Practica/workspace/PerifericsFase3/LinkerScript.ld" -Wl,-Map=output.map -Wl,--gc-sections -o "PerifericsFase3.elf" @"objects.list"   -lm
Finished building target: PerifericsFase3.elf
 
make --no-print-directory post-build
Generating binary and Printing size information:
arm-none-eabi-objcopy -O binary "PerifericsFase3.elf" "PerifericsFase3.bin"
arm-none-eabi-size "PerifericsFase3.elf"
   text	   data	    bss	    dec	    hex	filename
  23196	   1120	   2340	  26656	   6820	PerifericsFase3.elf
 
17:18:44 **** Incremental Build of configuration Debug for project PerifericsFase3 ****
make -j8 all 
Building file: ../src/mainF3.c
Invoking: MCU GCC Compiler
C:\Users\angel\Desktop\3er\Periferics\Practica\workspace\PerifericsFase3\Debug
arm-none-eabi-gcc -mcpu=cortex-m4 -mthumb -mfloat-abi=hard -mfpu=fpv4-sp-d16 -DSTM32 -DSTM32F4 -DSTM32F429ZITx -DSTM32F429I_DISC1 -DDEBUG -DSTM32F429_439xx -DUSE_STDPERIPH_DRIVER -I"C:/Users/angel/Desktop/3er/Periferics/Practica/workspace/PerifericsFase3/StdPeriph_Driver/inc" -I"C:/Users/angel/Desktop/3er/Periferics/Practica/workspace/PerifericsFase3/inc" -I"C:/Users/angel/Desktop/3er/Periferics/Practica/workspace/PerifericsFase3/CMSIS/device" -I"C:/Users/angel/Desktop/3er/Periferics/Practica/workspace/PerifericsFase3/CMSIS/core" -O0 -g3 -Wall -fmessage-length=0 -ffunction-sections -c -MMD -MP -MF"src/mainF3.d" -MT"src/mainF3.o" -o "src/mainF3.o" "../src/mainF3.c"
../src/mainF3.c:41:17: warning: 'CurrentFrameBuffer' defined but not used [-Wunused-variable]
 static uint32_t CurrentFrameBuffer = LCD_FRAME_BUFFER;
                 ^~~~~~~~~~~~~~~~~~
Finished building: ../src/mainF3.c
 
Building target: PerifericsFase3.elf
Invoking: MCU GCC Linker
arm-none-eabi-gcc -mcpu=cortex-m4 -mthumb -mfloat-abi=hard -mfpu=fpv4-sp-d16 -T"C:/Users/angel/Desktop/3er/Periferics/Practica/workspace/PerifericsFase3/LinkerScript.ld" -Wl,-Map=output.map -Wl,--gc-sections -o "PerifericsFase3.elf" @"objects.list"   -lm
Finished building target: PerifericsFase3.elf
 
make --no-print-directory post-build
Generating binary and Printing size information:
arm-none-eabi-objcopy -O binary "PerifericsFase3.elf" "PerifericsFase3.bin"
arm-none-eabi-size "PerifericsFase3.elf"
   text	   data	    bss	    dec	    hex	filename
  19312	   1120	   2340	  22772	   58f4	PerifericsFase3.elf
 
17:25:34 **** Incremental Build of configuration Debug for project PerifericsFase3 ****
make -j8 all 
Building file: ../src/mainF3.c
Invoking: MCU GCC Compiler
C:\Users\angel\Desktop\3er\Periferics\Practica\workspace\PerifericsFase3\Debug
arm-none-eabi-gcc -mcpu=cortex-m4 -mthumb -mfloat-abi=hard -mfpu=fpv4-sp-d16 -DSTM32 -DSTM32F4 -DSTM32F429ZITx -DSTM32F429I_DISC1 -DDEBUG -DSTM32F429_439xx -DUSE_STDPERIPH_DRIVER -I"C:/Users/angel/Desktop/3er/Periferics/Practica/workspace/PerifericsFase3/StdPeriph_Driver/inc" -I"C:/Users/angel/Desktop/3er/Periferics/Practica/workspace/PerifericsFase3/inc" -I"C:/Users/angel/Desktop/3er/Periferics/Practica/workspace/PerifericsFase3/CMSIS/device" -I"C:/Users/angel/Desktop/3er/Periferics/Practica/workspace/PerifericsFase3/CMSIS/core" -O0 -g3 -Wall -fmessage-length=0 -ffunction-sections -c -MMD -MP -MF"src/mainF3.d" -MT"src/mainF3.o" -o "src/mainF3.o" "../src/mainF3.c"
../src/mainF3.c:41:17: warning: 'CurrentFrameBuffer' defined but not used [-Wunused-variable]
 static uint32_t CurrentFrameBuffer = LCD_FRAME_BUFFER;
                 ^~~~~~~~~~~~~~~~~~
Finished building: ../src/mainF3.c
 
Building target: PerifericsFase3.elf
Invoking: MCU GCC Linker
arm-none-eabi-gcc -mcpu=cortex-m4 -mthumb -mfloat-abi=hard -mfpu=fpv4-sp-d16 -T"C:/Users/angel/Desktop/3er/Periferics/Practica/workspace/PerifericsFase3/LinkerScript.ld" -Wl,-Map=output.map -Wl,--gc-sections -o "PerifericsFase3.elf" @"objects.list"   -lm
Finished building target: PerifericsFase3.elf
 
make --no-print-directory post-build
Generating binary and Printing size information:
arm-none-eabi-objcopy -O binary "PerifericsFase3.elf" "PerifericsFase3.bin"
arm-none-eabi-size "PerifericsFase3.elf"
   text	   data	    bss	    dec	    hex	filename
  23196	   1120	   2340	  26656	   6820	PerifericsFase3.elf
 
17:25:53 **** Incremental Build of configuration Debug for project PerifericsFase3 ****
make -j8 all 
make: Nothing to be done for 'all'.
17:26:12 **** Incremental Build of configuration Debug for project PerifericsFase3 ****
make -j8 all 
Building file: ../src/mainF3.c
Invoking: MCU GCC Compiler
C:\Users\angel\Desktop\3er\Periferics\Practica\workspace\PerifericsFase3\Debug
arm-none-eabi-gcc -mcpu=cortex-m4 -mthumb -mfloat-abi=hard -mfpu=fpv4-sp-d16 -DSTM32 -DSTM32F4 -DSTM32F429ZITx -DSTM32F429I_DISC1 -DDEBUG -DSTM32F429_439xx -DUSE_STDPERIPH_DRIVER -I"C:/Users/angel/Desktop/3er/Periferics/Practica/workspace/PerifericsFase3/StdPeriph_Driver/inc" -I"C:/Users/angel/Desktop/3er/Periferics/Practica/workspace/PerifericsFase3/inc" -I"C:/Users/angel/Desktop/3er/Periferics/Practica/workspace/PerifericsFase3/CMSIS/device" -I"C:/Users/angel/Desktop/3er/Periferics/Practica/workspace/PerifericsFase3/CMSIS/core" -O0 -g3 -Wall -fmessage-length=0 -ffunction-sections -c -MMD -MP -MF"src/mainF3.d" -MT"src/mainF3.o" -o "src/mainF3.o" "../src/mainF3.c"
../src/mainF3.c:41:17: warning: 'CurrentFrameBuffer' defined but not used [-Wunused-variable]
 static uint32_t CurrentFrameBuffer = LCD_FRAME_BUFFER;
                 ^~~~~~~~~~~~~~~~~~
Finished building: ../src/mainF3.c
 
Building target: PerifericsFase3.elf
Invoking: MCU GCC Linker
arm-none-eabi-gcc -mcpu=cortex-m4 -mthumb -mfloat-abi=hard -mfpu=fpv4-sp-d16 -T"C:/Users/angel/Desktop/3er/Periferics/Practica/workspace/PerifericsFase3/LinkerScript.ld" -Wl,-Map=output.map -Wl,--gc-sections -o "PerifericsFase3.elf" @"objects.list"   -lm
Finished building target: PerifericsFase3.elf
 
make --no-print-directory post-build
Generating binary and Printing size information:
arm-none-eabi-objcopy -O binary "PerifericsFase3.elf" "PerifericsFase3.bin"
arm-none-eabi-size "PerifericsFase3.elf"
   text	   data	    bss	    dec	    hex	filename
  23196	   1120	   2340	  26656	   6820	PerifericsFase3.elf
 
17:28:02 **** Incremental Build of configuration Debug for project PerifericsFase3 ****
make -j8 all 
Building file: ../src/mainF3.c
Invoking: MCU GCC Compiler
C:\Users\angel\Desktop\3er\Periferics\Practica\workspace\PerifericsFase3\Debug
arm-none-eabi-gcc -mcpu=cortex-m4 -mthumb -mfloat-abi=hard -mfpu=fpv4-sp-d16 -DSTM32 -DSTM32F4 -DSTM32F429ZITx -DSTM32F429I_DISC1 -DDEBUG -DSTM32F429_439xx -DUSE_STDPERIPH_DRIVER -I"C:/Users/angel/Desktop/3er/Periferics/Practica/workspace/PerifericsFase3/StdPeriph_Driver/inc" -I"C:/Users/angel/Desktop/3er/Periferics/Practica/workspace/PerifericsFase3/inc" -I"C:/Users/angel/Desktop/3er/Periferics/Practica/workspace/PerifericsFase3/CMSIS/device" -I"C:/Users/angel/Desktop/3er/Periferics/Practica/workspace/PerifericsFase3/CMSIS/core" -O0 -g3 -Wall -fmessage-length=0 -ffunction-sections -c -MMD -MP -MF"src/mainF3.d" -MT"src/mainF3.o" -o "src/mainF3.o" "../src/mainF3.c"
../src/mainF3.c: In function 'pintaPantalla':
../src/mainF3.c:73:6: error: void value not ignored as it ought to be
  if (SDRAM_Init()) {
      ^~~~~~~~~~
../src/mainF3.c:76:3: warning: implicit declaration of function 'exit' [-Wimplicit-function-declaration]
   exit(0);
   ^~~~
../src/mainF3.c:76:3: warning: incompatible implicit declaration of built-in function 'exit'
../src/mainF3.c:76:3: note: include '<stdlib.h>' or provide a declaration of 'exit'
At top level:
../src/mainF3.c:41:17: warning: 'CurrentFrameBuffer' defined but not used [-Wunused-variable]
 static uint32_t CurrentFrameBuffer = LCD_FRAME_BUFFER;
                 ^~~~~~~~~~~~~~~~~~
src/subdir.mk:39: recipe for target 'src/mainF3.o' failed
make: *** [src/mainF3.o] Error 1
17:28:23 **** Incremental Build of configuration Debug for project PerifericsFase3 ****
make -j8 all 
Building file: ../src/mainF3.c
Invoking: MCU GCC Compiler
C:\Users\angel\Desktop\3er\Periferics\Practica\workspace\PerifericsFase3\Debug
arm-none-eabi-gcc -mcpu=cortex-m4 -mthumb -mfloat-abi=hard -mfpu=fpv4-sp-d16 -DSTM32 -DSTM32F4 -DSTM32F429ZITx -DSTM32F429I_DISC1 -DDEBUG -DSTM32F429_439xx -DUSE_STDPERIPH_DRIVER -I"C:/Users/angel/Desktop/3er/Periferics/Practica/workspace/PerifericsFase3/StdPeriph_Driver/inc" -I"C:/Users/angel/Desktop/3er/Periferics/Practica/workspace/PerifericsFase3/inc" -I"C:/Users/angel/Desktop/3er/Periferics/Practica/workspace/PerifericsFase3/CMSIS/device" -I"C:/Users/angel/Desktop/3er/Periferics/Practica/workspace/PerifericsFase3/CMSIS/core" -O0 -g3 -Wall -fmessage-length=0 -ffunction-sections -c -MMD -MP -MF"src/mainF3.d" -MT"src/mainF3.o" -o "src/mainF3.o" "../src/mainF3.c"
../src/mainF3.c: In function 'pintaPantalla':
../src/mainF3.c:73:6: error: invalid use of void expression
  if (!SDRAM_Init()) {
      ^
../src/mainF3.c:74:3: warning: implicit declaration of function 'exit' [-Wimplicit-function-declaration]
   exit(0);
   ^~~~
../src/mainF3.c:74:3: warning: incompatible implicit declaration of built-in function 'exit'
../src/mainF3.c:74:3: note: include '<stdlib.h>' or provide a declaration of 'exit'
At top level:
../src/mainF3.c:41:17: warning: 'CurrentFrameBuffer' defined but not used [-Wunused-variable]
 static uint32_t CurrentFrameBuffer = LCD_FRAME_BUFFER;
                 ^~~~~~~~~~~~~~~~~~
src/subdir.mk:39: recipe for target 'src/mainF3.o' failed
make: *** [src/mainF3.o] Error 1
17:28:47 **** Incremental Build of configuration Debug for project PerifericsFase3 ****
make -j8 all 
Building file: ../src/mainF3.c
Invoking: MCU GCC Compiler
C:\Users\angel\Desktop\3er\Periferics\Practica\workspace\PerifericsFase3\Debug
arm-none-eabi-gcc -mcpu=cortex-m4 -mthumb -mfloat-abi=hard -mfpu=fpv4-sp-d16 -DSTM32 -DSTM32F4 -DSTM32F429ZITx -DSTM32F429I_DISC1 -DDEBUG -DSTM32F429_439xx -DUSE_STDPERIPH_DRIVER -I"C:/Users/angel/Desktop/3er/Periferics/Practica/workspace/PerifericsFase3/StdPeriph_Driver/inc" -I"C:/Users/angel/Desktop/3er/Periferics/Practica/workspace/PerifericsFase3/inc" -I"C:/Users/angel/Desktop/3er/Periferics/Practica/workspace/PerifericsFase3/CMSIS/device" -I"C:/Users/angel/Desktop/3er/Periferics/Practica/workspace/PerifericsFase3/CMSIS/core" -O0 -g3 -Wall -fmessage-length=0 -ffunction-sections -c -MMD -MP -MF"src/mainF3.d" -MT"src/mainF3.o" -o "src/mainF3.o" "../src/mainF3.c"
../src/mainF3.c:41:17: warning: 'CurrentFrameBuffer' defined but not used [-Wunused-variable]
 static uint32_t CurrentFrameBuffer = LCD_FRAME_BUFFER;
                 ^~~~~~~~~~~~~~~~~~
Finished building: ../src/mainF3.c
 
Building target: PerifericsFase3.elf
Invoking: MCU GCC Linker
arm-none-eabi-gcc -mcpu=cortex-m4 -mthumb -mfloat-abi=hard -mfpu=fpv4-sp-d16 -T"C:/Users/angel/Desktop/3er/Periferics/Practica/workspace/PerifericsFase3/LinkerScript.ld" -Wl,-Map=output.map -Wl,--gc-sections -o "PerifericsFase3.elf" @"objects.list"   -lm
Finished building target: PerifericsFase3.elf
 
make --no-print-directory post-build
Generating binary and Printing size information:
arm-none-eabi-objcopy -O binary "PerifericsFase3.elf" "PerifericsFase3.bin"
arm-none-eabi-size "PerifericsFase3.elf"
   text	   data	    bss	    dec	    hex	filename
  23196	   1120	   2340	  26656	   6820	PerifericsFase3.elf
 
17:29:41 **** Incremental Build of configuration Debug for project PerifericsFase3 ****
make -j8 all 
Building file: ../src/mainF3.c
Invoking: MCU GCC Compiler
C:\Users\angel\Desktop\3er\Periferics\Practica\workspace\PerifericsFase3\Debug
arm-none-eabi-gcc -mcpu=cortex-m4 -mthumb -mfloat-abi=hard -mfpu=fpv4-sp-d16 -DSTM32 -DSTM32F4 -DSTM32F429ZITx -DSTM32F429I_DISC1 -DDEBUG -DSTM32F429_439xx -DUSE_STDPERIPH_DRIVER -I"C:/Users/angel/Desktop/3er/Periferics/Practica/workspace/PerifericsFase3/StdPeriph_Driver/inc" -I"C:/Users/angel/Desktop/3er/Periferics/Practica/workspace/PerifericsFase3/inc" -I"C:/Users/angel/Desktop/3er/Periferics/Practica/workspace/PerifericsFase3/CMSIS/device" -I"C:/Users/angel/Desktop/3er/Periferics/Practica/workspace/PerifericsFase3/CMSIS/core" -O0 -g3 -Wall -fmessage-length=0 -ffunction-sections -c -MMD -MP -MF"src/mainF3.d" -MT"src/mainF3.o" -o "src/mainF3.o" "../src/mainF3.c"
../src/mainF3.c:41:17: warning: 'CurrentFrameBuffer' defined but not used [-Wunused-variable]
 static uint32_t CurrentFrameBuffer = LCD_FRAME_BUFFER;
                 ^~~~~~~~~~~~~~~~~~
Finished building: ../src/mainF3.c
 
Building target: PerifericsFase3.elf
Invoking: MCU GCC Linker
arm-none-eabi-gcc -mcpu=cortex-m4 -mthumb -mfloat-abi=hard -mfpu=fpv4-sp-d16 -T"C:/Users/angel/Desktop/3er/Periferics/Practica/workspace/PerifericsFase3/LinkerScript.ld" -Wl,-Map=output.map -Wl,--gc-sections -o "PerifericsFase3.elf" @"objects.list"   -lm
Finished building target: PerifericsFase3.elf
 
make --no-print-directory post-build
Generating binary and Printing size information:
arm-none-eabi-objcopy -O binary "PerifericsFase3.elf" "PerifericsFase3.bin"
arm-none-eabi-size "PerifericsFase3.elf"
   text	   data	    bss	    dec	    hex	filename
  23196	   1120	   2340	  26656	   6820	PerifericsFase3.elf
 
17:30:04 **** Incremental Build of configuration Debug for project PerifericsFase3 ****
make -j8 all 
Building file: ../src/mainF3.c
Invoking: MCU GCC Compiler
C:\Users\angel\Desktop\3er\Periferics\Practica\workspace\PerifericsFase3\Debug
arm-none-eabi-gcc -mcpu=cortex-m4 -mthumb -mfloat-abi=hard -mfpu=fpv4-sp-d16 -DSTM32 -DSTM32F4 -DSTM32F429ZITx -DSTM32F429I_DISC1 -DDEBUG -DSTM32F429_439xx -DUSE_STDPERIPH_DRIVER -I"C:/Users/angel/Desktop/3er/Periferics/Practica/workspace/PerifericsFase3/StdPeriph_Driver/inc" -I"C:/Users/angel/Desktop/3er/Periferics/Practica/workspace/PerifericsFase3/inc" -I"C:/Users/angel/Desktop/3er/Periferics/Practica/workspace/PerifericsFase3/CMSIS/device" -I"C:/Users/angel/Desktop/3er/Periferics/Practica/workspace/PerifericsFase3/CMSIS/core" -O0 -g3 -Wall -fmessage-length=0 -ffunction-sections -c -MMD -MP -MF"src/mainF3.d" -MT"src/mainF3.o" -o "src/mainF3.o" "../src/mainF3.c"
../src/mainF3.c:41:17: warning: 'CurrentFrameBuffer' defined but not used [-Wunused-variable]
 static uint32_t CurrentFrameBuffer = LCD_FRAME_BUFFER;
                 ^~~~~~~~~~~~~~~~~~
Finished building: ../src/mainF3.c
 
Building target: PerifericsFase3.elf
Invoking: MCU GCC Linker
arm-none-eabi-gcc -mcpu=cortex-m4 -mthumb -mfloat-abi=hard -mfpu=fpv4-sp-d16 -T"C:/Users/angel/Desktop/3er/Periferics/Practica/workspace/PerifericsFase3/LinkerScript.ld" -Wl,-Map=output.map -Wl,--gc-sections -o "PerifericsFase3.elf" @"objects.list"   -lm
Finished building target: PerifericsFase3.elf
 
make --no-print-directory post-build
Generating binary and Printing size information:
arm-none-eabi-objcopy -O binary "PerifericsFase3.elf" "PerifericsFase3.bin"
arm-none-eabi-size "PerifericsFase3.elf"
   text	   data	    bss	    dec	    hex	filename
  23196	   1120	   2340	  26656	   6820	PerifericsFase3.elf
 
17:35:59 **** Incremental Build of configuration Debug for project PerifericsFase3 ****
make -j8 all 
Building file: ../src/mainF3.c
Invoking: MCU GCC Compiler
C:\Users\angel\Desktop\3er\Periferics\Practica\workspace\PerifericsFase3\Debug
arm-none-eabi-gcc -mcpu=cortex-m4 -mthumb -mfloat-abi=hard -mfpu=fpv4-sp-d16 -DSTM32 -DSTM32F4 -DSTM32F429ZITx -DSTM32F429I_DISC1 -DDEBUG -DSTM32F429_439xx -DUSE_STDPERIPH_DRIVER -I"C:/Users/angel/Desktop/3er/Periferics/Practica/workspace/PerifericsFase3/StdPeriph_Driver/inc" -I"C:/Users/angel/Desktop/3er/Periferics/Practica/workspace/PerifericsFase3/inc" -I"C:/Users/angel/Desktop/3er/Periferics/Practica/workspace/PerifericsFase3/CMSIS/device" -I"C:/Users/angel/Desktop/3er/Periferics/Practica/workspace/PerifericsFase3/CMSIS/core" -O0 -g3 -Wall -fmessage-length=0 -ffunction-sections -c -MMD -MP -MF"src/mainF3.d" -MT"src/mainF3.o" -o "src/mainF3.o" "../src/mainF3.c"
../src/mainF3.c:41:17: warning: 'CurrentFrameBuffer' defined but not used [-Wunused-variable]
 static uint32_t CurrentFrameBuffer = LCD_FRAME_BUFFER;
                 ^~~~~~~~~~~~~~~~~~
Finished building: ../src/mainF3.c
 
Building target: PerifericsFase3.elf
Invoking: MCU GCC Linker
arm-none-eabi-gcc -mcpu=cortex-m4 -mthumb -mfloat-abi=hard -mfpu=fpv4-sp-d16 -T"C:/Users/angel/Desktop/3er/Periferics/Practica/workspace/PerifericsFase3/LinkerScript.ld" -Wl,-Map=output.map -Wl,--gc-sections -o "PerifericsFase3.elf" @"objects.list"   -lm
Finished building target: PerifericsFase3.elf
 
make --no-print-directory post-build
Generating binary and Printing size information:
arm-none-eabi-objcopy -O binary "PerifericsFase3.elf" "PerifericsFase3.bin"
arm-none-eabi-size "PerifericsFase3.elf"
   text	   data	    bss	    dec	    hex	filename
  23196	   1120	   2340	  26656	   6820	PerifericsFase3.elf
 
17:36:22 **** Incremental Build of configuration Debug for project PerifericsFase3 ****
make -j8 all 
Building file: ../src/mainF3.c
Invoking: MCU GCC Compiler
C:\Users\angel\Desktop\3er\Periferics\Practica\workspace\PerifericsFase3\Debug
arm-none-eabi-gcc -mcpu=cortex-m4 -mthumb -mfloat-abi=hard -mfpu=fpv4-sp-d16 -DSTM32 -DSTM32F4 -DSTM32F429ZITx -DSTM32F429I_DISC1 -DDEBUG -DSTM32F429_439xx -DUSE_STDPERIPH_DRIVER -I"C:/Users/angel/Desktop/3er/Periferics/Practica/workspace/PerifericsFase3/StdPeriph_Driver/inc" -I"C:/Users/angel/Desktop/3er/Periferics/Practica/workspace/PerifericsFase3/inc" -I"C:/Users/angel/Desktop/3er/Periferics/Practica/workspace/PerifericsFase3/CMSIS/device" -I"C:/Users/angel/Desktop/3er/Periferics/Practica/workspace/PerifericsFase3/CMSIS/core" -O0 -g3 -Wall -fmessage-length=0 -ffunction-sections -c -MMD -MP -MF"src/mainF3.d" -MT"src/mainF3.o" -o "src/mainF3.o" "../src/mainF3.c"
../src/mainF3.c:41:17: warning: 'CurrentFrameBuffer' defined but not used [-Wunused-variable]
 static uint32_t CurrentFrameBuffer = LCD_FRAME_BUFFER;
                 ^~~~~~~~~~~~~~~~~~
Finished building: ../src/mainF3.c
 
Building target: PerifericsFase3.elf
Invoking: MCU GCC Linker
arm-none-eabi-gcc -mcpu=cortex-m4 -mthumb -mfloat-abi=hard -mfpu=fpv4-sp-d16 -T"C:/Users/angel/Desktop/3er/Periferics/Practica/workspace/PerifericsFase3/LinkerScript.ld" -Wl,-Map=output.map -Wl,--gc-sections -o "PerifericsFase3.elf" @"objects.list"   -lm
Finished building target: PerifericsFase3.elf
 
make --no-print-directory post-build
Generating binary and Printing size information:
arm-none-eabi-objcopy -O binary "PerifericsFase3.elf" "PerifericsFase3.bin"
arm-none-eabi-size "PerifericsFase3.elf"
   text	   data	    bss	    dec	    hex	filename
  22248	   1120	   2340	  25708	   646c	PerifericsFase3.elf
 
17:38:44 **** Incremental Build of configuration Debug for project PerifericsFase3 ****
make -j8 all 
Building file: ../src/mainF3.c
Invoking: MCU GCC Compiler
C:\Users\angel\Desktop\3er\Periferics\Practica\workspace\PerifericsFase3\Debug
arm-none-eabi-gcc -mcpu=cortex-m4 -mthumb -mfloat-abi=hard -mfpu=fpv4-sp-d16 -DSTM32 -DSTM32F4 -DSTM32F429ZITx -DSTM32F429I_DISC1 -DDEBUG -DSTM32F429_439xx -DUSE_STDPERIPH_DRIVER -I"C:/Users/angel/Desktop/3er/Periferics/Practica/workspace/PerifericsFase3/StdPeriph_Driver/inc" -I"C:/Users/angel/Desktop/3er/Periferics/Practica/workspace/PerifericsFase3/inc" -I"C:/Users/angel/Desktop/3er/Periferics/Practica/workspace/PerifericsFase3/CMSIS/device" -I"C:/Users/angel/Desktop/3er/Periferics/Practica/workspace/PerifericsFase3/CMSIS/core" -O0 -g3 -Wall -fmessage-length=0 -ffunction-sections -c -MMD -MP -MF"src/mainF3.d" -MT"src/mainF3.o" -o "src/mainF3.o" "../src/mainF3.c"
../src/mainF3.c:41:17: warning: 'CurrentFrameBuffer' defined but not used [-Wunused-variable]
 static uint32_t CurrentFrameBuffer = LCD_FRAME_BUFFER;
                 ^~~~~~~~~~~~~~~~~~
Finished building: ../src/mainF3.c
 
Building target: PerifericsFase3.elf
Invoking: MCU GCC Linker
arm-none-eabi-gcc -mcpu=cortex-m4 -mthumb -mfloat-abi=hard -mfpu=fpv4-sp-d16 -T"C:/Users/angel/Desktop/3er/Periferics/Practica/workspace/PerifericsFase3/LinkerScript.ld" -Wl,-Map=output.map -Wl,--gc-sections -o "PerifericsFase3.elf" @"objects.list"   -lm
Finished building target: PerifericsFase3.elf
 
make --no-print-directory post-build
Generating binary and Printing size information:
arm-none-eabi-objcopy -O binary "PerifericsFase3.elf" "PerifericsFase3.bin"
arm-none-eabi-size "PerifericsFase3.elf"
   text	   data	    bss	    dec	    hex	filename
  23200	   1120	   2340	  26660	   6824	PerifericsFase3.elf
 
17:39:17 **** Incremental Build of configuration Debug for project PerifericsFase3 ****
make -j8 all 
Building file: ../src/mainF3.c
Invoking: MCU GCC Compiler
C:\Users\angel\Desktop\3er\Periferics\Practica\workspace\PerifericsFase3\Debug
arm-none-eabi-gcc -mcpu=cortex-m4 -mthumb -mfloat-abi=hard -mfpu=fpv4-sp-d16 -DSTM32 -DSTM32F4 -DSTM32F429ZITx -DSTM32F429I_DISC1 -DDEBUG -DSTM32F429_439xx -DUSE_STDPERIPH_DRIVER -I"C:/Users/angel/Desktop/3er/Periferics/Practica/workspace/PerifericsFase3/StdPeriph_Driver/inc" -I"C:/Users/angel/Desktop/3er/Periferics/Practica/workspace/PerifericsFase3/inc" -I"C:/Users/angel/Desktop/3er/Periferics/Practica/workspace/PerifericsFase3/CMSIS/device" -I"C:/Users/angel/Desktop/3er/Periferics/Practica/workspace/PerifericsFase3/CMSIS/core" -O0 -g3 -Wall -fmessage-length=0 -ffunction-sections -c -MMD -MP -MF"src/mainF3.d" -MT"src/mainF3.o" -o "src/mainF3.o" "../src/mainF3.c"
../src/mainF3.c:41:17: warning: 'CurrentFrameBuffer' defined but not used [-Wunused-variable]
 static uint32_t CurrentFrameBuffer = LCD_FRAME_BUFFER;
                 ^~~~~~~~~~~~~~~~~~
Finished building: ../src/mainF3.c
 
Building target: PerifericsFase3.elf
Invoking: MCU GCC Linker
arm-none-eabi-gcc -mcpu=cortex-m4 -mthumb -mfloat-abi=hard -mfpu=fpv4-sp-d16 -T"C:/Users/angel/Desktop/3er/Periferics/Practica/workspace/PerifericsFase3/LinkerScript.ld" -Wl,-Map=output.map -Wl,--gc-sections -o "PerifericsFase3.elf" @"objects.list"   -lm
Finished building target: PerifericsFase3.elf
 
make --no-print-directory post-build
Generating binary and Printing size information:
arm-none-eabi-objcopy -O binary "PerifericsFase3.elf" "PerifericsFase3.bin"
arm-none-eabi-size "PerifericsFase3.elf"
   text	   data	    bss	    dec	    hex	filename
  23188	   1120	   2340	  26648	   6818	PerifericsFase3.elf
 
17:40:01 **** Incremental Build of configuration Debug for project PerifericsFase3 ****
make -j8 all 
Building file: ../src/mainF3.c
Invoking: MCU GCC Compiler
C:\Users\angel\Desktop\3er\Periferics\Practica\workspace\PerifericsFase3\Debug
arm-none-eabi-gcc -mcpu=cortex-m4 -mthumb -mfloat-abi=hard -mfpu=fpv4-sp-d16 -DSTM32 -DSTM32F4 -DSTM32F429ZITx -DSTM32F429I_DISC1 -DDEBUG -DSTM32F429_439xx -DUSE_STDPERIPH_DRIVER -I"C:/Users/angel/Desktop/3er/Periferics/Practica/workspace/PerifericsFase3/StdPeriph_Driver/inc" -I"C:/Users/angel/Desktop/3er/Periferics/Practica/workspace/PerifericsFase3/inc" -I"C:/Users/angel/Desktop/3er/Periferics/Practica/workspace/PerifericsFase3/CMSIS/device" -I"C:/Users/angel/Desktop/3er/Periferics/Practica/workspace/PerifericsFase3/CMSIS/core" -O0 -g3 -Wall -fmessage-length=0 -ffunction-sections -c -MMD -MP -MF"src/mainF3.d" -MT"src/mainF3.o" -o "src/mainF3.o" "../src/mainF3.c"
../src/mainF3.c:41:17: warning: 'CurrentFrameBuffer' defined but not used [-Wunused-variable]
 static uint32_t CurrentFrameBuffer = LCD_FRAME_BUFFER;
                 ^~~~~~~~~~~~~~~~~~
Finished building: ../src/mainF3.c
 
Building target: PerifericsFase3.elf
Invoking: MCU GCC Linker
arm-none-eabi-gcc -mcpu=cortex-m4 -mthumb -mfloat-abi=hard -mfpu=fpv4-sp-d16 -T"C:/Users/angel/Desktop/3er/Periferics/Practica/workspace/PerifericsFase3/LinkerScript.ld" -Wl,-Map=output.map -Wl,--gc-sections -o "PerifericsFase3.elf" @"objects.list"   -lm
Finished building target: PerifericsFase3.elf
 
make --no-print-directory post-build
Generating binary and Printing size information:
arm-none-eabi-objcopy -O binary "PerifericsFase3.elf" "PerifericsFase3.bin"
arm-none-eabi-size "PerifericsFase3.elf"
   text	   data	    bss	    dec	    hex	filename
  23184	   1120	   2340	  26644	   6814	PerifericsFase3.elf
 
17:40:33 **** Incremental Build of configuration Debug for project PerifericsFase3 ****
make -j8 all 
Building file: ../src/mainF3.c
Invoking: MCU GCC Compiler
C:\Users\angel\Desktop\3er\Periferics\Practica\workspace\PerifericsFase3\Debug
arm-none-eabi-gcc -mcpu=cortex-m4 -mthumb -mfloat-abi=hard -mfpu=fpv4-sp-d16 -DSTM32 -DSTM32F4 -DSTM32F429ZITx -DSTM32F429I_DISC1 -DDEBUG -DSTM32F429_439xx -DUSE_STDPERIPH_DRIVER -I"C:/Users/angel/Desktop/3er/Periferics/Practica/workspace/PerifericsFase3/StdPeriph_Driver/inc" -I"C:/Users/angel/Desktop/3er/Periferics/Practica/workspace/PerifericsFase3/inc" -I"C:/Users/angel/Desktop/3er/Periferics/Practica/workspace/PerifericsFase3/CMSIS/device" -I"C:/Users/angel/Desktop/3er/Periferics/Practica/workspace/PerifericsFase3/CMSIS/core" -O0 -g3 -Wall -fmessage-length=0 -ffunction-sections -c -MMD -MP -MF"src/mainF3.d" -MT"src/mainF3.o" -o "src/mainF3.o" "../src/mainF3.c"
../src/mainF3.c:41:17: warning: 'CurrentFrameBuffer' defined but not used [-Wunused-variable]
 static uint32_t CurrentFrameBuffer = LCD_FRAME_BUFFER;
                 ^~~~~~~~~~~~~~~~~~
Finished building: ../src/mainF3.c
 
Building target: PerifericsFase3.elf
Invoking: MCU GCC Linker
arm-none-eabi-gcc -mcpu=cortex-m4 -mthumb -mfloat-abi=hard -mfpu=fpv4-sp-d16 -T"C:/Users/angel/Desktop/3er/Periferics/Practica/workspace/PerifericsFase3/LinkerScript.ld" -Wl,-Map=output.map -Wl,--gc-sections -o "PerifericsFase3.elf" @"objects.list"   -lm
Finished building target: PerifericsFase3.elf
 
make --no-print-directory post-build
Generating binary and Printing size information:
arm-none-eabi-objcopy -O binary "PerifericsFase3.elf" "PerifericsFase3.bin"
arm-none-eabi-size "PerifericsFase3.elf"
   text	   data	    bss	    dec	    hex	filename
  23144	   1120	   2340	  26604	   67ec	PerifericsFase3.elf
 
17:41:41 **** Incremental Build of configuration Debug for project PerifericsFase3 ****
make -j8 all 
Building file: ../src/mainF3.c
Invoking: MCU GCC Compiler
C:\Users\angel\Desktop\3er\Periferics\Practica\workspace\PerifericsFase3\Debug
arm-none-eabi-gcc -mcpu=cortex-m4 -mthumb -mfloat-abi=hard -mfpu=fpv4-sp-d16 -DSTM32 -DSTM32F4 -DSTM32F429ZITx -DSTM32F429I_DISC1 -DDEBUG -DSTM32F429_439xx -DUSE_STDPERIPH_DRIVER -I"C:/Users/angel/Desktop/3er/Periferics/Practica/workspace/PerifericsFase3/StdPeriph_Driver/inc" -I"C:/Users/angel/Desktop/3er/Periferics/Practica/workspace/PerifericsFase3/inc" -I"C:/Users/angel/Desktop/3er/Periferics/Practica/workspace/PerifericsFase3/CMSIS/device" -I"C:/Users/angel/Desktop/3er/Periferics/Practica/workspace/PerifericsFase3/CMSIS/core" -O0 -g3 -Wall -fmessage-length=0 -ffunction-sections -c -MMD -MP -MF"src/mainF3.d" -MT"src/mainF3.o" -o "src/mainF3.o" "../src/mainF3.c"
../src/mainF3.c:41:17: warning: 'CurrentFrameBuffer' defined but not used [-Wunused-variable]
 static uint32_t CurrentFrameBuffer = LCD_FRAME_BUFFER;
                 ^~~~~~~~~~~~~~~~~~
Finished building: ../src/mainF3.c
 
Building target: PerifericsFase3.elf
Invoking: MCU GCC Linker
arm-none-eabi-gcc -mcpu=cortex-m4 -mthumb -mfloat-abi=hard -mfpu=fpv4-sp-d16 -T"C:/Users/angel/Desktop/3er/Periferics/Practica/workspace/PerifericsFase3/LinkerScript.ld" -Wl,-Map=output.map -Wl,--gc-sections -o "PerifericsFase3.elf" @"objects.list"   -lm
Finished building target: PerifericsFase3.elf
 
make --no-print-directory post-build
Generating binary and Printing size information:
arm-none-eabi-objcopy -O binary "PerifericsFase3.elf" "PerifericsFase3.bin"
arm-none-eabi-size "PerifericsFase3.elf"
   text	   data	    bss	    dec	    hex	filename
  23296	   1120	   2340	  26756	   6884	PerifericsFase3.elf
 
17:49:25 **** Incremental Build of configuration Debug for project PerifericsFase3 ****
make -j8 all 
Building file: ../src/mainF3.c
Invoking: MCU GCC Compiler
C:\Users\angel\Desktop\3er\Periferics\Practica\workspace\PerifericsFase3\Debug
arm-none-eabi-gcc -mcpu=cortex-m4 -mthumb -mfloat-abi=hard -mfpu=fpv4-sp-d16 -DSTM32 -DSTM32F4 -DSTM32F429ZITx -DSTM32F429I_DISC1 -DDEBUG -DSTM32F429_439xx -DUSE_STDPERIPH_DRIVER -I"C:/Users/angel/Desktop/3er/Periferics/Practica/workspace/PerifericsFase3/StdPeriph_Driver/inc" -I"C:/Users/angel/Desktop/3er/Periferics/Practica/workspace/PerifericsFase3/inc" -I"C:/Users/angel/Desktop/3er/Periferics/Practica/workspace/PerifericsFase3/CMSIS/device" -I"C:/Users/angel/Desktop/3er/Periferics/Practica/workspace/PerifericsFase3/CMSIS/core" -O0 -g3 -Wall -fmessage-length=0 -ffunction-sections -c -MMD -MP -MF"src/mainF3.d" -MT"src/mainF3.o" -o "src/mainF3.o" "../src/mainF3.c"
../src/mainF3.c:41:17: warning: 'CurrentFrameBuffer' defined but not used [-Wunused-variable]
 static uint32_t CurrentFrameBuffer = LCD_FRAME_BUFFER;
                 ^~~~~~~~~~~~~~~~~~
Finished building: ../src/mainF3.c
 
Building target: PerifericsFase3.elf
Invoking: MCU GCC Linker
arm-none-eabi-gcc -mcpu=cortex-m4 -mthumb -mfloat-abi=hard -mfpu=fpv4-sp-d16 -T"C:/Users/angel/Desktop/3er/Periferics/Practica/workspace/PerifericsFase3/LinkerScript.ld" -Wl,-Map=output.map -Wl,--gc-sections -o "PerifericsFase3.elf" @"objects.list"   -lm
Finished building target: PerifericsFase3.elf
 
make --no-print-directory post-build
Generating binary and Printing size information:
arm-none-eabi-objcopy -O binary "PerifericsFase3.elf" "PerifericsFase3.bin"
arm-none-eabi-size "PerifericsFase3.elf"
   text	   data	    bss	    dec	    hex	filename
  23312	   1120	   2340	  26772	   6894	PerifericsFase3.elf
 
17:50:42 **** Incremental Build of configuration Debug for project PerifericsFase3 ****
make -j8 all 
Building file: ../src/mainF3.c
Invoking: MCU GCC Compiler
C:\Users\angel\Desktop\3er\Periferics\Practica\workspace\PerifericsFase3\Debug
arm-none-eabi-gcc -mcpu=cortex-m4 -mthumb -mfloat-abi=hard -mfpu=fpv4-sp-d16 -DSTM32 -DSTM32F4 -DSTM32F429ZITx -DSTM32F429I_DISC1 -DDEBUG -DSTM32F429_439xx -DUSE_STDPERIPH_DRIVER -I"C:/Users/angel/Desktop/3er/Periferics/Practica/workspace/PerifericsFase3/StdPeriph_Driver/inc" -I"C:/Users/angel/Desktop/3er/Periferics/Practica/workspace/PerifericsFase3/inc" -I"C:/Users/angel/Desktop/3er/Periferics/Practica/workspace/PerifericsFase3/CMSIS/device" -I"C:/Users/angel/Desktop/3er/Periferics/Practica/workspace/PerifericsFase3/CMSIS/core" -O0 -g3 -Wall -fmessage-length=0 -ffunction-sections -c -MMD -MP -MF"src/mainF3.d" -MT"src/mainF3.o" -o "src/mainF3.o" "../src/mainF3.c"
../src/mainF3.c:41:17: warning: 'CurrentFrameBuffer' defined but not used [-Wunused-variable]
 static uint32_t CurrentFrameBuffer = LCD_FRAME_BUFFER;
                 ^~~~~~~~~~~~~~~~~~
Finished building: ../src/mainF3.c
 
Building target: PerifericsFase3.elf
Invoking: MCU GCC Linker
arm-none-eabi-gcc -mcpu=cortex-m4 -mthumb -mfloat-abi=hard -mfpu=fpv4-sp-d16 -T"C:/Users/angel/Desktop/3er/Periferics/Practica/workspace/PerifericsFase3/LinkerScript.ld" -Wl,-Map=output.map -Wl,--gc-sections -o "PerifericsFase3.elf" @"objects.list"   -lm
Finished building target: PerifericsFase3.elf
 
make --no-print-directory post-build
Generating binary and Printing size information:
arm-none-eabi-objcopy -O binary "PerifericsFase3.elf" "PerifericsFase3.bin"
arm-none-eabi-size "PerifericsFase3.elf"
   text	   data	    bss	    dec	    hex	filename
  23312	   1120	   2340	  26772	   6894	PerifericsFase3.elf
 
17:51:00 **** Incremental Build of configuration Debug for project PerifericsFase3 ****
make -j8 all 
Building file: ../src/mainF3.c
Invoking: MCU GCC Compiler
C:\Users\angel\Desktop\3er\Periferics\Practica\workspace\PerifericsFase3\Debug
arm-none-eabi-gcc -mcpu=cortex-m4 -mthumb -mfloat-abi=hard -mfpu=fpv4-sp-d16 -DSTM32 -DSTM32F4 -DSTM32F429ZITx -DSTM32F429I_DISC1 -DDEBUG -DSTM32F429_439xx -DUSE_STDPERIPH_DRIVER -I"C:/Users/angel/Desktop/3er/Periferics/Practica/workspace/PerifericsFase3/StdPeriph_Driver/inc" -I"C:/Users/angel/Desktop/3er/Periferics/Practica/workspace/PerifericsFase3/inc" -I"C:/Users/angel/Desktop/3er/Periferics/Practica/workspace/PerifericsFase3/CMSIS/device" -I"C:/Users/angel/Desktop/3er/Periferics/Practica/workspace/PerifericsFase3/CMSIS/core" -O0 -g3 -Wall -fmessage-length=0 -ffunction-sections -c -MMD -MP -MF"src/mainF3.d" -MT"src/mainF3.o" -o "src/mainF3.o" "../src/mainF3.c"
../src/mainF3.c:41:17: warning: 'CurrentFrameBuffer' defined but not used [-Wunused-variable]
 static uint32_t CurrentFrameBuffer = LCD_FRAME_BUFFER;
                 ^~~~~~~~~~~~~~~~~~
Finished building: ../src/mainF3.c
 
Building target: PerifericsFase3.elf
Invoking: MCU GCC Linker
arm-none-eabi-gcc -mcpu=cortex-m4 -mthumb -mfloat-abi=hard -mfpu=fpv4-sp-d16 -T"C:/Users/angel/Desktop/3er/Periferics/Practica/workspace/PerifericsFase3/LinkerScript.ld" -Wl,-Map=output.map -Wl,--gc-sections -o "PerifericsFase3.elf" @"objects.list"   -lm
Finished building target: PerifericsFase3.elf
 
make --no-print-directory post-build
Generating binary and Printing size information:
arm-none-eabi-objcopy -O binary "PerifericsFase3.elf" "PerifericsFase3.bin"
arm-none-eabi-size "PerifericsFase3.elf"
   text	   data	    bss	    dec	    hex	filename
  23312	   1120	   2340	  26772	   6894	PerifericsFase3.elf
 
17:55:21 **** Incremental Build of configuration Debug for project PerifericsFase3 ****
make -j8 all 
Building file: ../src/mainF3.c
Invoking: MCU GCC Compiler
C:\Users\angel\Desktop\3er\Periferics\Practica\workspace\PerifericsFase3\Debug
arm-none-eabi-gcc -mcpu=cortex-m4 -mthumb -mfloat-abi=hard -mfpu=fpv4-sp-d16 -DSTM32 -DSTM32F4 -DSTM32F429ZITx -DSTM32F429I_DISC1 -DDEBUG -DSTM32F429_439xx -DUSE_STDPERIPH_DRIVER -I"C:/Users/angel/Desktop/3er/Periferics/Practica/workspace/PerifericsFase3/StdPeriph_Driver/inc" -I"C:/Users/angel/Desktop/3er/Periferics/Practica/workspace/PerifericsFase3/inc" -I"C:/Users/angel/Desktop/3er/Periferics/Practica/workspace/PerifericsFase3/CMSIS/device" -I"C:/Users/angel/Desktop/3er/Periferics/Practica/workspace/PerifericsFase3/CMSIS/core" -O0 -g3 -Wall -fmessage-length=0 -ffunction-sections -c -MMD -MP -MF"src/mainF3.d" -MT"src/mainF3.o" -o "src/mainF3.o" "../src/mainF3.c"
../src/mainF3.c: In function 'SetPixel':
../src/mainF3.c:56:56: error: 'Rval' undeclared (first use in this function)
   uint16_t color = ((0x01 & (alpha)) <<15) | ((0x1f & (Rval)) <<10) | ((0x1f & (Gval)) <<5)| ((0x1f & (Bval)) );
                                                        ^~~~
../src/mainF3.c:56:56: note: each undeclared identifier is reported only once for each function it appears in
../src/mainF3.c:56:81: error: 'Gval' undeclared (first use in this function); did you mean 'Rval'?
   uint16_t color = ((0x01 & (alpha)) <<15) | ((0x1f & (Rval)) <<10) | ((0x1f & (Gval)) <<5)| ((0x1f & (Bval)) );
                                                                                 ^~~~
                                                                                 Rval
../src/mainF3.c:56:104: error: 'Bval' undeclared (first use in this function); did you mean 'Gval'?
   uint16_t color = ((0x01 & (alpha)) <<15) | ((0x1f & (Rval)) <<10) | ((0x1f & (Gval)) <<5)| ((0x1f & (Bval)) );
                                                                                                        ^~~~
                                                                                                        Gval
At top level:
../src/mainF3.c:41:17: warning: 'CurrentFrameBuffer' defined but not used [-Wunused-variable]
 static uint32_t CurrentFrameBuffer = LCD_FRAME_BUFFER;
                 ^~~~~~~~~~~~~~~~~~
make: *** [src/mainF3.o] Error 1
src/subdir.mk:39: recipe for target 'src/mainF3.o' failed
17:55:34 **** Incremental Build of configuration Debug for project PerifericsFase3 ****
make -j8 all 
Building file: ../src/mainF3.c
Invoking: MCU GCC Compiler
C:\Users\angel\Desktop\3er\Periferics\Practica\workspace\PerifericsFase3\Debug
arm-none-eabi-gcc -mcpu=cortex-m4 -mthumb -mfloat-abi=hard -mfpu=fpv4-sp-d16 -DSTM32 -DSTM32F4 -DSTM32F429ZITx -DSTM32F429I_DISC1 -DDEBUG -DSTM32F429_439xx -DUSE_STDPERIPH_DRIVER -I"C:/Users/angel/Desktop/3er/Periferics/Practica/workspace/PerifericsFase3/StdPeriph_Driver/inc" -I"C:/Users/angel/Desktop/3er/Periferics/Practica/workspace/PerifericsFase3/inc" -I"C:/Users/angel/Desktop/3er/Periferics/Practica/workspace/PerifericsFase3/CMSIS/device" -I"C:/Users/angel/Desktop/3er/Periferics/Practica/workspace/PerifericsFase3/CMSIS/core" -O0 -g3 -Wall -fmessage-length=0 -ffunction-sections -c -MMD -MP -MF"src/mainF3.d" -MT"src/mainF3.o" -o "src/mainF3.o" "../src/mainF3.c"
../src/mainF3.c:41:17: warning: 'CurrentFrameBuffer' defined but not used [-Wunused-variable]
 static uint32_t CurrentFrameBuffer = LCD_FRAME_BUFFER;
                 ^~~~~~~~~~~~~~~~~~
Finished building: ../src/mainF3.c
 
Building target: PerifericsFase3.elf
Invoking: MCU GCC Linker
arm-none-eabi-gcc -mcpu=cortex-m4 -mthumb -mfloat-abi=hard -mfpu=fpv4-sp-d16 -T"C:/Users/angel/Desktop/3er/Periferics/Practica/workspace/PerifericsFase3/LinkerScript.ld" -Wl,-Map=output.map -Wl,--gc-sections -o "PerifericsFase3.elf" @"objects.list"   -lm
Finished building target: PerifericsFase3.elf
 
make --no-print-directory post-build
Generating binary and Printing size information:
arm-none-eabi-objcopy -O binary "PerifericsFase3.elf" "PerifericsFase3.bin"
arm-none-eabi-size "PerifericsFase3.elf"
   text	   data	    bss	    dec	    hex	filename
  23356	   1120	   2340	  26816	   68c0	PerifericsFase3.elf
 
