19:34:28 **** Incremental Build of configuration Debug for project PerifericsFase2 ****
make -j8 all 
Building file: ../src/mainF2.c
Invoking: MCU GCC Compiler
C:\Users\angel\Desktop\3er\Periferics\Practica\workspace\PerifericsFase2\Debug
arm-none-eabi-gcc -mcpu=cortex-m4 -mthumb -mfloat-abi=hard -mfpu=fpv4-sp-d16 -DSTM32 -DSTM32F4 -DSTM32F429ZITx -DSTM32F429I_DISC1 -DDEBUG -DSTM32F429_439xx -DUSE_STDPERIPH_DRIVER -I"C:/Users/angel/Desktop/3er/Periferics/Practica/workspace/PerifericsFase2/StdPeriph_Driver/inc" -I"C:/Users/angel/Desktop/3er/Periferics/Practica/workspace/PerifericsFase2/inc" -I"C:/Users/angel/Desktop/3er/Periferics/Practica/workspace/PerifericsFase2/CMSIS/device" -I"C:/Users/angel/Desktop/3er/Periferics/Practica/workspace/PerifericsFase2/CMSIS/core" -O0 -g3 -Wall -fmessage-length=0 -ffunction-sections -c -MMD -MP -MF"src/mainF2.d" -MT"src/mainF2.o" -o "src/mainF2.o" "../src/mainF2.c"
In file included from C:/Users/angel/Desktop/3er/Periferics/Practica/workspace/PerifericsFase2/StdPeriph_Driver/inc/stm32f4xx_conf.h:37:0,
                 from C:/Users/angel/Desktop/3er/Periferics/Practica/workspace/PerifericsFase2/CMSIS/device/stm32f4xx.h:12027,
                 from ../src/mainF2.c:11:
../src/mainF2.c: In function 'startMemoryToMemoryTransfer':
C:/Users/angel/Desktop/3er/Periferics/Practica/workspace/PerifericsFase2/StdPeriph_Driver/inc/stm32f4xx_dma.h:143:43: warning: passing argument 1 of 'DMA_DeInit' makes pointer from integer without a cast [-Wint-conversion]
 #define DMA_Channel_2                     ((uint32_t)0x04000000)
                                           ^
../src/mainF2.c:84:13: note: in expansion of macro 'DMA_Channel_2'
  DMA_DeInit(DMA_Channel_2);
             ^~~~~~~~~~~~~
C:/Users/angel/Desktop/3er/Periferics/Practica/workspace/PerifericsFase2/StdPeriph_Driver/inc/stm32f4xx_dma.h:562:6: note: expected 'DMA_Stream_TypeDef * {aka struct <anonymous> *}' but argument is of type 'long unsigned int'
 void DMA_DeInit(DMA_Stream_TypeDef* DMAy_Streamx);
      ^~~~~~~~~~
C:/Users/angel/Desktop/3er/Periferics/Practica/workspace/PerifericsFase2/StdPeriph_Driver/inc/stm32f4xx_dma.h:143:43: warning: passing argument 1 of 'DMA_ITConfig' makes pointer from integer without a cast [-Wint-conversion]
 #define DMA_Channel_2                     ((uint32_t)0x04000000)
                                           ^
../src/mainF2.c:107:15: note: in expansion of macro 'DMA_Channel_2'
  DMA_ITConfig(DMA_Channel_2, DMA_IT_TC, ENABLE);
               ^~~~~~~~~~~~~
C:/Users/angel/Desktop/3er/Periferics/Practica/workspace/PerifericsFase2/StdPeriph_Driver/inc/stm32f4xx_dma.h:590:6: note: expected 'DMA_Stream_TypeDef * {aka struct <anonymous> *}' but argument is of type 'long unsigned int'
 void DMA_ITConfig(DMA_Stream_TypeDef* DMAy_Streamx, uint32_t DMA_IT, FunctionalState NewState);
      ^~~~~~~~~~~~
C:/Users/angel/Desktop/3er/Periferics/Practica/workspace/PerifericsFase2/StdPeriph_Driver/inc/stm32f4xx_dma.h:143:43: warning: passing argument 1 of 'DMA_Cmd' makes pointer from integer without a cast [-Wint-conversion]
 #define DMA_Channel_2                     ((uint32_t)0x04000000)
                                           ^
../src/mainF2.c:119:10: note: in expansion of macro 'DMA_Channel_2'
  DMA_Cmd(DMA_Channel_2, ENABLE);
          ^~~~~~~~~~~~~
C:/Users/angel/Desktop/3er/Periferics/Practica/workspace/PerifericsFase2/StdPeriph_Driver/inc/stm32f4xx_dma.h:567:6: note: expected 'DMA_Stream_TypeDef * {aka struct <anonymous> *}' but argument is of type 'long unsigned int'
 void DMA_Cmd(DMA_Stream_TypeDef* DMAy_Streamx, FunctionalState NewState);
      ^~~~~~~
Finished building: ../src/mainF2.c
 
Building target: PerifericsFase2.elf
Invoking: MCU GCC Linker
arm-none-eabi-gcc -mcpu=cortex-m4 -mthumb -mfloat-abi=hard -mfpu=fpv4-sp-d16 -T"C:/Users/angel/Desktop/3er/Periferics/Practica/workspace/PerifericsFase2/LinkerScript.ld" -Wl,-Map=output.map -Wl,--gc-sections -o "PerifericsFase2.elf" @"objects.list"   -lm
Finished building target: PerifericsFase2.elf
 
make --no-print-directory post-build
Generating binary and Printing size information:
arm-none-eabi-objcopy -O binary "PerifericsFase2.elf" "PerifericsFase2.bin"
arm-none-eabi-size "PerifericsFase2.elf"
   text	   data	    bss	    dec	    hex	filename
   5940	   1080	   3532	  10552	   2938	PerifericsFase2.elf
 

19:34:30 Build Finished (took 2s.610ms)

