Archive member included because of file (symbol)

c:/program files/ac6/systemworkbench/plugins/fr.ac6.mcu.externaltools.arm-none.win32_1.2.0.201505291716/tools/compiler/bin/../lib/gcc/arm-none-eabi/4.9.3/../../../../arm-none-eabi/lib/armv7e-m/fpu\libc.a(lib_a-errno.o)
                              src/syscalls.o (__errno)
c:/program files/ac6/systemworkbench/plugins/fr.ac6.mcu.externaltools.arm-none.win32_1.2.0.201505291716/tools/compiler/bin/../lib/gcc/arm-none-eabi/4.9.3/../../../../arm-none-eabi/lib/armv7e-m/fpu\libc.a(lib_a-exit.o)
                              c:/program files/ac6/systemworkbench/plugins/fr.ac6.mcu.externaltools.arm-none.win32_1.2.0.201505291716/tools/compiler/bin/../lib/gcc/arm-none-eabi/4.9.3/../../../../arm-none-eabi/lib/armv7e-m/fpu/crt0.o (exit)
c:/program files/ac6/systemworkbench/plugins/fr.ac6.mcu.externaltools.arm-none.win32_1.2.0.201505291716/tools/compiler/bin/../lib/gcc/arm-none-eabi/4.9.3/../../../../arm-none-eabi/lib/armv7e-m/fpu\libc.a(lib_a-impure.o)
                              c:/program files/ac6/systemworkbench/plugins/fr.ac6.mcu.externaltools.arm-none.win32_1.2.0.201505291716/tools/compiler/bin/../lib/gcc/arm-none-eabi/4.9.3/../../../../arm-none-eabi/lib/armv7e-m/fpu\libc.a(lib_a-exit.o) (_global_impure_ptr)
c:/program files/ac6/systemworkbench/plugins/fr.ac6.mcu.externaltools.arm-none.win32_1.2.0.201505291716/tools/compiler/bin/../lib/gcc/arm-none-eabi/4.9.3/../../../../arm-none-eabi/lib/armv7e-m/fpu\libc.a(lib_a-init.o)
                              c:/program files/ac6/systemworkbench/plugins/fr.ac6.mcu.externaltools.arm-none.win32_1.2.0.201505291716/tools/compiler/bin/../lib/gcc/arm-none-eabi/4.9.3/../../../../arm-none-eabi/lib/armv7e-m/fpu/crt0.o (__libc_init_array)
c:/program files/ac6/systemworkbench/plugins/fr.ac6.mcu.externaltools.arm-none.win32_1.2.0.201505291716/tools/compiler/bin/../lib/gcc/arm-none-eabi/4.9.3/../../../../arm-none-eabi/lib/armv7e-m/fpu\libc.a(lib_a-memset.o)
                              c:/program files/ac6/systemworkbench/plugins/fr.ac6.mcu.externaltools.arm-none.win32_1.2.0.201505291716/tools/compiler/bin/../lib/gcc/arm-none-eabi/4.9.3/../../../../arm-none-eabi/lib/armv7e-m/fpu/crt0.o (memset)
c:/program files/ac6/systemworkbench/plugins/fr.ac6.mcu.externaltools.arm-none.win32_1.2.0.201505291716/tools/compiler/bin/../lib/gcc/arm-none-eabi/4.9.3/../../../../arm-none-eabi/lib/armv7e-m/fpu\libc.a(lib_a-__call_atexit.o)
                              c:/program files/ac6/systemworkbench/plugins/fr.ac6.mcu.externaltools.arm-none.win32_1.2.0.201505291716/tools/compiler/bin/../lib/gcc/arm-none-eabi/4.9.3/../../../../arm-none-eabi/lib/armv7e-m/fpu\libc.a(lib_a-exit.o) (__call_exitprocs)
c:/program files/ac6/systemworkbench/plugins/fr.ac6.mcu.externaltools.arm-none.win32_1.2.0.201505291716/tools/compiler/bin/../lib/gcc/arm-none-eabi/4.9.3/../../../../arm-none-eabi/lib/armv7e-m/fpu\libc.a(lib_a-atexit.o)
                              c:/program files/ac6/systemworkbench/plugins/fr.ac6.mcu.externaltools.arm-none.win32_1.2.0.201505291716/tools/compiler/bin/../lib/gcc/arm-none-eabi/4.9.3/../../../../arm-none-eabi/lib/armv7e-m/fpu\libc.a(lib_a-__call_atexit.o) (atexit)
c:/program files/ac6/systemworkbench/plugins/fr.ac6.mcu.externaltools.arm-none.win32_1.2.0.201505291716/tools/compiler/bin/../lib/gcc/arm-none-eabi/4.9.3/../../../../arm-none-eabi/lib/armv7e-m/fpu\libc.a(lib_a-fini.o)
                              c:/program files/ac6/systemworkbench/plugins/fr.ac6.mcu.externaltools.arm-none.win32_1.2.0.201505291716/tools/compiler/bin/../lib/gcc/arm-none-eabi/4.9.3/../../../../arm-none-eabi/lib/armv7e-m/fpu\libc.a(lib_a-__call_atexit.o) (__libc_fini_array)
c:/program files/ac6/systemworkbench/plugins/fr.ac6.mcu.externaltools.arm-none.win32_1.2.0.201505291716/tools/compiler/bin/../lib/gcc/arm-none-eabi/4.9.3/../../../../arm-none-eabi/lib/armv7e-m/fpu\libc.a(lib_a-__atexit.o)
                              c:/program files/ac6/systemworkbench/plugins/fr.ac6.mcu.externaltools.arm-none.win32_1.2.0.201505291716/tools/compiler/bin/../lib/gcc/arm-none-eabi/4.9.3/../../../../arm-none-eabi/lib/armv7e-m/fpu\libc.a(lib_a-atexit.o) (__register_exitproc)

Allocating common symbols
Common symbol       size              file

NVIC_InitStructure  0x4               Utilities/stm32f4_discovery.o

Discarded input sections

 .text          0x00000000        0x0 c:/program files/ac6/systemworkbench/plugins/fr.ac6.mcu.externaltools.arm-none.win32_1.2.0.201505291716/tools/compiler/bin/../lib/gcc/arm-none-eabi/4.9.3/armv7e-m/fpu/crti.o
 .data          0x00000000        0x0 c:/program files/ac6/systemworkbench/plugins/fr.ac6.mcu.externaltools.arm-none.win32_1.2.0.201505291716/tools/compiler/bin/../lib/gcc/arm-none-eabi/4.9.3/armv7e-m/fpu/crti.o
 .bss           0x00000000        0x0 c:/program files/ac6/systemworkbench/plugins/fr.ac6.mcu.externaltools.arm-none.win32_1.2.0.201505291716/tools/compiler/bin/../lib/gcc/arm-none-eabi/4.9.3/armv7e-m/fpu/crti.o
[...]
Memory Configuration

Name             Origin             Length             Attributes
FLASH            0x08000000         0x00100000         xr
RAM              0x20000000         0x00030000         xrw
MEMORY_B1        0x60000000         0x00000000         xr
*default*        0x00000000         0xffffffff

Linker script and memory map

LOAD c:/program files/ac6/systemworkbench/plugins/fr.ac6.mcu.externaltools.arm-none.win32_1.2.0.201505291716/tools/compiler/bin/../lib/gcc/arm-none-eabi/4.9.3/armv7e-m/fpu/crti.o
LOAD c:/program files/ac6/systemworkbench/plugins/fr.ac6.mcu.externaltools.arm-none.win32_1.2.0.201505291716/tools/compiler/bin/../lib/gcc/arm-none-eabi/4.9.3/armv7e-m/fpu/crtbegin.o
LOAD c:/program files/ac6/systemworkbench/plugins/fr.ac6.mcu.externaltools.arm-none.win32_1.2.0.201505291716/tools/compiler/bin/../lib/gcc/arm-none-eabi/4.9.3/../../../../arm-none-eabi/lib/armv7e-m/fpu/crt0.o
LOAD c:/program files/ac6/systemworkbench/plugins/fr.ac6.mcu.externaltools.arm-none.win32_1.2.0.201505291716/tools/compiler/bin/../lib/gcc/arm-none-eabi/4.9.3/../../../../arm-none-eabi/lib/armv7e-m/fpu\libm.a
LOAD startup/startup_stm32f4xx.o
LOAD src/functions.o
LOAD src/main.o
LOAD src/stm32f4xx_it.o
LOAD src/syscalls.o
LOAD src/system_stm32f4xx.o
LOAD Utilities/stm32f4_discovery.o
LOAD Utilities/stm32f4_discovery_lis302dl.o
LOAD StdPeriph_Driver/src/misc.o
LOAD StdPeriph_Driver/src/stm32f4xx_adc.o
LOAD StdPeriph_Driver/src/stm32f4xx_can.o
LOAD StdPeriph_Driver/src/stm32f4xx_crc.o
LOAD StdPeriph_Driver/src/stm32f4xx_cryp.o
LOAD StdPeriph_Driver/src/stm32f4xx_cryp_aes.o
LOAD StdPeriph_Driver/src/stm32f4xx_cryp_des.o
LOAD StdPeriph_Driver/src/stm32f4xx_cryp_tdes.o
LOAD StdPeriph_Driver/src/stm32f4xx_dac.o
LOAD StdPeriph_Driver/src/stm32f4xx_dbgmcu.o
LOAD StdPeriph_Driver/src/stm32f4xx_dcmi.o
LOAD StdPeriph_Driver/src/stm32f4xx_dma.o
LOAD StdPeriph_Driver/src/stm32f4xx_exti.o
LOAD StdPeriph_Driver/src/stm32f4xx_flash.o
LOAD StdPeriph_Driver/src/stm32f4xx_fsmc.o
LOAD StdPeriph_Driver/src/stm32f4xx_gpio.o
LOAD StdPeriph_Driver/src/stm32f4xx_hash.o
LOAD StdPeriph_Driver/src/stm32f4xx_hash_md5.o
LOAD StdPeriph_Driver/src/stm32f4xx_hash_sha1.o
LOAD StdPeriph_Driver/src/stm32f4xx_i2c.o
LOAD StdPeriph_Driver/src/stm32f4xx_iwdg.o
LOAD StdPeriph_Driver/src/stm32f4xx_pwr.o
LOAD StdPeriph_Driver/src/stm32f4xx_rcc.o
LOAD StdPeriph_Driver/src/stm32f4xx_rng.o
LOAD StdPeriph_Driver/src/stm32f4xx_rtc.o
LOAD StdPeriph_Driver/src/stm32f4xx_sdio.o
LOAD StdPeriph_Driver/src/stm32f4xx_spi.o
LOAD StdPeriph_Driver/src/stm32f4xx_syscfg.o
LOAD StdPeriph_Driver/src/stm32f4xx_tim.o
LOAD StdPeriph_Driver/src/stm32f4xx_usart.o
LOAD StdPeriph_Driver/src/stm32f4xx_wwdg.o
START GROUP
LOAD c:/program files/ac6/systemworkbench/plugins/fr.ac6.mcu.externaltools.arm-none.win32_1.2.0.201505291716/tools/compiler/bin/../lib/gcc/arm-none-eabi/4.9.3/armv7e-m/fpu\libgcc.a
LOAD c:/program files/ac6/systemworkbench/plugins/fr.ac6.mcu.externaltools.arm-none.win32_1.2.0.201505291716/tools/compiler/bin/../lib/gcc/arm-none-eabi/4.9.3/../../../../arm-none-eabi/lib/armv7e-m/fpu\libc.a
END GROUP
LOAD c:/program files/ac6/systemworkbench/plugins/fr.ac6.mcu.externaltools.arm-none.win32_1.2.0.201505291716/tools/compiler/bin/../lib/gcc/arm-none-eabi/4.9.3/armv7e-m/fpu/crtend.o
LOAD c:/program files/ac6/systemworkbench/plugins/fr.ac6.mcu.externaltools.arm-none.win32_1.2.0.201505291716/tools/compiler/bin/../lib/gcc/arm-none-eabi/4.9.3/armv7e-m/fpu/crtn.o
                0x20020000                _estack = 0x20020000
                0x00000000                _Min_Heap_Size = 0x0
                0x00000400                _Min_Stack_Size = 0x400

.isr_vector     0x08000000      0x188
                0x08000000                . = ALIGN (0x4)
 *(.isr_vector)
 .isr_vector    0x08000000      0x188 startup/startup_stm32f4xx.o
                0x08000000                g_pfnVectors
                0x08000188                . = ALIGN (0x4)

.text           0x08000188      0xb7c
                0x08000188                . = ALIGN (0x4)
 *(.text)
 .text          0x08000188       0x5c c:/program files/ac6/systemworkbench/plugins/fr.ac6.mcu.externaltools.arm-none.win32_1.2.0.201505291716/tools/compiler/bin/../lib/gcc/arm-none-eabi/4.9.3/armv7e-m/fpu/crtbegin.o
 *(.text*)
 .text.Reset_Handler
                0x080001e4       0x48 startup/startup_stm32f4xx.o
                0x080001e4                Reset_Handler
 .text.Default_Handler
                0x0800022c        0x2 startup/startup_stm32f4xx.o
                0x0800022c                RTC_Alarm_IRQHandler
                0x0800022c                HASH_RNG_IRQHandler
                0x0800022c                EXTI2_IRQHandler
                0x0800022c                TIM8_CC_IRQHandler
                0x0800022c                TIM1_CC_IRQHandler
                0x0800022c                DMA2_Stream5_IRQHandler
                0x0800022c                DMA1_Stream5_IRQHandler
                0x0800022c                PVD_IRQHandler
                0x0800022c                SDIO_IRQHandler
                0x0800022c                TAMP_STAMP_IRQHandler
                0x0800022c                CAN2_RX1_IRQHandler
                0x0800022c                EXTI3_IRQHandler
                0x0800022c                TIM8_TRG_COM_TIM14_IRQHandler
                0x0800022c                TIM1_UP_TIM10_IRQHandler
                0x0800022c                TIM8_UP_TIM13_IRQHandler
                0x0800022c                I2C3_ER_IRQHandler
                0x0800022c                EXTI0_IRQHandler
                0x0800022c                I2C2_EV_IRQHandler
                0x0800022c                DMA1_Stream2_IRQHandler
                0x0800022c                CAN1_RX0_IRQHandler
                0x0800022c                FPU_IRQHandler
                0x0800022c                OTG_HS_WKUP_IRQHandler
                0x0800022c                CAN2_SCE_IRQHandler
                0x0800022c                DMA2_Stream2_IRQHandler
                0x0800022c                SPI1_IRQHandler
                0x0800022c                TIM6_DAC_IRQHandler
                0x0800022c                TIM1_BRK_TIM9_IRQHandler
                0x0800022c                DCMI_IRQHandler
                0x0800022c                CAN2_RX0_IRQHandler
                0x0800022c                DMA2_Stream3_IRQHandler
                0x0800022c                USART6_IRQHandler
                0x0800022c                USART3_IRQHandler
                0x0800022c                CRYP_IRQHandler
                0x0800022c                CAN1_RX1_IRQHandler
                0x0800022c                UART5_IRQHandler
                0x0800022c                DMA2_Stream0_IRQHandler
                0x0800022c                TIM4_IRQHandler
                0x0800022c                I2C1_EV_IRQHandler
                0x0800022c                DMA1_Stream6_IRQHandler
                0x0800022c                DMA1_Stream1_IRQHandler
                0x0800022c                UART4_IRQHandler
                0x0800022c                TIM3_IRQHandler
                0x0800022c                RCC_IRQHandler
                0x0800022c                TIM8_BRK_TIM12_IRQHandler
                0x0800022c                Default_Handler
                0x0800022c                EXTI15_10_IRQHandler
                0x0800022c                ADC_IRQHandler
                0x0800022c                DMA1_Stream7_IRQHandler
                0x0800022c                CAN2_TX_IRQHandler
                0x0800022c                TIM5_IRQHandler
                0x0800022c                DMA2_Stream7_IRQHandler
                0x0800022c                I2C3_EV_IRQHandler
                0x0800022c                EXTI9_5_IRQHandler
                0x0800022c                RTC_WKUP_IRQHandler
                0x0800022c                ETH_WKUP_IRQHandler
                0x0800022c                SPI2_IRQHandler
                0x0800022c                OTG_HS_EP1_IN_IRQHandler
                0x0800022c                DMA1_Stream0_IRQHandler
                0x0800022c                CAN1_TX_IRQHandler
                0x0800022c                EXTI4_IRQHandler
                0x0800022c                FSMC_IRQHandler
                0x0800022c                ETH_IRQHandler
                0x0800022c                OTG_HS_EP1_OUT_IRQHandler
                0x0800022c                WWDG_IRQHandler
                0x0800022c                TIM2_IRQHandler
                0x0800022c                OTG_FS_WKUP_IRQHandler
                0x0800022c                TIM1_TRG_COM_TIM11_IRQHandler
                0x0800022c                OTG_HS_IRQHandler
                0x0800022c                EXTI1_IRQHandler
                0x0800022c                USART2_IRQHandler
                0x0800022c                I2C2_ER_IRQHandler
                0x0800022c                DMA2_Stream1_IRQHandler
                0x0800022c                CAN1_SCE_IRQHandler
                0x0800022c                FLASH_IRQHandler
                0x0800022c                DMA2_Stream4_IRQHandler
                0x0800022c                USART1_IRQHandler
                0x0800022c                OTG_FS_IRQHandler
                0x0800022c                SPI3_IRQHandler
                0x0800022c                DMA1_Stream4_IRQHandler
                0x0800022c                I2C1_ER_IRQHandler
                0x0800022c                DMA2_Stream6_IRQHandler
                0x0800022c                DMA1_Stream3_IRQHandler
 *fill*         0x0800022e        0x2 
 .text.GPIO_Configure
                0x08000230       0x44 src/functions.o
                0x08000230                GPIO_Configure
 .text.TIMER_Configure
                0x08000274       0xc4 src/functions.o
                0x08000274                TIMER_Configure
 .text.main     0x08000338       0x28 src/main.o
                0x08000338                main
 .text.NMI_Handler
                0x08000360        0xc src/stm32f4xx_it.o
                0x08000360                NMI_Handler
 .text.HardFault_Handler
                0x0800036c        0x8 src/stm32f4xx_it.o
                0x0800036c                HardFault_Handler
 .text.MemManage_Handler
                0x08000374        0x8 src/stm32f4xx_it.o
                0x08000374                MemManage_Handler
 .text.BusFault_Handler
                0x0800037c        0x8 src/stm32f4xx_it.o
                0x0800037c                BusFault_Handler
 .text.UsageFault_Handler
                0x08000384        0x8 src/stm32f4xx_it.o
                0x08000384                UsageFault_Handler
 .text.SVC_Handler
                0x0800038c        0xc src/stm32f4xx_it.o
                0x0800038c                SVC_Handler
 .text.DebugMon_Handler
                0x08000398        0xc src/stm32f4xx_it.o
                0x08000398                DebugMon_Handler
 .text.PendSV_Handler
                0x080003a4        0xc src/stm32f4xx_it.o
                0x080003a4                PendSV_Handler
 .text.SysTick_Handler
                0x080003b0        0xc src/stm32f4xx_it.o
                0x080003b0                SysTick_Handler
 .text.TIM7_IRQHandler
                0x080003bc       0x58 src/stm32f4xx_it.o
                0x080003bc                TIM7_IRQHandler
 .text.SystemInit
                0x08000414       0x58 src/system_stm32f4xx.o
                0x08000414                SystemInit
 .text.SetSysClock
                0x0800046c      0x128 src/system_stm32f4xx.o
 .text.NVIC_Init
                0x08000594       0xc0 StdPeriph_Driver/src/misc.o
                0x08000594                NVIC_Init
 .text.GPIO_Init
                0x08000654      0x11c StdPeriph_Driver/src/stm32f4xx_gpio.o
                0x08000654                GPIO_Init
 .text.GPIO_SetBits
                0x08000770       0x1c StdPeriph_Driver/src/stm32f4xx_gpio.o
                0x08000770                GPIO_SetBits
 .text.GPIO_ResetBits
                0x0800078c       0x1c StdPeriph_Driver/src/stm32f4xx_gpio.o
                0x0800078c                GPIO_ResetBits
 .text.GPIO_PinAFConfig
                0x080007a8       0x90 StdPeriph_Driver/src/stm32f4xx_gpio.o
                0x080007a8                GPIO_PinAFConfig
 .text.RCC_AHB1PeriphClockCmd
                0x08000838       0x3c StdPeriph_Driver/src/stm32f4xx_rcc.o
                0x08000838                RCC_AHB1PeriphClockCmd
 .text.RCC_APB1PeriphClockCmd
                0x08000874       0x3c StdPeriph_Driver/src/stm32f4xx_rcc.o
                0x08000874                RCC_APB1PeriphClockCmd
 .text.TIM_TimeBaseInit
                0x080008b0       0xd4 StdPeriph_Driver/src/stm32f4xx_tim.o
                0x080008b0                TIM_TimeBaseInit
 .text.TIM_Cmd  0x08000984       0x40 StdPeriph_Driver/src/stm32f4xx_tim.o
                0x08000984                TIM_Cmd
 .text.TIM_OC4Init
                0x080009c4       0xcc StdPeriph_Driver/src/stm32f4xx_tim.o
                0x080009c4                TIM_OC4Init
 .text.TIM_SetCompare4
                0x08000a90       0x1c StdPeriph_Driver/src/stm32f4xx_tim.o
                0x08000a90                TIM_SetCompare4
 .text.TIM_OC4PreloadConfig
                0x08000aac       0x3c StdPeriph_Driver/src/stm32f4xx_tim.o
                0x08000aac                TIM_OC4PreloadConfig
 .text.TIM_ITConfig
                0x08000ae8       0x48 StdPeriph_Driver/src/stm32f4xx_tim.o
                0x08000ae8                TIM_ITConfig
 .text.TIM_GetITStatus
                0x08000b30       0x54 StdPeriph_Driver/src/stm32f4xx_tim.o
                0x08000b30                TIM_GetITStatus
 .text.TIM_ClearITPendingBit
                0x08000b84       0x20 StdPeriph_Driver/src/stm32f4xx_tim.o
                0x08000b84                TIM_ClearITPendingBit
 .text.__libc_init_array
                0x08000ba4       0x50 c:/program files/ac6/systemworkbench/plugins/fr.ac6.mcu.externaltools.arm-none.win32_1.2.0.201505291716/tools/compiler/bin/../lib/gcc/arm-none-eabi/4.9.3/../../../../arm-none-eabi/lib/armv7e-m/fpu\libc.a(lib_a-init.o)
                0x08000ba4                __libc_init_array
 .text.startup.register_fini
                0x08000bf4       0x14 c:/program files/ac6/systemworkbench/plugins/fr.ac6.mcu.externaltools.arm-none.win32_1.2.0.201505291716/tools/compiler/bin/../lib/gcc/arm-none-eabi/4.9.3/../../../../arm-none-eabi/lib/armv7e-m/fpu\libc.a(lib_a-__call_atexit.o)
 .text.atexit   0x08000c08        0xc c:/program files/ac6/systemworkbench/plugins/fr.ac6.mcu.externaltools.arm-none.win32_1.2.0.201505291716/tools/compiler/bin/../lib/gcc/arm-none-eabi/4.9.3/../../../../arm-none-eabi/lib/armv7e-m/fpu\libc.a(lib_a-atexit.o)
                0x08000c08                atexit
 .text.__libc_fini_array
                0x08000c14       0x2c c:/program files/ac6/systemworkbench/plugins/fr.ac6.mcu.externaltools.arm-none.win32_1.2.0.201505291716/tools/compiler/bin/../lib/gcc/arm-none-eabi/4.9.3/../../../../arm-none-eabi/lib/armv7e-m/fpu\libc.a(lib_a-fini.o)
                0x08000c14                __libc_fini_array
 .text.__register_exitproc
                0x08000c40       0xa4 c:/program files/ac6/systemworkbench/plugins/fr.ac6.mcu.externaltools.arm-none.win32_1.2.0.201505291716/tools/compiler/bin/../lib/gcc/arm-none-eabi/4.9.3/../../../../arm-none-eabi/lib/armv7e-m/fpu\libc.a(lib_a-__atexit.o)
                0x08000c40                __register_exitproc
 *(.rodata)
 *(.rodata*)
 .rodata.str1.4
                0x08000ce4        0x4 c:/program files/ac6/systemworkbench/plugins/fr.ac6.mcu.externaltools.arm-none.win32_1.2.0.201505291716/tools/compiler/bin/../lib/gcc/arm-none-eabi/4.9.3/../../../../arm-none-eabi/lib/armv7e-m/fpu\libc.a(lib_a-impure.o)
 .rodata._global_impure_ptr
                0x08000ce8        0x4 c:/program files/ac6/systemworkbench/plugins/fr.ac6.mcu.externaltools.arm-none.win32_1.2.0.201505291716/tools/compiler/bin/../lib/gcc/arm-none-eabi/4.9.3/../../../../arm-none-eabi/lib/armv7e-m/fpu\libc.a(lib_a-impure.o)
                0x08000ce8                _global_impure_ptr
 *(.glue_7)
 .glue_7        0x00000000        0x0 linker stubs
 *(.glue_7t)
 .glue_7t       0x00000000        0x0 linker stubs
 *(.eh_frame)
 .eh_frame      0x08000cec        0x0 c:/program files/ac6/systemworkbench/plugins/fr.ac6.mcu.externaltools.arm-none.win32_1.2.0.201505291716/tools/compiler/bin/../lib/gcc/arm-none-eabi/4.9.3/armv7e-m/fpu/crtbegin.o
 *(.init)
 .init          0x08000cec        0x4 c:/program files/ac6/systemworkbench/plugins/fr.ac6.mcu.externaltools.arm-none.win32_1.2.0.201505291716/tools/compiler/bin/../lib/gcc/arm-none-eabi/4.9.3/armv7e-m/fpu/crti.o
                0x08000cec                _init
 .init          0x08000cf0        0x8 c:/program files/ac6/systemworkbench/plugins/fr.ac6.mcu.externaltools.arm-none.win32_1.2.0.201505291716/tools/compiler/bin/../lib/gcc/arm-none-eabi/4.9.3/armv7e-m/fpu/crtn.o
 *(.fini)
 .fini          0x08000cf8        0x4 c:/program files/ac6/systemworkbench/plugins/fr.ac6.mcu.externaltools.arm-none.win32_1.2.0.201505291716/tools/compiler/bin/../lib/gcc/arm-none-eabi/4.9.3/armv7e-m/fpu/crti.o
                0x08000cf8                _fini
 .fini          0x08000cfc        0x8 c:/program files/ac6/systemworkbench/plugins/fr.ac6.mcu.externaltools.arm-none.win32_1.2.0.201505291716/tools/compiler/bin/../lib/gcc/arm-none-eabi/4.9.3/armv7e-m/fpu/crtn.o
                0x08000d04                . = ALIGN (0x4)
                0x08000d04                _etext = .

.vfp11_veneer   0x08000d04        0x0
 .vfp11_veneer  0x00000000        0x0 linker stubs

.v4_bx          0x08000d04        0x0
 .v4_bx         0x00000000        0x0 linker stubs

.iplt           0x08000d04        0x0
 .iplt          0x00000000        0x0 c:/program files/ac6/systemworkbench/plugins/fr.ac6.mcu.externaltools.arm-none.win32_1.2.0.201505291716/tools/compiler/bin/../lib/gcc/arm-none-eabi/4.9.3/armv7e-m/fpu/crtbegin.o

.rel.dyn        0x08000d04        0x0
 .rel.iplt      0x00000000        0x0 c:/program files/ac6/systemworkbench/plugins/fr.ac6.mcu.externaltools.arm-none.win32_1.2.0.201505291716/tools/compiler/bin/../lib/gcc/arm-none-eabi/4.9.3/armv7e-m/fpu/crtbegin.o

.ARM.extab
 *(.ARM.extab* .gnu.linkonce.armextab.*)

.ARM            0x08000d04        0x0
                0x08000d04                __exidx_start = .
 *(.ARM.exidx*)
                0x08000d04                __exidx_end = .

.preinit_array  0x08000d04        0x0
                0x08000d04                PROVIDE (__preinit_array_start, .)
 *(.preinit_array*)
                0x08000d04                PROVIDE (__preinit_array_end, .)

.init_array     0x08000d04        0x8
                0x08000d04                PROVIDE (__init_array_start, .)
 *(SORT(.init_array.*))
 .init_array.00000
                0x08000d04        0x4 c:/program files/ac6/systemworkbench/plugins/fr.ac6.mcu.externaltools.arm-none.win32_1.2.0.201505291716/tools/compiler/bin/../lib/gcc/arm-none-eabi/4.9.3/../../../../arm-none-eabi/lib/armv7e-m/fpu\libc.a(lib_a-__call_atexit.o)
 *(.init_array*)
 .init_array    0x08000d08        0x4 c:/program files/ac6/systemworkbench/plugins/fr.ac6.mcu.externaltools.arm-none.win32_1.2.0.201505291716/tools/compiler/bin/../lib/gcc/arm-none-eabi/4.9.3/armv7e-m/fpu/crtbegin.o
                0x08000d0c                PROVIDE (__init_array_end, .)

.fini_array     0x08000d0c        0x4
                0x08000d0c                PROVIDE (__fini_array_start, .)
 *(.fini_array*)
 .fini_array    0x08000d0c        0x4 c:/program files/ac6/systemworkbench/plugins/fr.ac6.mcu.externaltools.arm-none.win32_1.2.0.201505291716/tools/compiler/bin/../lib/gcc/arm-none-eabi/4.9.3/armv7e-m/fpu/crtbegin.o
 *(SORT(.fini_array.*))
                0x08000d10                PROVIDE (__fini_array_end, .)
                0x08000d10                _sidata = .

.data           0x20000000      0x450 load address 0x08000d10
                0x20000000                . = ALIGN (0x4)
                0x20000000                _sdata = .
 *(.data)
 .data          0x20000000       0x24 src/stm32f4xx_it.o
                0x20000000                pulse
 *(.data*)
 *fill*         0x20000024        0x4 
 .data.impure_data
                0x20000028      0x428 c:/program files/ac6/systemworkbench/plugins/fr.ac6.mcu.externaltools.arm-none.win32_1.2.0.201505291716/tools/compiler/bin/../lib/gcc/arm-none-eabi/4.9.3/../../../../arm-none-eabi/lib/armv7e-m/fpu\libc.a(lib_a-impure.o)
                0x20000450                . = ALIGN (0x4)
                0x20000450                _edata = .

.jcr            0x20000450        0x0 load address 0x08001160
 .jcr           0x20000450        0x0 c:/program files/ac6/systemworkbench/plugins/fr.ac6.mcu.externaltools.arm-none.win32_1.2.0.201505291716/tools/compiler/bin/../lib/gcc/arm-none-eabi/4.9.3/armv7e-m/fpu/crtbegin.o

.igot.plt       0x20000450        0x0 load address 0x08001160
 .igot.plt      0x00000000        0x0 c:/program files/ac6/systemworkbench/plugins/fr.ac6.mcu.externaltools.arm-none.win32_1.2.0.201505291716/tools/compiler/bin/../lib/gcc/arm-none-eabi/4.9.3/armv7e-m/fpu/crtbegin.o
                0x20000450                . = ALIGN (0x4)

.bss            0x20000450       0x20 load address 0x08001160
                0x20000450                _sbss = .
                0x20000450                __bss_start__ = _sbss
 *(.bss)
 .bss           0x20000450       0x1c c:/program files/ac6/systemworkbench/plugins/fr.ac6.mcu.externaltools.arm-none.win32_1.2.0.201505291716/tools/compiler/bin/../lib/gcc/arm-none-eabi/4.9.3/armv7e-m/fpu/crtbegin.o
 .bss           0x2000046c        0x4 src/stm32f4xx_it.o
 *(.bss*)
 *(COMMON)
                0x20000470                . = ALIGN (0x4)
                0x20000470                _ebss = .
                0x20000470                __bss_end__ = _ebss

._user_heap_stack
                0x20000470      0x400 load address 0x08001180
                0x20000470                . = ALIGN (0x4)
                0x20000470                PROVIDE (end, .)
                0x20000470                PROVIDE (_end, .)
                0x20000470                . = (. + _Min_Heap_Size)
                0x20000870                . = (. + _Min_Stack_Size)
 *fill*         0x20000470      0x400 
                0x20000870                . = ALIGN (0x4)

.memory_b1_text
 *(.mb1text)
 *(.mb1text*)
 *(.mb1rodata)
 *(.mb1rodata*)

/DISCARD/
 libc.a(*)
 libm.a(*)
 libgcc.a(*)

.ARM.attributes
                0x00000000       0x30
 *(.ARM.attributes)
 .ARM.attributes
                0x00000000       0x22 c:/program files/ac6/systemworkbench/plugins/fr.ac6.mcu.externaltools.arm-none.win32_1.2.0.201505291716/tools/compiler/bin/../lib/gcc/arm-none-eabi/4.9.3/armv7e-m/fpu/crti.o
 .ARM.attributes
                0x00000022       0x34 c:/program files/ac6/systemworkbench/plugins/fr.ac6.mcu.externaltools.arm-none.win32_1.2.0.201505291716/tools/compiler/bin/../lib/gcc/arm-none-eabi/4.9.3/armv7e-m/fpu/crtbegin.o
 .ARM.attributes
                0x00000056       0x21 startup/startup_stm32f4xx.o
 .ARM.attributes
                0x00000077       0x39 src/functions.o
 .ARM.attributes
                0x000000b0       0x39 src/main.o
 .ARM.attributes
                0x000000e9       0x39 src/stm32f4xx_it.o
 .ARM.attributes
                0x00000122       0x39 src/system_stm32f4xx.o
 .ARM.attributes
                0x0000015b       0x39 StdPeriph_Driver/src/misc.o
 .ARM.attributes
                0x00000194       0x39 StdPeriph_Driver/src/stm32f4xx_gpio.o
 .ARM.attributes
                0x000001cd       0x39 StdPeriph_Driver/src/stm32f4xx_rcc.o
 .ARM.attributes
                0x00000206       0x39 StdPeriph_Driver/src/stm32f4xx_tim.o
 .ARM.attributes
                0x0000023f       0x34 c:/program files/ac6/systemworkbench/plugins/fr.ac6.mcu.externaltools.arm-none.win32_1.2.0.201505291716/tools/compiler/bin/../lib/gcc/arm-none-eabi/4.9.3/../../../../arm-none-eabi/lib/armv7e-m/fpu\libc.a(lib_a-impure.o)
 .ARM.attributes
                0x00000273       0x34 c:/program files/ac6/systemworkbench/plugins/fr.ac6.mcu.externaltools.arm-none.win32_1.2.0.201505291716/tools/compiler/bin/../lib/gcc/arm-none-eabi/4.9.3/../../../../arm-none-eabi/lib/armv7e-m/fpu\libc.a(lib_a-init.o)
 .ARM.attributes
                0x000002a7       0x34 c:/program files/ac6/systemworkbench/plugins/fr.ac6.mcu.externaltools.arm-none.win32_1.2.0.201505291716/tools/compiler/bin/../lib/gcc/arm-none-eabi/4.9.3/../../../../arm-none-eabi/lib/armv7e-m/fpu\libc.a(lib_a-__call_atexit.o)
 .ARM.attributes
                0x000002db       0x34 c:/program files/ac6/systemworkbench/plugins/fr.ac6.mcu.externaltools.arm-none.win32_1.2.0.201505291716/tools/compiler/bin/../lib/gcc/arm-none-eabi/4.9.3/../../../../arm-none-eabi/lib/armv7e-m/fpu\libc.a(lib_a-atexit.o)
 .ARM.attributes
                0x0000030f       0x34 c:/program files/ac6/systemworkbench/plugins/fr.ac6.mcu.externaltools.arm-none.win32_1.2.0.201505291716/tools/compiler/bin/../lib/gcc/arm-none-eabi/4.9.3/../../../../arm-none-eabi/lib/armv7e-m/fpu\libc.a(lib_a-fini.o)
 .ARM.attributes
                0x00000343       0x34 c:/program files/ac6/systemworkbench/plugins/fr.ac6.mcu.externaltools.arm-none.win32_1.2.0.201505291716/tools/compiler/bin/../lib/gcc/arm-none-eabi/4.9.3/../../../../arm-none-eabi/lib/armv7e-m/fpu\libc.a(lib_a-__atexit.o)
 .ARM.attributes
                0x00000377       0x22 c:/program files/ac6/systemworkbench/plugins/fr.ac6.mcu.externaltools.arm-none.win32_1.2.0.201505291716/tools/compiler/bin/../lib/gcc/arm-none-eabi/4.9.3/armv7e-m/fpu/crtn.o
OUTPUT(TIM_Pwm_STM32F4_Discovery.elf elf32-littlearm)

.debug_line     0x00000000     0x431e
 .debug_line    0x00000000       0x7b startup/startup_stm32f4xx.o
 .debug_line    0x0000007b      0x6b1 src/functions.o
 .debug_line    0x0000072c      0x6f6 src/main.o
 .debug_line    0x00000e22      0x740 src/stm32f4xx_it.o
 .debug_line    0x00001562      0x6c5 src/system_stm32f4xx.o
 .debug_line    0x00001c27      0x6a5 StdPeriph_Driver/src/misc.o
 .debug_line    0x000022cc      0x799 StdPeriph_Driver/src/stm32f4xx_gpio.o
 .debug_line    0x00002a65      0x9f8 StdPeriph_Driver/src/stm32f4xx_rcc.o
 .debug_line    0x0000345d      0xec1 StdPeriph_Driver/src/stm32f4xx_tim.o

.debug_info     0x00000000     0x47ae
 .debug_info    0x00000000       0x8a startup/startup_stm32f4xx.o
 .debug_info    0x0000008a      0x836 src/functions.o
 .debug_info    0x000008c0      0x196 src/main.o
 .debug_info    0x00000a56      0x3b1 src/stm32f4xx_it.o
 .debug_info    0x00000e07      0x59a src/system_stm32f4xx.o
 .debug_info    0x000013a1      0x545 StdPeriph_Driver/src/misc.o
 .debug_info    0x000018e6      0x60a StdPeriph_Driver/src/stm32f4xx_gpio.o
 .debug_info    0x00001ef0      0xc55 StdPeriph_Driver/src/stm32f4xx_rcc.o
 .debug_info    0x00002b45     0x1c69 StdPeriph_Driver/src/stm32f4xx_tim.o

.debug_abbrev   0x00000000      0xa89
 .debug_abbrev  0x00000000       0x12 startup/startup_stm32f4xx.o
 .debug_abbrev  0x00000012      0x113 src/functions.o
 .debug_abbrev  0x00000125       0xb6 src/main.o
 .debug_abbrev  0x000001db      0x10d src/stm32f4xx_it.o
 .debug_abbrev  0x000002e8      0x13b src/system_stm32f4xx.o
 .debug_abbrev  0x00000423      0x14a StdPeriph_Driver/src/misc.o
 .debug_abbrev  0x0000056d      0x1a8 StdPeriph_Driver/src/stm32f4xx_gpio.o
 .debug_abbrev  0x00000715      0x1e8 StdPeriph_Driver/src/stm32f4xx_rcc.o
 .debug_abbrev  0x000008fd      0x18c StdPeriph_Driver/src/stm32f4xx_tim.o

.debug_aranges  0x00000000      0x640
 .debug_aranges
                0x00000000       0x28 startup/startup_stm32f4xx.o
 .debug_aranges
                0x00000028       0x28 src/functions.o
 .debug_aranges
                0x00000050       0x20 src/main.o
 .debug_aranges
                0x00000070       0x68 src/stm32f4xx_it.o
 .debug_aranges
                0x000000d8       0x30 src/system_stm32f4xx.o
 .debug_aranges
                0x00000108       0x40 StdPeriph_Driver/src/misc.o
 .debug_aranges
                0x00000148       0x88 StdPeriph_Driver/src/stm32f4xx_gpio.o
 .debug_aranges
                0x000001d0      0x178 StdPeriph_Driver/src/stm32f4xx_rcc.o
 .debug_aranges
                0x00000348      0x2f8 StdPeriph_Driver/src/stm32f4xx_tim.o

.debug_ranges   0x00000000      0x5b8
 .debug_ranges  0x00000000       0x20 startup/startup_stm32f4xx.o
 .debug_ranges  0x00000020       0x18 src/functions.o
 .debug_ranges  0x00000038       0x10 src/main.o
 .debug_ranges  0x00000048       0x58 src/stm32f4xx_it.o
 .debug_ranges  0x000000a0       0x20 src/system_stm32f4xx.o
 .debug_ranges  0x000000c0       0x30 StdPeriph_Driver/src/misc.o
 .debug_ranges  0x000000f0       0x78 StdPeriph_Driver/src/stm32f4xx_gpio.o
 .debug_ranges  0x00000168      0x168 StdPeriph_Driver/src/stm32f4xx_rcc.o
 .debug_ranges  0x000002d0      0x2e8 StdPeriph_Driver/src/stm32f4xx_tim.o

.debug_macro    0x00000000     0xed6d
 .debug_macro   0x00000000      0x1a7 src/functions.o
 .debug_macro   0x000001a7      0x898 src/functions.o
 .debug_macro   0x00000a3f       0x63 src/functions.o
 .debug_macro   0x00000aa2       0x35 src/functions.o
 .debug_macro   0x00000ad7       0x22 src/functions.o
 .debug_macro   0x00000af9       0x44 src/functions.o
 .debug_macro   0x00000b3d       0x1c src/functions.o
 .debug_macro   0x00000b59      0x1f7 src/functions.o
 .debug_macro   0x00000d50       0x18 src/functions.o
 .debug_macro   0x00000d68       0x42 src/functions.o
 .debug_macro   0x00000daa      0x8cb src/functions.o
 .debug_macro   0x00001675     0x8057 src/functions.o
 .debug_macro   0x000096cc       0x16 src/functions.o
 .debug_macro   0x000096e2      0x44e src/functions.o
 .debug_macro   0x00009b30      0x3cf src/functions.o
 .debug_macro   0x00009eff      0x111 src/functions.o
 .debug_macro   0x0000a010      0x182 src/functions.o
 .debug_macro   0x0000a192       0xb2 src/functions.o
 .debug_macro   0x0000a244      0x146 src/functions.o
 .debug_macro   0x0000a38a      0x477 src/functions.o
 .debug_macro   0x0000a801       0xac src/functions.o
 .debug_macro   0x0000a8ad      0x241 src/functions.o
 .debug_macro   0x0000aaee      0x279 src/functions.o
 .debug_macro   0x0000ad67       0xb5 src/functions.o
 .debug_macro   0x0000ae1c      0x265 src/functions.o
 .debug_macro   0x0000b081      0x2b1 src/functions.o
 .debug_macro   0x0000b332       0x64 src/functions.o
 .debug_macro   0x0000b396       0xa6 src/functions.o
 .debug_macro   0x0000b43c      0x538 src/functions.o
 .debug_macro   0x0000b974       0x40 src/functions.o
 .debug_macro   0x0000b9b4      0x57a src/functions.o
 .debug_macro   0x0000bf2e      0x341 src/functions.o
 .debug_macro   0x0000c26f      0x36a src/functions.o
 .debug_macro   0x0000c5d9       0xdf src/functions.o
 .debug_macro   0x0000c6b8      0x73b src/functions.o
 .debug_macro   0x0000cdf3      0x220 src/functions.o
 .debug_macro   0x0000d013       0x34 src/functions.o
 .debug_macro   0x0000d047       0x7f src/functions.o
 .debug_macro   0x0000d0c6       0x35 src/functions.o
 .debug_macro   0x0000d0fb      0x1b0 src/main.o
 .debug_macro   0x0000d2ab       0x88 src/main.o
 .debug_macro   0x0000d333      0x1b1 src/stm32f4xx_it.o
 .debug_macro   0x0000d4e4      0x1ce src/system_stm32f4xx.o
 .debug_macro   0x0000d6b2      0x1ad StdPeriph_Driver/src/misc.o
 .debug_macro   0x0000d85f       0x79 StdPeriph_Driver/src/misc.o
 .debug_macro   0x0000d8d8      0x1ab StdPeriph_Driver/src/stm32f4xx_gpio.o
 .debug_macro   0x0000da83      0x25f StdPeriph_Driver/src/stm32f4xx_gpio.o
 .debug_macro   0x0000dce2      0x24f StdPeriph_Driver/src/stm32f4xx_rcc.o
 .debug_macro   0x0000df31      0x532 StdPeriph_Driver/src/stm32f4xx_rcc.o
 .debug_macro   0x0000e463      0x1d5 StdPeriph_Driver/src/stm32f4xx_tim.o
 .debug_macro   0x0000e638      0x735 StdPeriph_Driver/src/stm32f4xx_tim.o

.debug_str      0x00000000    0x57f4e
 .debug_str     0x00000000    0x561fc src/functions.o
                              0x563a9 (size before relaxing)
 .debug_str     0x000561fc      0x2b7 src/main.o
                              0x55cd3 (size before relaxing)
 .debug_str     0x000564b3       0xce src/stm32f4xx_it.o
                              0x55bd9 (size before relaxing)
 .debug_str     0x00056581      0x207 src/system_stm32f4xx.o
                              0x55c99 (size before relaxing)
 .debug_str     0x00056788      0x173 StdPeriph_Driver/src/misc.o
                              0x55ca3 (size before relaxing)
 .debug_str     0x000568fb      0x18c StdPeriph_Driver/src/stm32f4xx_gpio.o
                              0x55d4e (size before relaxing)
 .debug_str     0x00056a87      0xa23 StdPeriph_Driver/src/stm32f4xx_rcc.o
                              0x565cf (size before relaxing)
 .debug_str     0x000574aa      0xaa4 StdPeriph_Driver/src/stm32f4xx_tim.o
                              0x56742 (size before relaxing)

.comment        0x00000000       0x70
 .comment       0x00000000       0x70 src/functions.o
                                 0x71 (size before relaxing)
 .comment       0x00000000       0x71 src/main.o
 .comment       0x00000000       0x71 src/stm32f4xx_it.o
 .comment       0x00000000       0x71 src/system_stm32f4xx.o
 .comment       0x00000000       0x71 StdPeriph_Driver/src/misc.o
 .comment       0x00000000       0x71 StdPeriph_Driver/src/stm32f4xx_gpio.o
 .comment       0x00000000       0x71 StdPeriph_Driver/src/stm32f4xx_rcc.o
 .comment       0x00000000       0x71 StdPeriph_Driver/src/stm32f4xx_tim.o

.debug_frame    0x00000000     0x1b6c
 .debug_frame   0x00000000       0x58 src/functions.o
 .debug_frame   0x00000058       0x2c src/main.o
 .debug_frame   0x00000084      0x12c src/stm32f4xx_it.o
 .debug_frame   0x000001b0       0x7c src/system_stm32f4xx.o
 .debug_frame   0x0000022c       0xd8 StdPeriph_Driver/src/misc.o
 .debug_frame   0x00000304      0x23c StdPeriph_Driver/src/stm32f4xx_gpio.o
 .debug_frame   0x00000540      0x6d4 StdPeriph_Driver/src/stm32f4xx_rcc.o
 .debug_frame   0x00000c14      0xe54 StdPeriph_Driver/src/stm32f4xx_tim.o
 .debug_frame   0x00001a68       0x2c c:/program files/ac6/systemworkbench/plugins/fr.ac6.mcu.externaltools.arm-none.win32_1.2.0.201505291716/tools/compiler/bin/../lib/gcc/arm-none-eabi/4.9.3/../../../../arm-none-eabi/lib/armv7e-m/fpu\libc.a(lib_a-init.o)
 .debug_frame   0x00001a94       0x50 c:/program files/ac6/systemworkbench/plugins/fr.ac6.mcu.externaltools.arm-none.win32_1.2.0.201505291716/tools/compiler/bin/../lib/gcc/arm-none-eabi/4.9.3/../../../../arm-none-eabi/lib/armv7e-m/fpu\libc.a(lib_a-__call_atexit.o)
 .debug_frame   0x00001ae4       0x20 c:/program files/ac6/systemworkbench/plugins/fr.ac6.mcu.externaltools.arm-none.win32_1.2.0.201505291716/tools/compiler/bin/../lib/gcc/arm-none-eabi/4.9.3/../../../../arm-none-eabi/lib/armv7e-m/fpu\libc.a(lib_a-atexit.o)
 .debug_frame   0x00001b04       0x34 c:/program files/ac6/systemworkbench/plugins/fr.ac6.mcu.externaltools.arm-none.win32_1.2.0.201505291716/tools/compiler/bin/../lib/gcc/arm-none-eabi/4.9.3/../../../../arm-none-eabi/lib/armv7e-m/fpu\libc.a(lib_a-fini.o)
 .debug_frame   0x00001b38       0x34 c:/program files/ac6/systemworkbench/plugins/fr.ac6.mcu.externaltools.arm-none.win32_1.2.0.201505291716/tools/compiler/bin/../lib/gcc/arm-none-eabi/4.9.3/../../../../arm-none-eabi/lib/armv7e-m/fpu\libc.a(lib_a-__atexit.o)
